Component: ARM Compiler 5.05 update 2 (build 169) Tool: armlink [4d0f33]

==============================================================================

Section Cross References

    fatfs.o(i.MX_FATFS_Init) refers to ff_gen_drv.o(i.FATFS_LinkDriver) for FATFS_LinkDriver
    fatfs.o(i.MX_FATFS_Init) refers to fatfs.o(.data) for .data
    fatfs.o(i.MX_FATFS_Init) refers to sd_diskio.o(.data) for SD_Driver
    fatfs.o(i.MX_FATFS_Init) refers to user_diskio.o(.data) for USER_Driver
    fatfs.o(.ARM.exidx) refers to fatfs.o(i.MX_FATFS_Init) for i.MX_FATFS_Init
    user_diskio.o(i._Z11USER_statusv) refers to user_diskio.o(.data) for .data
    user_diskio.o(i._Z15USER_initializev) refers to user_diskio.o(.data) for .data
    user_diskio.o(.ARM.exidx) refers to user_diskio.o(i._Z15USER_initializev) for i._Z15USER_initializev
    user_diskio.o(.ARM.exidx) refers to user_diskio.o(i._Z11USER_statusv) for i._Z11USER_statusv
    user_diskio.o(.ARM.exidx) refers to user_diskio.o(i._Z9USER_readPhmj) for i._Z9USER_readPhmj
    user_diskio.o(.ARM.exidx) refers to user_diskio.o(i._Z10USER_writePKhmj) for i._Z10USER_writePKhmj
    user_diskio.o(.ARM.exidx) refers to user_diskio.o(i._Z10USER_ioctlhPv) for i._Z10USER_ioctlhPv
    user_diskio.o(.data) refers to user_diskio.o(i._Z15USER_initializev) for USER_initialize()
    user_diskio.o(.data) refers to user_diskio.o(i._Z11USER_statusv) for USER_status()
    user_diskio.o(.data) refers to user_diskio.o(i._Z9USER_readPhmj) for USER_read(unsigned char*, unsigned long, unsigned)
    user_diskio.o(.data) refers to user_diskio.o(i._Z10USER_writePKhmj) for USER_write(const unsigned char*, unsigned long, unsigned)
    user_diskio.o(.data) refers to user_diskio.o(i._Z10USER_ioctlhPv) for USER_ioctl(unsigned char, void*)
    stm32f4xx_it.o(i.SysTick_Handler) refers to stm32f4xx_hal.o(i.HAL_IncTick) for HAL_IncTick
    stm32f4xx_it.o(i.SysTick_Handler) refers to stm32f4xx_hal_cortex.o(i.HAL_SYSTICK_IRQHandler) for HAL_SYSTICK_IRQHandler
    stm32f4xx_it.o(.ARM.exidx) refers to stm32f4xx_it.o(i.SysTick_Handler) for i.SysTick_Handler
    stm32f4xx_hal_msp.o(i.HAL_MspInit) refers to stm32f4xx_hal_cortex.o(i.HAL_NVIC_SetPriorityGrouping) for HAL_NVIC_SetPriorityGrouping
    stm32f4xx_hal_msp.o(i.HAL_MspInit) refers to stm32f4xx_hal_cortex.o(i.HAL_NVIC_SetPriority) for HAL_NVIC_SetPriority
    stm32f4xx_hal_msp.o(i.HAL_SD_MspDeInit) refers to stm32f4xx_hal_gpio.o(i.HAL_GPIO_DeInit) for HAL_GPIO_DeInit
    stm32f4xx_hal_msp.o(i.HAL_SD_MspInit) refers to stm32f4xx_hal_gpio.o(i.HAL_GPIO_Init) for HAL_GPIO_Init
    stm32f4xx_hal_msp.o(i.HAL_SPI_MspDeInit) refers to stm32f4xx_hal_gpio.o(i.HAL_GPIO_DeInit) for HAL_GPIO_DeInit
    stm32f4xx_hal_msp.o(i.HAL_SPI_MspInit) refers to stm32f4xx_hal_gpio.o(i.HAL_GPIO_Init) for HAL_GPIO_Init
    stm32f4xx_hal_msp.o(.ARM.exidx) refers to stm32f4xx_hal_msp.o(i.HAL_MspInit) for i.HAL_MspInit
    stm32f4xx_hal_msp.o(.ARM.exidx) refers to stm32f4xx_hal_msp.o(i.HAL_SD_MspInit) for i.HAL_SD_MspInit
    stm32f4xx_hal_msp.o(.ARM.exidx) refers to stm32f4xx_hal_msp.o(i.HAL_SD_MspDeInit) for i.HAL_SD_MspDeInit
    stm32f4xx_hal_msp.o(.ARM.exidx) refers to stm32f4xx_hal_msp.o(i.HAL_SPI_MspInit) for i.HAL_SPI_MspInit
    stm32f4xx_hal_msp.o(.ARM.exidx) refers to stm32f4xx_hal_msp.o(i.HAL_SPI_MspDeInit) for i.HAL_SPI_MspDeInit
    bsp_driver_sd.o(i.BSP_SD_DMA_Rx_IRQHandler) refers to stm32f4xx_hal_dma.o(i.HAL_DMA_IRQHandler) for HAL_DMA_IRQHandler
    bsp_driver_sd.o(i.BSP_SD_DMA_Rx_IRQHandler) refers to main.o(.bss) for hsd
    bsp_driver_sd.o(i.BSP_SD_DMA_Tx_IRQHandler) refers to stm32f4xx_hal_dma.o(i.HAL_DMA_IRQHandler) for HAL_DMA_IRQHandler
    bsp_driver_sd.o(i.BSP_SD_DMA_Tx_IRQHandler) refers to main.o(.bss) for hsd
    bsp_driver_sd.o(i.BSP_SD_Erase) refers to stm32f4xx_hal_sd.o(i.HAL_SD_Erase) for HAL_SD_Erase
    bsp_driver_sd.o(i.BSP_SD_Erase) refers to main.o(.bss) for hsd
    bsp_driver_sd.o(i.BSP_SD_GetCardInfo) refers to stm32f4xx_hal_sd.o(i.HAL_SD_Get_CardInfo) for HAL_SD_Get_CardInfo
    bsp_driver_sd.o(i.BSP_SD_GetCardInfo) refers to main.o(.bss) for hsd
    bsp_driver_sd.o(i.BSP_SD_GetStatus) refers to stm32f4xx_hal_sd.o(i.HAL_SD_GetStatus) for HAL_SD_GetStatus
    bsp_driver_sd.o(i.BSP_SD_GetStatus) refers to main.o(.bss) for hsd
    bsp_driver_sd.o(i.BSP_SD_IRQHandler) refers to stm32f4xx_hal_sd.o(i.HAL_SD_IRQHandler) for HAL_SD_IRQHandler
    bsp_driver_sd.o(i.BSP_SD_IRQHandler) refers to main.o(.bss) for hsd
    bsp_driver_sd.o(i.BSP_SD_Init) refers to stm32f4xx_hal_sd.o(i.HAL_SD_Init) for HAL_SD_Init
    bsp_driver_sd.o(i.BSP_SD_Init) refers to main.o(.bss) for SDCardInfo
    bsp_driver_sd.o(i.BSP_SD_Init) refers to main.o(.bss) for hsd
    bsp_driver_sd.o(i.BSP_SD_ReadBlocks) refers to stm32f4xx_hal_sd.o(i.HAL_SD_ReadBlocks) for HAL_SD_ReadBlocks
    bsp_driver_sd.o(i.BSP_SD_ReadBlocks) refers to main.o(.bss) for hsd
[...]
    Removing daq.o(i._ZN3Daq5getFsEv), (4 bytes).
    Removing daq.o(i._ZN3Daq7getChanEv), (4 bytes).
    Removing daq.o(.ARM.exidx), (8 bytes).
    Removing daq.o(.ARM.exidx), (8 bytes).
    Removing daqads1298.o(.rev16_text), (4 bytes).
    Removing daqads1298.o(.revsh_text), (4 bytes).
    Removing daqads1298.o(.rrx_text), (6 bytes).
    Removing daqads1298.o(i._ZN10DaqADS129810getDrdyPinEv), (4 bytes).
    Removing daqads1298.o(i._ZN10DaqADS129810getMisoPinEv), (4 bytes).
    Removing daqads1298.o(i._ZN10DaqADS129810getMosiPinEv), (4 bytes).
    Removing daqads1298.o(i._ZN10DaqADS129810getSclkPinEv), (4 bytes).
    Removing daqads1298.o(i._ZN10DaqADS129812setFsFromCfgEv), (2 bytes).
    Removing daqads1298.o(i._ZN10DaqADS12985setupEv), (388 bytes).
    Removing daqads1298.o(i._ZN10DaqADS12987getDataEv), (4 bytes).
    Removing daqads1298.o(i._ZN10DaqADS12987getFclkEv), (6 bytes).
    Removing daqads1298.o(i._ZN10DaqADS12987readRegEh), (2 bytes).
    Removing daqads1298.o(i._ZN10DaqADS12987sendCmdEh), (2 bytes).
    Removing daqads1298.o(i._ZN10DaqADS12988writeRegEhh), (2 bytes).
    Removing daqads1298.o(i._ZN10DaqADS12989getNbytesEv), (4 bytes).
    Removing daqads1298.o(i._ZN10DaqADS12989getNchansEv), (4 bytes).
    Removing daqads1298.o(i._ZN10DaqADS12989printRegsEv), (2 bytes).
    Removing daqads1298.o(i._ZN10DaqADS1298C1Ev), (12 bytes).
    Removing daqads1298.o(.ARM.exidx), (8 bytes).
    Removing daqads1298.o(.ARM.exidx), (8 bytes).
    Removing daqads1298.o(.ARM.exidx), (8 bytes).
    Removing daqads1298.o(.ARM.exidx), (8 bytes).
    Removing daqads1298.o(.ARM.exidx), (8 bytes).
    Removing daqads1298.o(.ARM.exidx), (8 bytes).
    Removing daqads1298.o(.ARM.exidx), (8 bytes).
    Removing daqads1298.o(.ARM.exidx), (8 bytes).
    Removing daqads1298.o(.ARM.exidx), (8 bytes).
    Removing daqads1298.o(.ARM.exidx), (8 bytes).
    Removing daqads1298.o(.ARM.exidx), (8 bytes).
    Removing daqads1298.o(.ARM.exidx), (8 bytes).
    Removing daqads1298.o(.ARM.exidx), (8 bytes).
    Removing daqads1298.o(.ARM.exidx), (8 bytes).
    Removing daqads1298.o(.ARM.exidx), (8 bytes).
    Removing daqads1298.o(.data), (2 bytes).
    Removing startup_stm32f411xe.o(HEAP), (512 bytes).
    Removing syscall.o(.rev16_text), (4 bytes).
    Removing syscall.o(.revsh_text), (4 bytes).
    Removing syscall.o(.rrx_text), (6 bytes).
    Removing syscall.o(i.ff_memalloc), (4 bytes).
    Removing syscall.o(i.ff_memfree), (4 bytes).
    Removing syscall.o(.ARM.exidx), (8 bytes).
    Removing syscall.o(.ARM.exidx), (8 bytes).
    Removing sd_diskio.o(.rev16_text), (4 bytes).
    Removing sd_diskio.o(.revsh_text), (4 bytes).
    Removing sd_diskio.o(.rrx_text), (6 bytes).
    Removing sd_diskio.o(.ARM.exidx), (8 bytes).
    Removing sd_diskio.o(.ARM.exidx), (8 bytes).
    Removing sd_diskio.o(.ARM.exidx), (8 bytes).
    Removing sd_diskio.o(.ARM.exidx), (8 bytes).
    Removing sd_diskio.o(.ARM.exidx), (8 bytes).
    Removing ff.o(.rev16_text), (4 bytes).
    Removing ff.o(.revsh_text), (4 bytes).
    Removing ff.o(.rrx_text), (6 bytes).
    Removing ff.o(i.check_fs), (96 bytes).
    Removing ff.o(i.chk_chr), (16 bytes).
    Removing ff.o(i.chk_lock), (108 bytes).
    Removing ff.o(i.clear_lock), (36 bytes).
    Removing ff.o(i.clmt_clust), (42 bytes).
    Removing ff.o(i.clust2sect), (30 bytes).
    Removing ff.o(i.create_chain), (176 bytes).
    Removing ff.o(i.create_name), (516 bytes).
    Removing ff.o(i.dec_lock), (60 bytes).
    Removing ff.o(i.dir_find), (324 bytes).
    Removing ff.o(i.dir_next), (286 bytes).
    Removing ff.o(i.dir_read), (264 bytes).
    Removing ff.o(i.dir_register), (464 bytes).
    Removing ff.o(i.dir_remove), (114 bytes).
    Removing ff.o(i.dir_sdi), (152 bytes).
    Removing ff.o(i.f_chmod), (112 bytes).
    Removing ff.o(i.f_close), (42 bytes).
    Removing ff.o(i.f_closedir), (36 bytes).
    Removing ff.o(i.f_getfree), (200 bytes).
    Removing ff.o(i.f_gets), (72 bytes).
    Removing ff.o(i.f_lseek), (644 bytes).
    Removing ff.o(i.f_mkdir), (386 bytes).
    Removing ff.o(i.f_mkfs), (1322 bytes).
    Removing ff.o(i.f_mount), (92 bytes).
    Removing ff.o(i.f_open), (464 bytes).
    Removing ff.o(i.f_opendir), (176 bytes).
    Removing ff.o(i.f_printf), (490 bytes).
    Removing ff.o(i.f_putc), (60 bytes).
    Removing ff.o(i.f_puts), (70 bytes).
    Removing ff.o(i.f_read), (396 bytes).
    Removing ff.o(i.f_readdir), (122 bytes).
    Removing ff.o(i.f_rename), (360 bytes).
    Removing ff.o(i.f_stat), (90 bytes).
    Removing ff.o(i.f_sync), (184 bytes).
    Removing ff.o(i.f_truncate), (216 bytes).
    Removing ff.o(i.f_unlink), (214 bytes).
    Removing ff.o(i.f_utime), (116 bytes).
    Removing ff.o(i.f_write), (470 bytes).
    Removing ff.o(i.find_volume), (600 bytes).
    Removing ff.o(i.follow_path), (114 bytes).
    Removing ff.o(i.gen_numname), (128 bytes).
    Removing ff.o(i.get_fat), (184 bytes).
    Removing ff.o(i.get_fileinfo), (196 bytes).
    Removing ff.o(i.get_ldnumber), (60 bytes).
    Removing ff.o(i.inc_lock), (160 bytes).
    Removing ff.o(i.ld_clust), (20 bytes).
    Removing ff.o(i.mem_cpy), (18 bytes).
    Removing ff.o(i.mem_set), (14 bytes).
    Removing ff.o(i.move_window), (50 bytes).
    Removing ff.o(i.put_fat), (254 bytes).
    Removing ff.o(i.putc_bfd), (70 bytes).
    Removing ff.o(i.remove_chain), (110 bytes).
    Removing ff.o(i.st_clust), (16 bytes).
    Removing ff.o(i.sum_sfn), (26 bytes).
    Removing ff.o(i.sync_fs), (182 bytes).
    Removing ff.o(i.sync_window), (90 bytes).
    Removing ff.o(i.validate), (48 bytes).
    Removing ff.o(.bss), (24 bytes).
    Removing ff.o(.constdata), (186 bytes).
    Removing ff.o(.data), (12 bytes).
    Removing diskio.o(.rev16_text), (4 bytes).
    Removing diskio.o(.revsh_text), (4 bytes).
    Removing diskio.o(.rrx_text), (6 bytes).
    Removing diskio.o(i.disk_initialize), (36 bytes).
    Removing diskio.o(i.disk_ioctl), (28 bytes).
    Removing diskio.o(i.disk_read), (32 bytes).
    Removing diskio.o(i.disk_status), (16 bytes).
    Removing diskio.o(i.disk_write), (32 bytes).
    Removing diskio.o(i.get_fattime), (4 bytes).
    Removing diskio.o(.ARM.exidx), (8 bytes).
    Removing diskio.o(.ARM.exidx), (8 bytes).
    Removing diskio.o(.ARM.exidx), (8 bytes).
    Removing diskio.o(.ARM.exidx), (8 bytes).
    Removing diskio.o(.ARM.exidx), (8 bytes).
    Removing diskio.o(.ARM.exidx), (8 bytes).
    Removing ff_gen_drv.o(.rev16_text), (4 bytes).
    Removing ff_gen_drv.o(.revsh_text), (4 bytes).
    Removing ff_gen_drv.o(.rrx_text), (6 bytes).
    Removing ff_gen_drv.o(i.FATFS_GetAttachedDriversNbr), (12 bytes).
    Removing ff_gen_drv.o(i.FATFS_UnLinkDriver), (48 bytes).
    Removing ff_gen_drv.o(.ARM.exidx), (8 bytes).
    Removing ff_gen_drv.o(.ARM.exidx), (8 bytes).
    Removing ff_gen_drv.o(.ARM.exidx), (8 bytes).
    Removing ccsbcs.o(.rev16_text), (4 bytes).
    Removing ccsbcs.o(.revsh_text), (4 bytes).
    Removing ccsbcs.o(.rrx_text), (6 bytes).
    Removing ccsbcs.o(i.ff_convert), (56 bytes).
    Removing ccsbcs.o(i.ff_wtoupper), (36 bytes).
    Removing ccsbcs.o(.ARM.exidx), (8 bytes).
    Removing ccsbcs.o(.ARM.exidx), (8 bytes).
    Removing ccsbcs.o(.constdata), (1216 bytes).
    Removing system_stm32f4xx.o(.rev16_text), (4 bytes).
    Removing system_stm32f4xx.o(.revsh_text), (4 bytes).
    Removing system_stm32f4xx.o(.rrx_text), (6 bytes).
    Removing system_stm32f4xx.o(i.SystemCoreClockUpdate), (124 bytes).
    Removing system_stm32f4xx.o(.ARM.exidx), (8 bytes).
    Removing system_stm32f4xx.o(.ARM.exidx), (8 bytes).
    Removing system_stm32f4xx.o(.constdata), (16 bytes).
    Removing stm32f4xx_hal_dma.o(.rev16_text), (4 bytes).
    Removing stm32f4xx_hal_dma.o(.revsh_text), (4 bytes).
    Removing stm32f4xx_hal_dma.o(.rrx_text), (6 bytes).
    Removing stm32f4xx_hal_dma.o(i.HAL_DMA_Abort), (84 bytes).
    Removing stm32f4xx_hal_dma.o(i.HAL_DMA_DeInit), (2508 bytes).
    Removing stm32f4xx_hal_dma.o(i.HAL_DMA_GetError), (4 bytes).
    Removing stm32f4xx_hal_dma.o(i.HAL_DMA_GetState), (6 bytes).
    Removing stm32f4xx_hal_dma.o(i.HAL_DMA_IRQHandler), (3948 bytes).
    Removing stm32f4xx_hal_dma.o(i.HAL_DMA_Init), (112 bytes).
    Removing stm32f4xx_hal_dma.o(i.HAL_DMA_PollForTransfer), (4748 bytes).
    Removing stm32f4xx_hal_dma.o(i.HAL_DMA_Start), (58 bytes).
    Removing stm32f4xx_hal_dma.o(i.HAL_DMA_Start_IT), (108 bytes).
    Removing stm32f4xx_hal_dma.o(i._Z13DMA_SetConfigP19__DMA_HandleTypeDefjjj), (40 bytes).
    Removing stm32f4xx_hal_dma.o(.ARM.exidx), (8 bytes).
    Removing stm32f4xx_hal_dma.o(.ARM.exidx), (8 bytes).
    Removing stm32f4xx_hal_dma.o(.ARM.exidx), (8 bytes).
    Removing stm32f4xx_hal_dma.o(.ARM.exidx), (8 bytes).
    Removing stm32f4xx_hal_dma.o(.ARM.exidx), (8 bytes).
    Removing stm32f4xx_hal_dma.o(.ARM.exidx), (8 bytes).
    Removing stm32f4xx_hal_dma.o(.ARM.exidx), (8 bytes).
    Removing stm32f4xx_hal_dma.o(.ARM.exidx), (8 bytes).
    Removing stm32f4xx_hal_dma.o(.ARM.exidx), (8 bytes).
    Removing stm32f4xx_hal_dma.o(.ARM.exidx), (8 bytes).
    Removing stm32f4xx_hal_cortex.o(.rev16_text), (4 bytes).
    Removing stm32f4xx_hal_cortex.o(.revsh_text), (4 bytes).
    Removing stm32f4xx_hal_cortex.o(.rrx_text), (6 bytes).
    Removing stm32f4xx_hal_cortex.o(i.HAL_NVIC_ClearPendingIRQ), (22 bytes).
    Removing stm32f4xx_hal_cortex.o(i.HAL_NVIC_DisableIRQ), (22 bytes).
    Removing stm32f4xx_hal_cortex.o(i.HAL_NVIC_EnableIRQ), (22 bytes).
    Removing stm32f4xx_hal_cortex.o(i.HAL_NVIC_GetActive), (32 bytes).
    Removing stm32f4xx_hal_cortex.o(i.HAL_NVIC_GetPendingIRQ), (32 bytes).
    Removing stm32f4xx_hal_cortex.o(i.HAL_NVIC_GetPriority), (82 bytes).
    Removing stm32f4xx_hal_cortex.o(i.HAL_NVIC_GetPriorityGrouping), (16 bytes).
    Removing stm32f4xx_hal_cortex.o(i.HAL_NVIC_SetPendingIRQ), (22 bytes).
    Removing stm32f4xx_hal_cortex.o(i.HAL_NVIC_SystemReset), (32 bytes).
    Removing stm32f4xx_hal_cortex.o(.ARM.exidx), (8 bytes).
    Removing stm32f4xx_hal_cortex.o(.ARM.exidx), (8 bytes).
    Removing stm32f4xx_hal_cortex.o(.ARM.exidx), (8 bytes).
    Removing stm32f4xx_hal_cortex.o(.ARM.exidx), (8 bytes).
    Removing stm32f4xx_hal_cortex.o(.ARM.exidx), (8 bytes).
    Removing stm32f4xx_hal_cortex.o(.ARM.exidx), (8 bytes).
    Removing stm32f4xx_hal_cortex.o(.ARM.exidx), (8 bytes).
    Removing stm32f4xx_hal_cortex.o(.ARM.exidx), (8 bytes).
    Removing stm32f4xx_hal_cortex.o(.ARM.exidx), (8 bytes).
    Removing stm32f4xx_hal_cortex.o(.ARM.exidx), (8 bytes).
    Removing stm32f4xx_hal_cortex.o(.ARM.exidx), (8 bytes).
    Removing stm32f4xx_hal_cortex.o(.ARM.exidx), (8 bytes).
    Removing stm32f4xx_hal_cortex.o(.ARM.exidx), (8 bytes).
    Removing stm32f4xx_hal_cortex.o(.ARM.exidx), (8 bytes).
    Removing stm32f4xx_hal_cortex.o(.ARM.exidx), (8 bytes).
    Removing stm32f4xx_hal_cortex.o(.ARM.exidx), (8 bytes).
    Removing stm32f4xx_hal_dma_ex.o(.rev16_text), (4 bytes).
    Removing stm32f4xx_hal_dma_ex.o(.revsh_text), (4 bytes).
    Removing stm32f4xx_hal_dma_ex.o(.rrx_text), (6 bytes).
    Removing stm32f4xx_hal_dma_ex.o(i.HAL_DMAEx_ChangeMemory), (14 bytes).
    Removing stm32f4xx_hal_dma_ex.o(i.HAL_DMAEx_MultiBufferStart), (92 bytes).
    Removing stm32f4xx_hal_dma_ex.o(i.HAL_DMAEx_MultiBufferStart_IT), (142 bytes).
    Removing stm32f4xx_hal_dma_ex.o(i._Z24DMA_MultiBufferSetConfigP19__DMA_HandleTypeDefjjj), (30 bytes).
    Removing stm32f4xx_hal_dma_ex.o(.ARM.exidx), (8 bytes).
    Removing stm32f4xx_hal_dma_ex.o(.ARM.exidx), (8 bytes).
    Removing stm32f4xx_hal_dma_ex.o(.ARM.exidx), (8 bytes).
    Removing stm32f4xx_hal_dma_ex.o(.ARM.exidx), (8 bytes).
    Removing stm32f4xx_hal_sd.o(.rev16_text), (4 bytes).
    Removing stm32f4xx_hal_sd.o(.revsh_text), (4 bytes).
    Removing stm32f4xx_hal_sd.o(.rrx_text), (6 bytes).
    Removing stm32f4xx_hal_sd.o(i.HAL_SD_CheckReadOperation), (94 bytes).
    Removing stm32f4xx_hal_sd.o(i.HAL_SD_CheckWriteOperation), (108 bytes).
    Removing stm32f4xx_hal_sd.o(i.HAL_SD_DMA_RxCpltCallback), (2 bytes).
    Removing stm32f4xx_hal_sd.o(i.HAL_SD_DMA_RxErrorCallback), (2 bytes).
    Removing stm32f4xx_hal_sd.o(i.HAL_SD_DMA_TxCpltCallback), (2 bytes).
    Removing stm32f4xx_hal_sd.o(i.HAL_SD_DMA_TxErrorCallback), (2 bytes).
    Removing stm32f4xx_hal_sd.o(i.HAL_SD_DeInit), (20 bytes).
    Removing stm32f4xx_hal_sd.o(i.HAL_SD_Erase), (248 bytes).
    Removing stm32f4xx_hal_sd.o(i.HAL_SD_GetCardStatus), (114 bytes).
    Removing stm32f4xx_hal_sd.o(i.HAL_SD_HighSpeed), (304 bytes).
    Removing stm32f4xx_hal_sd.o(i.HAL_SD_IRQHandler), (124 bytes).
    Removing stm32f4xx_hal_sd.o(i.HAL_SD_MspDeInit), (2 bytes).
    Removing stm32f4xx_hal_sd.o(i.HAL_SD_MspInit), (2 bytes).
    Removing stm32f4xx_hal_sd.o(i.HAL_SD_ReadBlocks_DMA), (240 bytes).
    Removing stm32f4xx_hal_sd.o(i.HAL_SD_SendSDStatus), (296 bytes).
    Removing stm32f4xx_hal_sd.o(i.HAL_SD_WideBusOperation_Config), (94 bytes).
    Removing stm32f4xx_hal_sd.o(i.HAL_SD_WriteBlocks_DMA), (244 bytes).
    Removing stm32f4xx_hal_sd.o(i.HAL_SD_XferCpltCallback), (2 bytes).
    Removing stm32f4xx_hal_sd.o(i.HAL_SD_XferErrorCallback), (2 bytes).
    Removing stm32f4xx_hal_sd.o(i._Z10SD_FindSCRP16SD_HandleTypeDefPj), (266 bytes).
    Removing stm32f4xx_hal_sd.o(i._Z13SD_DMA_RxCpltP19__DMA_HandleTypeDef), (26 bytes).
    Removing stm32f4xx_hal_sd.o(i._Z13SD_DMA_TxCpltP19__DMA_HandleTypeDef), (26 bytes).
    Removing stm32f4xx_hal_sd.o(i._Z14SD_DMA_RxErrorP19__DMA_HandleTypeDef), (12 bytes).
    Removing stm32f4xx_hal_sd.o(i._Z14SD_DMA_TxErrorP19__DMA_HandleTypeDef), (12 bytes).
    Removing stm32f4xx_hal_sd.o(i._Z17SD_WideBus_EnableP16SD_HandleTypeDef), (116 bytes).
    Removing stm32f4xx_hal_sd.o(i._Z18SD_WideBus_DisableP16SD_HandleTypeDef), (114 bytes).
    Removing stm32f4xx_hal_sd.o(.ARM.exidx), (8 bytes).
    Removing stm32f4xx_hal_sd.o(.ARM.exidx), (8 bytes).
    Removing stm32f4xx_hal_sd.o(.ARM.exidx), (8 bytes).
    Removing stm32f4xx_hal_sd.o(.ARM.exidx), (8 bytes).
    Removing stm32f4xx_hal_sd.o(.ARM.exidx), (8 bytes).
    Removing stm32f4xx_hal_sd.o(.ARM.exidx), (8 bytes).
    Removing stm32f4xx_hal_sd.o(.ARM.exidx), (8 bytes).
    Removing stm32f4xx_hal_sd.o(.ARM.exidx), (8 bytes).
    Removing stm32f4xx_hal_sd.o(.ARM.exidx), (8 bytes).
    Removing stm32f4xx_hal_sd.o(.ARM.exidx), (8 bytes).
    Removing stm32f4xx_hal_sd.o(.ARM.exidx), (8 bytes).
    Removing stm32f4xx_hal_sd.o(.ARM.exidx), (8 bytes).
    Removing stm32f4xx_hal_sd.o(.ARM.exidx), (8 bytes).
    Removing stm32f4xx_hal_sd.o(.ARM.exidx), (8 bytes).
    Removing stm32f4xx_hal_sd.o(.ARM.exidx), (8 bytes).
    Removing stm32f4xx_hal_sd.o(.ARM.exidx), (8 bytes).
    Removing stm32f4xx_hal_sd.o(.ARM.exidx), (8 bytes).
    Removing stm32f4xx_hal_sd.o(.ARM.exidx), (8 bytes).
    Removing stm32f4xx_hal_sd.o(.ARM.exidx), (8 bytes).
    Removing stm32f4xx_hal_sd.o(.ARM.exidx), (8 bytes).
    Removing stm32f4xx_hal_sd.o(.ARM.exidx), (8 bytes).
    Removing stm32f4xx_hal_sd.o(.ARM.exidx), (8 bytes).
    Removing stm32f4xx_hal_sd.o(.ARM.exidx), (8 bytes).
    Removing stm32f4xx_hal_sd.o(.ARM.exidx), (8 bytes).
    Removing stm32f4xx_hal_sd.o(.ARM.exidx), (8 bytes).
    Removing stm32f4xx_hal_sd.o(.ARM.exidx), (8 bytes).
    Removing stm32f4xx_hal_sd.o(.ARM.exidx), (8 bytes).
    Removing stm32f4xx_hal_sd.o(.ARM.exidx), (8 bytes).
    Removing stm32f4xx_hal_sd.o(.ARM.exidx), (8 bytes).
    Removing stm32f4xx_hal_sd.o(.ARM.exidx), (8 bytes).
    Removing stm32f4xx_hal_sd.o(.ARM.exidx), (8 bytes).
    Removing stm32f4xx_hal_sd.o(.ARM.exidx), (8 bytes).
    Removing stm32f4xx_hal_sd.o(.ARM.exidx), (8 bytes).
    Removing stm32f4xx_hal_sd.o(.ARM.exidx), (8 bytes).
    Removing stm32f4xx_hal_sd.o(.ARM.exidx), (8 bytes).
    Removing stm32f4xx_hal_sd.o(.ARM.exidx), (8 bytes).
    Removing stm32f4xx_hal_sd.o(.ARM.exidx), (8 bytes).
    Removing stm32f4xx_hal_sd.o(.ARM.exidx), (8 bytes).
    Removing stm32f4xx_hal_sd.o(.ARM.exidx), (8 bytes).
    Removing stm32f4xx_hal_pwr.o(.rev16_text), (4 bytes).
    Removing stm32f4xx_hal_pwr.o(.revsh_text), (4 bytes).
    Removing stm32f4xx_hal_pwr.o(.rrx_text), (6 bytes).
    Removing stm32f4xx_hal_pwr.o(i.HAL_PWR_ConfigPVD), (124 bytes).
    Removing stm32f4xx_hal_pwr.o(i.HAL_PWR_DeInit), (24 bytes).
    Removing stm32f4xx_hal_pwr.o(i.HAL_PWR_DisableBkUpAccess), (28 bytes).
    Removing stm32f4xx_hal_pwr.o(i.HAL_PWR_DisablePVD), (24 bytes).
    Removing stm32f4xx_hal_pwr.o(i.HAL_PWR_DisableSEVOnPend), (16 bytes).
    Removing stm32f4xx_hal_pwr.o(i.HAL_PWR_DisableSleepOnExit), (16 bytes).
    Removing stm32f4xx_hal_pwr.o(i.HAL_PWR_DisableWakeUpPin), (16 bytes).
    Removing stm32f4xx_hal_pwr.o(i.HAL_PWR_EnableBkUpAccess), (24 bytes).
    Removing stm32f4xx_hal_pwr.o(i.HAL_PWR_EnablePVD), (24 bytes).
    Removing stm32f4xx_hal_pwr.o(i.HAL_PWR_EnableSEVOnPend), (16 bytes).
    Removing stm32f4xx_hal_pwr.o(i.HAL_PWR_EnableSleepOnExit), (16 bytes).
    Removing stm32f4xx_hal_pwr.o(i.HAL_PWR_EnableWakeUpPin), (16 bytes).
    Removing stm32f4xx_hal_pwr.o(i.HAL_PWR_EnterSLEEPMode), (32 bytes).
    Removing stm32f4xx_hal_pwr.o(i.HAL_PWR_EnterSTANDBYMode), (32 bytes).
    Removing stm32f4xx_hal_pwr.o(i.HAL_PWR_EnterSTOPMode), (56 bytes).
    Removing stm32f4xx_hal_pwr.o(i.HAL_PWR_PVDCallback), (2 bytes).
    Removing stm32f4xx_hal_pwr.o(i.HAL_PWR_PVD_IRQHandler), (28 bytes).
    Removing stm32f4xx_hal_pwr.o(.ARM.exidx), (8 bytes).
    Removing stm32f4xx_hal_pwr.o(.ARM.exidx), (8 bytes).
    Removing stm32f4xx_hal_pwr.o(.ARM.exidx), (8 bytes).
    Removing stm32f4xx_hal_pwr.o(.ARM.exidx), (8 bytes).
    Removing stm32f4xx_hal_pwr.o(.ARM.exidx), (8 bytes).
    Removing stm32f4xx_hal_pwr.o(.ARM.exidx), (8 bytes).
    Removing stm32f4xx_hal_pwr.o(.ARM.exidx), (8 bytes).
    Removing stm32f4xx_hal_pwr.o(.ARM.exidx), (8 bytes).
    Removing stm32f4xx_hal_pwr.o(.ARM.exidx), (8 bytes).
    Removing stm32f4xx_hal_pwr.o(.ARM.exidx), (8 bytes).
    Removing stm32f4xx_hal_pwr.o(.ARM.exidx), (8 bytes).
    Removing stm32f4xx_hal_pwr.o(.ARM.exidx), (8 bytes).
    Removing stm32f4xx_hal_pwr.o(.ARM.exidx), (8 bytes).
    Removing stm32f4xx_hal_pwr.o(.ARM.exidx), (8 bytes).
    Removing stm32f4xx_hal_pwr.o(.ARM.exidx), (8 bytes).
    Removing stm32f4xx_hal_pwr.o(.ARM.exidx), (8 bytes).
    Removing stm32f4xx_hal_pwr.o(.ARM.exidx), (8 bytes).
    Removing stm32f4xx_hal_spi.o(.rev16_text), (4 bytes).
    Removing stm32f4xx_hal_spi.o(.revsh_text), (4 bytes).
    Removing stm32f4xx_hal_spi.o(.rrx_text), (6 bytes).
    Removing stm32f4xx_hal_spi.o(i.HAL_SPI_DMAPause), (48 bytes).
    Removing stm32f4xx_hal_spi.o(i.HAL_SPI_DMAResume), (48 bytes).
    Removing stm32f4xx_hal_spi.o(i.HAL_SPI_DMAStop), (50 bytes).
    Removing stm32f4xx_hal_spi.o(i.HAL_SPI_DeInit), (40 bytes).
    Removing stm32f4xx_hal_spi.o(i.HAL_SPI_ErrorCallback), (2 bytes).
    Removing stm32f4xx_hal_spi.o(i.HAL_SPI_GetError), (4 bytes).
    Removing stm32f4xx_hal_spi.o(i.HAL_SPI_GetState), (6 bytes).
    Removing stm32f4xx_hal_spi.o(i.HAL_SPI_IRQHandler), (188 bytes).
    Removing stm32f4xx_hal_spi.o(i.HAL_SPI_MspDeInit), (2 bytes).
    Removing stm32f4xx_hal_spi.o(i.HAL_SPI_MspInit), (2 bytes).
    Removing stm32f4xx_hal_spi.o(i.HAL_SPI_Receive), (460 bytes).
    Removing stm32f4xx_hal_spi.o(i.HAL_SPI_Receive_DMA), (220 bytes).
    Removing stm32f4xx_hal_spi.o(i.HAL_SPI_Receive_IT), (180 bytes).
    Removing stm32f4xx_hal_spi.o(i.HAL_SPI_RxCpltCallback), (2 bytes).
    Removing stm32f4xx_hal_spi.o(i.HAL_SPI_RxHalfCpltCallback), (2 bytes).
    Removing stm32f4xx_hal_spi.o(i.HAL_SPI_TransmitReceive), (678 bytes).
    Removing stm32f4xx_hal_spi.o(i.HAL_SPI_TransmitReceive_DMA), (272 bytes).
    Removing stm32f4xx_hal_spi.o(i.HAL_SPI_TransmitReceive_IT), (168 bytes).
    Removing stm32f4xx_hal_spi.o(i.HAL_SPI_Transmit_DMA), (188 bytes).
    Removing stm32f4xx_hal_spi.o(i.HAL_SPI_Transmit_IT), (160 bytes).
    Removing stm32f4xx_hal_spi.o(i.HAL_SPI_TxCpltCallback), (2 bytes).
    Removing stm32f4xx_hal_spi.o(i.HAL_SPI_TxHalfCpltCallback), (2 bytes).
    Removing stm32f4xx_hal_spi.o(i.HAL_SPI_TxRxCpltCallback), (2 bytes).
    Removing stm32f4xx_hal_spi.o(i.HAL_SPI_TxRxHalfCpltCallback), (2 bytes).
    Removing stm32f4xx_hal_spi.o(i._Z12SPI_DMAErrorP19__DMA_HandleTypeDef), (30 bytes).
    Removing stm32f4xx_hal_spi.o(i._Z15SPI_2LinesRxISRP19__SPI_HandleTypeDef), (44 bytes).
    Removing stm32f4xx_hal_spi.o(i._Z18SPI_DMAReceiveCpltP19__DMA_HandleTypeDef), (188 bytes).
    Removing stm32f4xx_hal_spi.o(i._Z19SPI_DMATransmitCpltP19__DMA_HandleTypeDef), (108 bytes).
    Removing stm32f4xx_hal_spi.o(i._Z21SPI_RxCloseIRQHandlerP19__SPI_HandleTypeDef), (204 bytes).
    Removing stm32f4xx_hal_spi.o(i._Z21SPI_TxCloseIRQHandlerP19__SPI_HandleTypeDef), (130 bytes).
    Removing stm32f4xx_hal_spi.o(i._Z22SPI_DMAHalfReceiveCpltP19__DMA_HandleTypeDef), (10 bytes).
    Removing stm32f4xx_hal_spi.o(i._Z23SPI_DMAHalfTransmitCpltP19__DMA_HandleTypeDef), (10 bytes).
    Removing stm32f4xx_hal_spi.o(i._Z25SPI_DMAEndTransmitReceiveP19__SPI_HandleTypeDef), (150 bytes).
    Removing stm32f4xx_hal_spi.o(i._Z26SPI_DMATransmitReceiveCpltP19__DMA_HandleTypeDef), (44 bytes).
    Removing stm32f4xx_hal_spi.o(i._Z30SPI_DMAHalfTransmitReceiveCpltP19__DMA_HandleTypeDef), (10 bytes).
    Removing stm32f4xx_hal_spi.o(i._Z9SPI_RxISRP19__SPI_HandleTypeDef), (70 bytes).
    Removing stm32f4xx_hal_spi.o(i._Z9SPI_TxISRP19__SPI_HandleTypeDef), (66 bytes).
    Removing stm32f4xx_hal_spi.o(.ARM.exidx), (8 bytes).
    Removing stm32f4xx_hal_spi.o(.ARM.exidx), (8 bytes).
    Removing stm32f4xx_hal_spi.o(.ARM.exidx), (8 bytes).
    Removing stm32f4xx_hal_spi.o(.ARM.exidx), (8 bytes).
    Removing stm32f4xx_hal_spi.o(.ARM.exidx), (8 bytes).
    Removing stm32f4xx_hal_spi.o(.ARM.exidx), (8 bytes).
    Removing stm32f4xx_hal_spi.o(.ARM.exidx), (8 bytes).
    Removing stm32f4xx_hal_spi.o(.ARM.exidx), (8 bytes).
    Removing stm32f4xx_hal_spi.o(.ARM.exidx), (8 bytes).
    Removing stm32f4xx_hal_spi.o(.ARM.exidx), (8 bytes).
    Removing stm32f4xx_hal_spi.o(.ARM.exidx), (8 bytes).
    Removing stm32f4xx_hal_spi.o(.ARM.exidx), (8 bytes).
    Removing stm32f4xx_hal_spi.o(.ARM.exidx), (8 bytes).
    Removing stm32f4xx_hal_spi.o(.ARM.exidx), (8 bytes).
    Removing stm32f4xx_hal_spi.o(.ARM.exidx), (8 bytes).
    Removing stm32f4xx_hal_spi.o(.ARM.exidx), (8 bytes).
    Removing stm32f4xx_hal_spi.o(.ARM.exidx), (8 bytes).
    Removing stm32f4xx_hal_spi.o(.ARM.exidx), (8 bytes).
    Removing stm32f4xx_hal_spi.o(.ARM.exidx), (8 bytes).
    Removing stm32f4xx_hal_spi.o(.ARM.exidx), (8 bytes).
    Removing stm32f4xx_hal_spi.o(.ARM.exidx), (8 bytes).
    Removing stm32f4xx_hal_spi.o(.ARM.exidx), (8 bytes).
    Removing stm32f4xx_hal_spi.o(.ARM.exidx), (8 bytes).
    Removing stm32f4xx_hal_spi.o(.ARM.exidx), (8 bytes).
    Removing stm32f4xx_hal_spi.o(.ARM.exidx), (8 bytes).
    Removing stm32f4xx_hal_spi.o(.ARM.exidx), (8 bytes).
    Removing stm32f4xx_hal_spi.o(.ARM.exidx), (8 bytes).
    Removing stm32f4xx_hal_spi.o(.ARM.exidx), (8 bytes).
    Removing stm32f4xx_hal_spi.o(.ARM.exidx), (8 bytes).
    Removing stm32f4xx_hal_spi.o(.ARM.exidx), (8 bytes).
    Removing stm32f4xx_hal_spi.o(.ARM.exidx), (8 bytes).
    Removing stm32f4xx_hal_spi.o(.ARM.exidx), (8 bytes).
    Removing stm32f4xx_hal_spi.o(.ARM.exidx), (8 bytes).
    Removing stm32f4xx_hal_spi.o(.ARM.exidx), (8 bytes).
    Removing stm32f4xx_hal_spi.o(.ARM.exidx), (8 bytes).
    Removing stm32f4xx_hal_spi.o(.ARM.exidx), (8 bytes).
    Removing stm32f4xx_hal_spi.o(.ARM.exidx), (8 bytes).
    Removing stm32f4xx_hal_spi.o(.ARM.exidx), (8 bytes).
    Removing stm32f4xx_hal_spi.o(.ARM.exidx), (8 bytes).
    Removing stm32f4xx_hal_spi.o(.ARM.exidx), (8 bytes).
    Removing stm32f4xx_hal_flash.o(.rev16_text), (4 bytes).
    Removing stm32f4xx_hal_flash.o(.revsh_text), (4 bytes).
    Removing stm32f4xx_hal_flash.o(.rrx_text), (6 bytes).
    Removing stm32f4xx_hal_flash.o(i.FLASH_WaitForLastOperation), (72 bytes).
    Removing stm32f4xx_hal_flash.o(i.HAL_FLASH_EndOfOperationCallback), (2 bytes).
    Removing stm32f4xx_hal_flash.o(i.HAL_FLASH_GetError), (12 bytes).
    Removing stm32f4xx_hal_flash.o(i.HAL_FLASH_IRQHandler), (260 bytes).
    Removing stm32f4xx_hal_flash.o(i.HAL_FLASH_Lock), (20 bytes).
    Removing stm32f4xx_hal_flash.o(i.HAL_FLASH_OB_Launch), (24 bytes).
    Removing stm32f4xx_hal_flash.o(i.HAL_FLASH_OB_Lock), (20 bytes).
    Removing stm32f4xx_hal_flash.o(i.HAL_FLASH_OB_Unlock), (40 bytes).
    Removing stm32f4xx_hal_flash.o(i.HAL_FLASH_OperationErrorCallback), (2 bytes).
    Removing stm32f4xx_hal_flash.o(i.HAL_FLASH_Program), (124 bytes).
    Removing stm32f4xx_hal_flash.o(i.HAL_FLASH_Program_IT), (116 bytes).
    Removing stm32f4xx_hal_flash.o(i.HAL_FLASH_Unlock), (40 bytes).
    Removing stm32f4xx_hal_flash.o(i._Z18FLASH_Program_Bytejh), (32 bytes).
    Removing stm32f4xx_hal_flash.o(i._Z18FLASH_Program_Wordjj), (36 bytes).
    Removing stm32f4xx_hal_flash.o(i._Z18FLASH_SetErrorCodev), (100 bytes).
    Removing stm32f4xx_hal_flash.o(i._Z22FLASH_Program_HalfWordjt), (36 bytes).
    Removing stm32f4xx_hal_flash.o(i._Z24FLASH_Program_DoubleWordjy), (40 bytes).
    Removing stm32f4xx_hal_flash.o(.ARM.exidx), (8 bytes).
    Removing stm32f4xx_hal_flash.o(.ARM.exidx), (8 bytes).
    Removing stm32f4xx_hal_flash.o(.ARM.exidx), (8 bytes).
    Removing stm32f4xx_hal_flash.o(.ARM.exidx), (8 bytes).
    Removing stm32f4xx_hal_flash.o(.ARM.exidx), (8 bytes).
    Removing stm32f4xx_hal_flash.o(.ARM.exidx), (8 bytes).
    Removing stm32f4xx_hal_flash.o(.ARM.exidx), (8 bytes).
    Removing stm32f4xx_hal_flash.o(.ARM.exidx), (8 bytes).
    Removing stm32f4xx_hal_flash.o(.ARM.exidx), (8 bytes).
    Removing stm32f4xx_hal_flash.o(.ARM.exidx), (8 bytes).
    Removing stm32f4xx_hal_flash.o(.ARM.exidx), (8 bytes).
    Removing stm32f4xx_hal_flash.o(.ARM.exidx), (8 bytes).
    Removing stm32f4xx_hal_flash.o(.ARM.exidx), (8 bytes).
    Removing stm32f4xx_hal_flash.o(.ARM.exidx), (8 bytes).
    Removing stm32f4xx_hal_flash.o(.ARM.exidx), (8 bytes).
    Removing stm32f4xx_hal_flash.o(.ARM.exidx), (8 bytes).
    Removing stm32f4xx_hal_flash.o(.ARM.exidx), (8 bytes).
    Removing stm32f4xx_hal_flash.o(.bss), (32 bytes).
    Removing stm32f4xx_ll_sdmmc.o(.rev16_text), (4 bytes).
    Removing stm32f4xx_ll_sdmmc.o(.revsh_text), (4 bytes).
    Removing stm32f4xx_ll_sdmmc.o(.rrx_text), (6 bytes).
    Removing stm32f4xx_ll_sdmmc.o(i.SDIO_GetDataCounter), (4 bytes).
    Removing stm32f4xx_ll_sdmmc.o(i.SDIO_GetFIFOCount), (6 bytes).
    Removing stm32f4xx_ll_sdmmc.o(i.SDIO_PowerState_OFF), (8 bytes).
    Removing stm32f4xx_ll_sdmmc.o(i.SDIO_SetSDIOReadWaitMode), (12 bytes).
    Removing stm32f4xx_ll_sdmmc.o(.ARM.exidx), (8 bytes).
    Removing stm32f4xx_ll_sdmmc.o(.ARM.exidx), (8 bytes).
    Removing stm32f4xx_ll_sdmmc.o(.ARM.exidx), (8 bytes).
    Removing stm32f4xx_ll_sdmmc.o(.ARM.exidx), (8 bytes).
    Removing stm32f4xx_ll_sdmmc.o(.ARM.exidx), (8 bytes).
    Removing stm32f4xx_ll_sdmmc.o(.ARM.exidx), (8 bytes).
    Removing stm32f4xx_ll_sdmmc.o(.ARM.exidx), (8 bytes).
    Removing stm32f4xx_ll_sdmmc.o(.ARM.exidx), (8 bytes).
    Removing stm32f4xx_ll_sdmmc.o(.ARM.exidx), (8 bytes).
    Removing stm32f4xx_ll_sdmmc.o(.ARM.exidx), (8 bytes).
    Removing stm32f4xx_ll_sdmmc.o(.ARM.exidx), (8 bytes).
    Removing stm32f4xx_ll_sdmmc.o(.ARM.exidx), (8 bytes).
    Removing stm32f4xx_ll_sdmmc.o(.ARM.exidx), (8 bytes).
    Removing stm32f4xx_hal_rcc.o(.rev16_text), (4 bytes).
    Removing stm32f4xx_hal_rcc.o(.revsh_text), (4 bytes).
    Removing stm32f4xx_hal_rcc.o(.rrx_text), (6 bytes).
    Removing stm32f4xx_hal_rcc.o(i.HAL_RCC_CSSCallback), (2 bytes).
    Removing stm32f4xx_hal_rcc.o(i.HAL_RCC_ClockConfig), (524 bytes).
    Removing stm32f4xx_hal_rcc.o(i.HAL_RCC_DeInit), (88 bytes).
    Removing stm32f4xx_hal_rcc.o(i.HAL_RCC_DisableCSS), (12 bytes).
    Removing stm32f4xx_hal_rcc.o(i.HAL_RCC_EnableCSS), (12 bytes).
    Removing stm32f4xx_hal_rcc.o(i.HAL_RCC_GetClockConfig), (64 bytes).
    Removing stm32f4xx_hal_rcc.o(i.HAL_RCC_GetOscConfig), (224 bytes).
    Removing stm32f4xx_hal_rcc.o(i.HAL_RCC_GetPCLK1Freq), (44 bytes).
    Removing stm32f4xx_hal_rcc.o(i.HAL_RCC_GetPCLK2Freq), (44 bytes).
    Removing stm32f4xx_hal_rcc.o(i.HAL_RCC_MCOConfig), (140 bytes).
    Removing stm32f4xx_hal_rcc.o(i.HAL_RCC_NMI_IRQHandler), (28 bytes).
    Removing stm32f4xx_hal_rcc.o(.ARM.exidx), (8 bytes).
    Removing stm32f4xx_hal_rcc.o(.ARM.exidx), (8 bytes).
    Removing stm32f4xx_hal_rcc.o(.ARM.exidx), (8 bytes).
    Removing stm32f4xx_hal_rcc.o(.ARM.exidx), (8 bytes).
    Removing stm32f4xx_hal_rcc.o(.ARM.exidx), (8 bytes).
    Removing stm32f4xx_hal_rcc.o(.ARM.exidx), (8 bytes).
    Removing stm32f4xx_hal_rcc.o(.ARM.exidx), (8 bytes).
    Removing stm32f4xx_hal_rcc.o(.ARM.exidx), (8 bytes).
    Removing stm32f4xx_hal_rcc.o(.ARM.exidx), (8 bytes).
    Removing stm32f4xx_hal_rcc.o(.ARM.exidx), (8 bytes).
    Removing stm32f4xx_hal_rcc.o(.ARM.exidx), (8 bytes).
    Removing stm32f4xx_hal_rcc.o(.ARM.exidx), (8 bytes).
    Removing stm32f4xx_hal_rcc.o(.ARM.exidx), (8 bytes).
    Removing stm32f4xx_hal_rcc.o(.ARM.exidx), (8 bytes).
    Removing stm32f4xx_hal.o(.rev16_text), (4 bytes).
    Removing stm32f4xx_hal.o(.revsh_text), (4 bytes).
    Removing stm32f4xx_hal.o(.rrx_text), (6 bytes).
    Removing stm32f4xx_hal.o(i.HAL_DBGMCU_DisableDBGSleepMode), (16 bytes).
    Removing stm32f4xx_hal.o(i.HAL_DBGMCU_DisableDBGStandbyMode), (16 bytes).
    Removing stm32f4xx_hal.o(i.HAL_DBGMCU_DisableDBGStopMode), (16 bytes).
    Removing stm32f4xx_hal.o(i.HAL_DBGMCU_EnableDBGSleepMode), (16 bytes).
    Removing stm32f4xx_hal.o(i.HAL_DBGMCU_EnableDBGStandbyMode), (16 bytes).
    Removing stm32f4xx_hal.o(i.HAL_DBGMCU_EnableDBGStopMode), (16 bytes).
    Removing stm32f4xx_hal.o(i.HAL_DeInit), (52 bytes).
    Removing stm32f4xx_hal.o(i.HAL_DisableCompensationCell), (28 bytes).
    Removing stm32f4xx_hal.o(i.HAL_EnableCompensationCell), (28 bytes).
    Removing stm32f4xx_hal.o(i.HAL_GetDEVID), (16 bytes).
    Removing stm32f4xx_hal.o(i.HAL_GetHalVersion), (8 bytes).
    Removing stm32f4xx_hal.o(i.HAL_GetREVID), (12 bytes).
    Removing stm32f4xx_hal.o(i.HAL_MspDeInit), (2 bytes).
    Removing stm32f4xx_hal.o(i.HAL_MspInit), (2 bytes).
    Removing stm32f4xx_hal.o(i.HAL_ResumeTick), (14 bytes).
    Removing stm32f4xx_hal.o(i.HAL_SuspendTick), (14 bytes).
    Removing stm32f4xx_hal.o(.ARM.exidx), (8 bytes).
    Removing stm32f4xx_hal.o(.ARM.exidx), (8 bytes).
    Removing stm32f4xx_hal.o(.ARM.exidx), (8 bytes).
    Removing stm32f4xx_hal.o(.ARM.exidx), (8 bytes).
    Removing stm32f4xx_hal.o(.ARM.exidx), (8 bytes).
    Removing stm32f4xx_hal.o(.ARM.exidx), (8 bytes).
    Removing stm32f4xx_hal.o(.ARM.exidx), (8 bytes).
    Removing stm32f4xx_hal.o(.ARM.exidx), (8 bytes).
    Removing stm32f4xx_hal.o(.ARM.exidx), (8 bytes).
    Removing stm32f4xx_hal.o(.ARM.exidx), (8 bytes).
    Removing stm32f4xx_hal.o(.ARM.exidx), (8 bytes).
    Removing stm32f4xx_hal.o(.ARM.exidx), (8 bytes).
    Removing stm32f4xx_hal.o(.ARM.exidx), (8 bytes).
    Removing stm32f4xx_hal.o(.ARM.exidx), (8 bytes).
    Removing stm32f4xx_hal.o(.ARM.exidx), (8 bytes).
    Removing stm32f4xx_hal.o(.ARM.exidx), (8 bytes).
    Removing stm32f4xx_hal.o(.ARM.exidx), (8 bytes).
    Removing stm32f4xx_hal.o(.ARM.exidx), (8 bytes).
    Removing stm32f4xx_hal.o(.ARM.exidx), (8 bytes).
    Removing stm32f4xx_hal.o(.ARM.exidx), (8 bytes).
    Removing stm32f4xx_hal.o(.ARM.exidx), (8 bytes).
    Removing stm32f4xx_hal_gpio.o(.rev16_text), (4 bytes).
    Removing stm32f4xx_hal_gpio.o(.revsh_text), (4 bytes).
    Removing stm32f4xx_hal_gpio.o(.rrx_text), (6 bytes).
    Removing stm32f4xx_hal_gpio.o(i.HAL_GPIO_DeInit), (272 bytes).
    Removing stm32f4xx_hal_gpio.o(i.HAL_GPIO_EXTI_Callback), (2 bytes).
    Removing stm32f4xx_hal_gpio.o(i.HAL_GPIO_EXTI_IRQHandler), (24 bytes).
    Removing stm32f4xx_hal_gpio.o(i.HAL_GPIO_LockPin), (34 bytes).
    Removing stm32f4xx_hal_gpio.o(i.HAL_GPIO_ReadPin), (10 bytes).
    Removing stm32f4xx_hal_gpio.o(i.HAL_GPIO_TogglePin), (8 bytes).
    Removing stm32f4xx_hal_gpio.o(i.HAL_GPIO_WritePin), (10 bytes).
    Removing stm32f4xx_hal_gpio.o(.ARM.exidx), (8 bytes).
    Removing stm32f4xx_hal_gpio.o(.ARM.exidx), (8 bytes).
    Removing stm32f4xx_hal_gpio.o(.ARM.exidx), (8 bytes).
    Removing stm32f4xx_hal_gpio.o(.ARM.exidx), (8 bytes).
    Removing stm32f4xx_hal_gpio.o(.ARM.exidx), (8 bytes).
    Removing stm32f4xx_hal_gpio.o(.ARM.exidx), (8 bytes).
    Removing stm32f4xx_hal_gpio.o(.ARM.exidx), (8 bytes).
    Removing stm32f4xx_hal_gpio.o(.ARM.exidx), (8 bytes).
    Removing stm32f4xx_hal_flash_ramfunc.o(.rev16_text), (4 bytes).
    Removing stm32f4xx_hal_flash_ramfunc.o(.revsh_text), (4 bytes).
    Removing stm32f4xx_hal_flash_ramfunc.o(.rrx_text), (6 bytes).
    Removing stm32f4xx_hal_flash_ramfunc.o(i.HAL_FLASHEx_DisableFlashSleepMode), (44 bytes).
    Removing stm32f4xx_hal_flash_ramfunc.o(i.HAL_FLASHEx_EnableFlashSleepMode), (44 bytes).
    Removing stm32f4xx_hal_flash_ramfunc.o(i.HAL_FLASHEx_StartFlashInterfaceClk), (44 bytes).
    Removing stm32f4xx_hal_flash_ramfunc.o(i.HAL_FLASHEx_StopFlashInterfaceClk), (44 bytes).
    Removing stm32f4xx_hal_flash_ramfunc.o(.ARM.exidx), (8 bytes).
    Removing stm32f4xx_hal_flash_ramfunc.o(.ARM.exidx), (8 bytes).
    Removing stm32f4xx_hal_flash_ramfunc.o(.ARM.exidx), (8 bytes).
    Removing stm32f4xx_hal_flash_ramfunc.o(.ARM.exidx), (8 bytes).
    Removing stm32f4xx_hal_rcc_ex.o(.rev16_text), (4 bytes).
    Removing stm32f4xx_hal_rcc_ex.o(.revsh_text), (4 bytes).
    Removing stm32f4xx_hal_rcc_ex.o(.rrx_text), (6 bytes).
    Removing stm32f4xx_hal_rcc_ex.o(i.HAL_RCCEx_GetPeriphCLKConfig), (88 bytes).
    Removing stm32f4xx_hal_rcc_ex.o(i.HAL_RCCEx_PeriphCLKConfig), (336 bytes).
    Removing stm32f4xx_hal_rcc_ex.o(i.HAL_RCCEx_SelectLSEMode), (28 bytes).
    Removing stm32f4xx_hal_rcc_ex.o(.ARM.exidx), (8 bytes).
    Removing stm32f4xx_hal_rcc_ex.o(.ARM.exidx), (8 bytes).
    Removing stm32f4xx_hal_rcc_ex.o(.ARM.exidx), (8 bytes).
    Removing stm32f4xx_hal_pwr_ex.o(.rev16_text), (4 bytes).
    Removing stm32f4xx_hal_pwr_ex.o(.revsh_text), (4 bytes).
    Removing stm32f4xx_hal_pwr_ex.o(.rrx_text), (6 bytes).
    Removing stm32f4xx_hal_pwr_ex.o(i.HAL_PWREx_ControlVoltageScaling), (176 bytes).
    Removing stm32f4xx_hal_pwr_ex.o(i.HAL_PWREx_DisableBkUpReg), (76 bytes).
    Removing stm32f4xx_hal_pwr_ex.o(i.HAL_PWREx_DisableFlashPowerDown), (28 bytes).
    Removing stm32f4xx_hal_pwr_ex.o(i.HAL_PWREx_DisableLowRegulatorLowVoltage), (28 bytes).
    Removing stm32f4xx_hal_pwr_ex.o(i.HAL_PWREx_DisableMainRegulatorLowVoltage), (28 bytes).
    Removing stm32f4xx_hal_pwr_ex.o(i.HAL_PWREx_EnableBkUpReg), (76 bytes).
    Removing stm32f4xx_hal_pwr_ex.o(i.HAL_PWREx_EnableFlashPowerDown), (24 bytes).
    Removing stm32f4xx_hal_pwr_ex.o(i.HAL_PWREx_EnableLowRegulatorLowVoltage), (24 bytes).
    Removing stm32f4xx_hal_pwr_ex.o(i.HAL_PWREx_EnableMainRegulatorLowVoltage), (24 bytes).
    Removing stm32f4xx_hal_pwr_ex.o(i.HAL_PWREx_GetVoltageRange), (16 bytes).
    Removing stm32f4xx_hal_pwr_ex.o(.ARM.exidx), (8 bytes).
    Removing stm32f4xx_hal_pwr_ex.o(.ARM.exidx), (8 bytes).
    Removing stm32f4xx_hal_pwr_ex.o(.ARM.exidx), (8 bytes).
    Removing stm32f4xx_hal_pwr_ex.o(.ARM.exidx), (8 bytes).
    Removing stm32f4xx_hal_pwr_ex.o(.ARM.exidx), (8 bytes).
    Removing stm32f4xx_hal_pwr_ex.o(.ARM.exidx), (8 bytes).
    Removing stm32f4xx_hal_pwr_ex.o(.ARM.exidx), (8 bytes).
    Removing stm32f4xx_hal_pwr_ex.o(.ARM.exidx), (8 bytes).
    Removing stm32f4xx_hal_pwr_ex.o(.ARM.exidx), (8 bytes).
    Removing stm32f4xx_hal_pwr_ex.o(.ARM.exidx), (8 bytes).
    Removing stm32f4xx_hal_flash_ex.o(.rev16_text), (4 bytes).
    Removing stm32f4xx_hal_flash_ex.o(.revsh_text), (4 bytes).
    Removing stm32f4xx_hal_flash_ex.o(.rrx_text), (6 bytes).
    Removing stm32f4xx_hal_flash_ex.o(i.FLASH_Erase_Sector), (88 bytes).
    Removing stm32f4xx_hal_flash_ex.o(i.HAL_FLASHEx_AdvOBGetConfig), (12 bytes).
    Removing stm32f4xx_hal_flash_ex.o(i.HAL_FLASHEx_AdvOBProgram), (60 bytes).
    Removing stm32f4xx_hal_flash_ex.o(i.HAL_FLASHEx_Erase), (148 bytes).
    Removing stm32f4xx_hal_flash_ex.o(i.HAL_FLASHEx_Erase_IT), (104 bytes).
    Removing stm32f4xx_hal_flash_ex.o(i.HAL_FLASHEx_OBGetConfig), (64 bytes).
    Removing stm32f4xx_hal_flash_ex.o(i.HAL_FLASHEx_OBProgram), (204 bytes).
    Removing stm32f4xx_hal_flash_ex.o(i.HAL_FLASHEx_OB_DeSelectPCROP), (20 bytes).
    Removing stm32f4xx_hal_flash_ex.o(i.HAL_FLASHEx_OB_SelectPCROP), (24 bytes).
    Removing stm32f4xx_hal_flash_ex.o(i._Z15FLASH_MassErasehj), (36 bytes).
    Removing stm32f4xx_hal_flash_ex.o(.ARM.exidx), (8 bytes).
    Removing stm32f4xx_hal_flash_ex.o(.ARM.exidx), (8 bytes).
    Removing stm32f4xx_hal_flash_ex.o(.ARM.exidx), (8 bytes).
    Removing stm32f4xx_hal_flash_ex.o(.ARM.exidx), (8 bytes).
    Removing stm32f4xx_hal_flash_ex.o(.ARM.exidx), (8 bytes).
    Removing stm32f4xx_hal_flash_ex.o(.ARM.exidx), (8 bytes).
    Removing stm32f4xx_hal_flash_ex.o(.ARM.exidx), (8 bytes).
    Removing stm32f4xx_hal_flash_ex.o(.ARM.exidx), (8 bytes).
    Removing stm32f4xx_hal_flash_ex.o(.ARM.exidx), (8 bytes).
    Removing stm32f4xx_hal_flash_ex.o(.ARM.exidx), (8 bytes).
    Removing daqads1298.o(.constdata__ZTV10DaqADS1298), (20 bytes).
    Removing daqads1298.o(.constdata__ZTI10DaqADS1298), (12 bytes).
    Removing daqads1298.o(.constdata__ZTI3Daq), (8 bytes).
    Removing daqads1298.o(.constdata__ZTS10DaqADS1298), (13 bytes).
    Removing daqads1298.o(.constdata__ZTS3Daq), (5 bytes).

683 unused section(s) (total 41138 bytes) removed from the image.

==============================================================================

Image Symbol Table

    Local Symbols

    Symbol Name                              Value     Ov Type        Size  Object(Section)

    ../../../edgfe/lib_src/arm_exceptions.c  0x00000000   Number         0  arm_exceptions_terminate.o ABSOLUTE
    ../../../edgfe/lib_src/arm_exceptions.c  0x00000000   Number         0  arm_exceptions_globs.o ABSOLUTE
    ../../../edgfe/lib_src/arm_exceptions.c  0x00000000   Number         0  arm_exceptions_mem.o ABSOLUTE
    ../../../edgfe/lib_src/arm_exceptions.c  0x00000000   Number         0  arm_exceptions_callterm.o ABSOLUTE
    ../../../edgfe/lib_src/arm_exceptions.c  0x00000000   Number         0  arm_exceptions_support.o ABSOLUTE
    ../../../edgfe/lib_src/arm_noexceptions.c 0x00000000   Number         0  arm_begincatch_noexceptions.o ABSOLUTE
    ../../../edgfe/lib_src/typeinfo.c        0x00000000   Number         0  lib_rtti_impl.o ABSOLUTE
    ../../../edgfe/lib_src/typeinfo.c        0x00000000   Number         0  type_info_dtor.o ABSOLUTE
    ../clib/microlib/cpp/cpp_unwinder.c      0x00000000   Number         0  cpp_unwinder.o ABSOLUTE
    ../clib/microlib/init/entry.s            0x00000000   Number         0  entry7a.o ABSOLUTE
    ../clib/microlib/init/entry.s            0x00000000   Number         0  entry11b.o ABSOLUTE
    ../clib/microlib/init/entry.s            0x00000000   Number         0  entry5.o ABSOLUTE
    ../clib/microlib/init/entry.s            0x00000000   Number         0  entry9a.o ABSOLUTE
    ../clib/microlib/init/entry.s            0x00000000   Number         0  entry.o ABSOLUTE
    ../clib/microlib/init/entry.s            0x00000000   Number         0  entry8b.o ABSOLUTE
    ../clib/microlib/init/entry.s            0x00000000   Number         0  entry7b.o ABSOLUTE
    ../clib/microlib/init/entry.s            0x00000000   Number         0  entry8a.o ABSOLUTE
    ../clib/microlib/init/entry.s            0x00000000   Number         0  entry2.o ABSOLUTE
    ../clib/microlib/init/entry.s            0x00000000   Number         0  entry9b.o ABSOLUTE
    ../clib/microlib/init/entry.s            0x00000000   Number         0  entry10a.o ABSOLUTE
    ../clib/microlib/init/entry.s            0x00000000   Number         0  entry10b.o ABSOLUTE
    ../clib/microlib/init/entry.s            0x00000000   Number         0  entry11a.o ABSOLUTE
    ../clib/microlib/malloc/malloc.c         0x00000000   Number         0  mallocra.o ABSOLUTE
    ../clib/microlib/malloc/malloc.c         0x00000000   Number         0  malloca.o ABSOLUTE
    ../clib/microlib/malloc/malloc.c         0x00000000   Number         0  mallocr.o ABSOLUTE
    ../clib/microlib/malloc/malloc.c         0x00000000   Number         0  malloc.o ABSOLUTE
    ../clib/microlib/malloc/mvars.c          0x00000000   Number         0  mvars.o ABSOLUTE
    ../clib/microlib/stdlib/abort.c          0x00000000   Number         0  abort.o ABSOLUTE
    ../clib/microlib/string/memcpy.c         0x00000000   Number         0  memcpyb.o ABSOLUTE
    ../clib/microlib/string/memcpy.c         0x00000000   Number         0  memcpya.o ABSOLUTE
    ../clib/microlib/string/memset.c         0x00000000   Number         0  memseta.o ABSOLUTE
    ..\Drivers\CMSIS\Device\ST\STM32F4xx\Source\Templates\arm\startup_stm32f411xe.s 0x00000000   Number         0  startup_stm32f411xe.o ABSOLUTE
    ..\Drivers\CMSIS\Device\ST\STM32F4xx\Source\Templates\system_stm32f4xx.c 0x00000000   Number         0  system_stm32f4xx.o ABSOLUTE
    ..\Drivers\STM32F4xx_HAL_Driver\Src\stm32f4xx_hal.c 0x00000000   Number         0  stm32f4xx_hal.o ABSOLUTE
    ..\Drivers\STM32F4xx_HAL_Driver\Src\stm32f4xx_hal_cortex.c 0x00000000   Number         0  stm32f4xx_hal_cortex.o ABSOLUTE
    ..\Drivers\STM32F4xx_HAL_Driver\Src\stm32f4xx_hal_dma.c 0x00000000   Number         0  stm32f4xx_hal_dma.o ABSOLUTE
    ..\Drivers\STM32F4xx_HAL_Driver\Src\stm32f4xx_hal_dma_ex.c 0x00000000   Number         0  stm32f4xx_hal_dma_ex.o ABSOLUTE
    ..\Drivers\STM32F4xx_HAL_Driver\Src\stm32f4xx_hal_flash.c 0x00000000   Number         0  stm32f4xx_hal_flash.o ABSOLUTE
    ..\Drivers\STM32F4xx_HAL_Driver\Src\stm32f4xx_hal_flash_ex.c 0x00000000   Number         0  stm32f4xx_hal_flash_ex.o ABSOLUTE
    ..\Drivers\STM32F4xx_HAL_Driver\Src\stm32f4xx_hal_flash_ramfunc.c 0x00000000   Number         0  stm32f4xx_hal_flash_ramfunc.o ABSOLUTE
    ..\Drivers\STM32F4xx_HAL_Driver\Src\stm32f4xx_hal_gpio.c 0x00000000   Number         0  stm32f4xx_hal_gpio.o ABSOLUTE
    ..\Drivers\STM32F4xx_HAL_Driver\Src\stm32f4xx_hal_pwr.c 0x00000000   Number         0  stm32f4xx_hal_pwr.o ABSOLUTE
    ..\Drivers\STM32F4xx_HAL_Driver\Src\stm32f4xx_hal_pwr_ex.c 0x00000000   Number         0  stm32f4xx_hal_pwr_ex.o ABSOLUTE
    ..\Drivers\STM32F4xx_HAL_Driver\Src\stm32f4xx_hal_rcc.c 0x00000000   Number         0  stm32f4xx_hal_rcc.o ABSOLUTE
    ..\Drivers\STM32F4xx_HAL_Driver\Src\stm32f4xx_hal_rcc_ex.c 0x00000000   Number         0  stm32f4xx_hal_rcc_ex.o ABSOLUTE
    ..\Drivers\STM32F4xx_HAL_Driver\Src\stm32f4xx_hal_sd.c 0x00000000   Number         0  stm32f4xx_hal_sd.o ABSOLUTE
    ..\Drivers\STM32F4xx_HAL_Driver\Src\stm32f4xx_hal_spi.c 0x00000000   Number         0  stm32f4xx_hal_spi.o ABSOLUTE
    ..\Drivers\STM32F4xx_HAL_Driver\Src\stm32f4xx_ll_sdmmc.c 0x00000000   Number         0  stm32f4xx_ll_sdmmc.o ABSOLUTE
    ..\Middlewares\Third_Party\FatFs\src\diskio.c 0x00000000   Number         0  diskio.o ABSOLUTE
    ..\Middlewares\Third_Party\FatFs\src\drivers\sd_diskio.c 0x00000000   Number         0  sd_diskio.o ABSOLUTE
    ..\Middlewares\Third_Party\FatFs\src\ff.c 0x00000000   Number         0  ff.o ABSOLUTE
    ..\Middlewares\Third_Party\FatFs\src\ff_gen_drv.c 0x00000000   Number         0  ff_gen_drv.o ABSOLUTE
    ..\Middlewares\Third_Party\FatFs\src\option\ccsbcs.c 0x00000000   Number         0  ccsbcs.o ABSOLUTE
    ..\Middlewares\Third_Party\FatFs\src\option\syscall.c 0x00000000   Number         0  syscall.o ABSOLUTE
    ..\Src\bsp_driver_sd.c                   0x00000000   Number         0  bsp_driver_sd.o ABSOLUTE
    ..\Src\daq.cpp                           0x00000000   Number         0  daq.o ABSOLUTE
    ..\Src\daqADS1298.cpp                    0x00000000   Number         0  daqads1298.o ABSOLUTE
    ..\Src\fatfs.c                           0x00000000   Number         0  fatfs.o ABSOLUTE
    ..\Src\main.cpp                          0x00000000   Number         0  main.o ABSOLUTE
    ..\Src\stm32f4xx_hal_msp.c               0x00000000   Number         0  stm32f4xx_hal_msp.o ABSOLUTE
    ..\Src\stm32f4xx_it.c                    0x00000000   Number         0  stm32f4xx_it.o ABSOLUTE
    ..\Src\user_diskio.c                     0x00000000   Number         0  user_diskio.o ABSOLUTE
    ..\\Drivers\\CMSIS\\Device\\ST\\STM32F4xx\\Source\\Templates\\system_stm32f4xx.c 0x00000000   Number         0  system_stm32f4xx.o ABSOLUTE
    ..\\Drivers\\STM32F4xx_HAL_Driver\\Src\\stm32f4xx_hal.c 0x00000000   Number         0  stm32f4xx_hal.o ABSOLUTE
    ..\\Drivers\\STM32F4xx_HAL_Driver\\Src\\stm32f4xx_hal_cortex.c 0x00000000   Number         0  stm32f4xx_hal_cortex.o ABSOLUTE
    ..\\Drivers\\STM32F4xx_HAL_Driver\\Src\\stm32f4xx_hal_dma.c 0x00000000   Number         0  stm32f4xx_hal_dma.o ABSOLUTE
    ..\\Drivers\\STM32F4xx_HAL_Driver\\Src\\stm32f4xx_hal_dma_ex.c 0x00000000   Number         0  stm32f4xx_hal_dma_ex.o ABSOLUTE
    ..\\Drivers\\STM32F4xx_HAL_Driver\\Src\\stm32f4xx_hal_flash.c 0x00000000   Number         0  stm32f4xx_hal_flash.o ABSOLUTE
    ..\\Drivers\\STM32F4xx_HAL_Driver\\Src\\stm32f4xx_hal_flash_ex.c 0x00000000   Number         0  stm32f4xx_hal_flash_ex.o ABSOLUTE
    ..\\Drivers\\STM32F4xx_HAL_Driver\\Src\\stm32f4xx_hal_flash_ramfunc.c 0x00000000   Number         0  stm32f4xx_hal_flash_ramfunc.o ABSOLUTE
    ..\\Drivers\\STM32F4xx_HAL_Driver\\Src\\stm32f4xx_hal_gpio.c 0x00000000   Number         0  stm32f4xx_hal_gpio.o ABSOLUTE
    ..\\Drivers\\STM32F4xx_HAL_Driver\\Src\\stm32f4xx_hal_pwr.c 0x00000000   Number         0  stm32f4xx_hal_pwr.o ABSOLUTE
    ..\\Drivers\\STM32F4xx_HAL_Driver\\Src\\stm32f4xx_hal_pwr_ex.c 0x00000000   Number         0  stm32f4xx_hal_pwr_ex.o ABSOLUTE
    ..\\Drivers\\STM32F4xx_HAL_Driver\\Src\\stm32f4xx_hal_rcc.c 0x00000000   Number         0  stm32f4xx_hal_rcc.o ABSOLUTE
    ..\\Drivers\\STM32F4xx_HAL_Driver\\Src\\stm32f4xx_hal_rcc_ex.c 0x00000000   Number         0  stm32f4xx_hal_rcc_ex.o ABSOLUTE
    ..\\Drivers\\STM32F4xx_HAL_Driver\\Src\\stm32f4xx_hal_sd.c 0x00000000   Number         0  stm32f4xx_hal_sd.o ABSOLUTE
    ..\\Drivers\\STM32F4xx_HAL_Driver\\Src\\stm32f4xx_hal_spi.c 0x00000000   Number         0  stm32f4xx_hal_spi.o ABSOLUTE
    ..\\Drivers\\STM32F4xx_HAL_Driver\\Src\\stm32f4xx_ll_sdmmc.c 0x00000000   Number         0  stm32f4xx_ll_sdmmc.o ABSOLUTE
    ..\\Middlewares\\Third_Party\\FatFs\\src\\diskio.c 0x00000000   Number         0  diskio.o ABSOLUTE
    ..\\Middlewares\\Third_Party\\FatFs\\src\\drivers\\sd_diskio.c 0x00000000   Number         0  sd_diskio.o ABSOLUTE
    ..\\Middlewares\\Third_Party\\FatFs\\src\\ff.c 0x00000000   Number         0  ff.o ABSOLUTE
    ..\\Middlewares\\Third_Party\\FatFs\\src\\ff_gen_drv.c 0x00000000   Number         0  ff_gen_drv.o ABSOLUTE
    ..\\Middlewares\\Third_Party\\FatFs\\src\\option\\ccsbcs.c 0x00000000   Number         0  ccsbcs.o ABSOLUTE
    ..\\Middlewares\\Third_Party\\FatFs\\src\\option\\syscall.c 0x00000000   Number         0  syscall.o ABSOLUTE
    ..\\Src\\bsp_driver_sd.c                 0x00000000   Number         0  bsp_driver_sd.o ABSOLUTE
    ..\\Src\\daq.cpp                         0x00000000   Number         0  daq.o ABSOLUTE
    ..\\Src\\daqADS1298.cpp                  0x00000000   Number         0  daqads1298.o ABSOLUTE
    ..\\Src\\fatfs.c                         0x00000000   Number         0  fatfs.o ABSOLUTE
    ..\\Src\\main.cpp                        0x00000000   Number         0  main.o ABSOLUTE
    ..\\Src\\stm32f4xx_hal_msp.c             0x00000000   Number         0  stm32f4xx_hal_msp.o ABSOLUTE
    ..\\Src\\stm32f4xx_it.c                  0x00000000   Number         0  stm32f4xx_it.o ABSOLUTE
    ..\\Src\\user_diskio.c                   0x00000000   Number         0  user_diskio.o ABSOLUTE
    dc.s                                     0x00000000   Number         0  dc.o ABSOLUTE
    handlers.s                               0x00000000   Number         0  handlers.o ABSOLUTE
    init.s                                   0x00000000   Number         0  init.o ABSOLUTE
    RESET                                    0x08000000   Section      408  startup_stm32f411xe.o(RESET)
    .ARM.Collect$$$$00000000                 0x08000198   Section        0  entry.o(.ARM.Collect$$$$00000000)
    .ARM.Collect$$$$00000001                 0x08000198   Section        4  entry2.o(.ARM.Collect$$$$00000001)
    .ARM.Collect$$$$00000004                 0x0800019c   Section        4  entry5.o(.ARM.Collect$$$$00000004)
    .ARM.Collect$$$$00000008                 0x080001a0   Section        0  entry7b.o(.ARM.Collect$$$$00000008)
    .ARM.Collect$$$$0000000A                 0x080001a0   Section        0  entry8b.o(.ARM.Collect$$$$0000000A)
    .ARM.Collect$$$$0000000B                 0x080001a0   Section        8  entry9a.o(.ARM.Collect$$$$0000000B)
    .ARM.Collect$$$$0000000D                 0x080001a8   Section        0  entry10a.o(.ARM.Collect$$$$0000000D)
    .ARM.Collect$$$$0000000F                 0x080001a8   Section        0  entry11a.o(.ARM.Collect$$$$0000000F)
    .ARM.Collect$$$$00002712                 0x080001a8   Section        4  entry2.o(.ARM.Collect$$$$00002712)
    __lit__00000000                          0x080001a8   Data           4  entry2.o(.ARM.Collect$$$$00002712)
    .text                                    0x080001ac   Section       36  startup_stm32f411xe.o(.text)
    $v0                                      0x080001ac   Number         0  startup_stm32f411xe.o(.text)
    .text                                    0x080001d0   Section       36  init.o(.text)
    i.BSP_SD_GetCardInfo                     0x080001f4   Section        0  bsp_driver_sd.o(i.BSP_SD_GetCardInfo)
    i.BSP_SD_GetStatus                       0x08000200   Section        0  bsp_driver_sd.o(i.BSP_SD_GetStatus)
    i.BSP_SD_Init                            0x0800020c   Section        0  bsp_driver_sd.o(i.BSP_SD_Init)
    i.BSP_SD_ReadBlocks                      0x08000234   Section        0  bsp_driver_sd.o(i.BSP_SD_ReadBlocks)
    i.BSP_SD_WriteBlocks                     0x08000254   Section        0  bsp_driver_sd.o(i.BSP_SD_WriteBlocks)
    i.FATFS_LinkDriver                       0x08000274   Section        0  ff_gen_drv.o(i.FATFS_LinkDriver)
    i.HAL_Delay                              0x080002ac   Section        0  stm32f4xx_hal.o(i.HAL_Delay)
    i.HAL_GPIO_Init                          0x080002c4   Section        0  stm32f4xx_hal_gpio.o(i.HAL_GPIO_Init)
    i.HAL_GetTick                            0x0800044c   Section        0  stm32f4xx_hal.o(i.HAL_GetTick)
    i.HAL_IncTick                            0x08000458   Section        0  stm32f4xx_hal.o(i.HAL_IncTick)
    i.HAL_Init                               0x08000468   Section        0  stm32f4xx_hal.o(i.HAL_Init)
    i.HAL_InitTick                           0x0800049c   Section        0  stm32f4xx_hal.o(i.HAL_InitTick)
    i.HAL_MspInit                            0x080004be   Section        0  stm32f4xx_hal_msp.o(i.HAL_MspInit)
    i.HAL_NVIC_SetPriority                   0x080004d4   Section        0  stm32f4xx_hal_cortex.o(i.HAL_NVIC_SetPriority)
    i.HAL_NVIC_SetPriorityGrouping           0x08000514   Section        0  stm32f4xx_hal_cortex.o(i.HAL_NVIC_SetPriorityGrouping)
    i.HAL_RCC_GetHCLKFreq                    0x08000538   Section        0  stm32f4xx_hal_rcc.o(i.HAL_RCC_GetHCLKFreq)
    i.HAL_RCC_GetSysClockFreq                0x0800056c   Section        0  stm32f4xx_hal_rcc.o(i.HAL_RCC_GetSysClockFreq)
    i.HAL_RCC_OscConfig                      0x080005e0   Section        0  stm32f4xx_hal_rcc.o(i.HAL_RCC_OscConfig)
    i.HAL_SD_GetStatus                       0x0800091c   Section        0  stm32f4xx_hal_sd.o(i.HAL_SD_GetStatus)
    i.HAL_SD_Get_CardInfo                    0x0800096a   Section        0  stm32f4xx_hal_sd.o(i.HAL_SD_Get_CardInfo)
    i.HAL_SD_Init                            0x08000c22   Section        0  stm32f4xx_hal_sd.o(i.HAL_SD_Init)
    i.HAL_SD_MspInit                         0x08000cc4   Section        0  stm32f4xx_hal_msp.o(i.HAL_SD_MspInit)
    i.HAL_SD_ReadBlocks                      0x08000d30   Section        0  stm32f4xx_hal_sd.o(i.HAL_SD_ReadBlocks)
    i.HAL_SD_StopTransfer                    0x08000eac   Section        0  stm32f4xx_hal_sd.o(i.HAL_SD_StopTransfer)
    i.HAL_SD_WriteBlocks                     0x08000ed8   Section        0  stm32f4xx_hal_sd.o(i.HAL_SD_WriteBlocks)
    i.HAL_SPI_Init                           0x080010b0   Section        0  stm32f4xx_hal_spi.o(i.HAL_SPI_Init)
    i.HAL_SPI_MspInit                        0x08001134   Section        0  stm32f4xx_hal_msp.o(i.HAL_SPI_MspInit)
    i.HAL_SPI_Transmit                       0x08001224   Section        0  stm32f4xx_hal_spi.o(i.HAL_SPI_Transmit)
    i.HAL_SYSTICK_CLKSourceConfig            0x08001368   Section        0  stm32f4xx_hal_cortex.o(i.HAL_SYSTICK_CLKSourceConfig)
    i.HAL_SYSTICK_Callback                   0x08001380   Section        0  stm32f4xx_hal_cortex.o(i.HAL_SYSTICK_Callback)
    i.HAL_SYSTICK_Config                     0x08001382   Section        0  stm32f4xx_hal_cortex.o(i.HAL_SYSTICK_Config)
    i.HAL_SYSTICK_IRQHandler                 0x080013aa   Section        0  stm32f4xx_hal_cortex.o(i.HAL_SYSTICK_IRQHandler)
    i.MX_FATFS_Init                          0x080013b4   Section        0  fatfs.o(i.MX_FATFS_Init)
    i.SDIO_DataConfig                        0x080013dc   Section        0  stm32f4xx_ll_sdmmc.o(i.SDIO_DataConfig)
    i.SDIO_GetCommandResponse                0x08001400   Section        0  stm32f4xx_ll_sdmmc.o(i.SDIO_GetCommandResponse)
    i.SDIO_GetPowerState                     0x08001406   Section        0  stm32f4xx_ll_sdmmc.o(i.SDIO_GetPowerState)
    i.SDIO_GetResponse                       0x08001410   Section        0  stm32f4xx_ll_sdmmc.o(i.SDIO_GetResponse)
    i.SDIO_Init                              0x08001420   Section        0  stm32f4xx_ll_sdmmc.o(i.SDIO_Init)
    i.SDIO_PowerState_ON                     0x08001444   Section        0  stm32f4xx_ll_sdmmc.o(i.SDIO_PowerState_ON)
    i.SDIO_ReadFIFO                          0x0800144c   Section        0  stm32f4xx_ll_sdmmc.o(i.SDIO_ReadFIFO)
    i.SDIO_SendCommand                       0x08001452   Section        0  stm32f4xx_ll_sdmmc.o(i.SDIO_SendCommand)
    i.SDIO_WriteFIFO                         0x08001472   Section        0  stm32f4xx_ll_sdmmc.o(i.SDIO_WriteFIFO)
    i.SysTick_Handler                        0x0800147c   Section        0  stm32f4xx_it.o(i.SysTick_Handler)
    i.SystemInit                             0x0800148c   Section        0  system_stm32f4xx.o(i.SystemInit)
    i._Z10SD_PowerONP16SD_HandleTypeDef      0x080014e0   Section        0  stm32f4xx_hal_sd.o(i._Z10SD_PowerONP16SD_HandleTypeDef)
    SD_PowerON(SD_HandleTypeDef*)            0x080014e1   Thumb Code   364  stm32f4xx_hal_sd.o(i._Z10SD_PowerONP16SD_HandleTypeDef)
    i._Z10USER_ioctlhPv                      0x08001654   Section        0  user_diskio.o(i._Z10USER_ioctlhPv)
    i._Z10USER_writePKhmj                    0x08001658   Section        0  user_diskio.o(i._Z10USER_writePKhmj)
    i._Z11USER_statusv                       0x0800165c   Section        0  user_diskio.o(i._Z11USER_statusv)
    i._Z12MX_GPIO_Initv                      0x08001674   Section        0  main.o(i._Z12MX_GPIO_Initv)
    MX_GPIO_Init()                           0x08001675   Thumb Code   130  main.o(i._Z12MX_GPIO_Initv)
    i._Z12MX_SPI1_Initv                      0x08001704   Section        0  main.o(i._Z12MX_SPI1_Initv)
    MX_SPI1_Init()                           0x08001705   Thumb Code    46  main.o(i._Z12MX_SPI1_Initv)
    i._Z12MX_SPI2_Initv                      0x0800173c   Section        0  main.o(i._Z12MX_SPI2_Initv)
    MX_SPI2_Init()                           0x0800173d   Thumb Code    44  main.o(i._Z12MX_SPI2_Initv)
    i._Z12MX_SPI3_Initv                      0x08001770   Section        0  main.o(i._Z12MX_SPI3_Initv)
    MX_SPI3_Init()                           0x08001771   Thumb Code    44  main.o(i._Z12MX_SPI3_Initv)
    i._Z13SD_initializev                     0x080017a4   Section        0  sd_diskio.o(i._Z13SD_initializev)
    i._Z15USER_initializev                   0x080017c4   Section        0  user_diskio.o(i._Z15USER_initializev)
    i._Z16NVIC_SetPriority9IRQn_Typej        0x080017dc   Section        0  stm32f4xx_hal_cortex.o(i._Z16NVIC_SetPriority9IRQn_Typej)
    NVIC_SetPriority(IRQn_Type, unsigned)    0x080017dd   Thumb Code    32  stm32f4xx_hal_cortex.o(i._Z16NVIC_SetPriority9IRQn_Typej)
    i._Z16SD_CmdResp1ErrorP16SD_HandleTypeDefh 0x080017fc   Section        0  stm32f4xx_hal_sd.o(i._Z16SD_CmdResp1ErrorP16SD_HandleTypeDefh)
    SD_CmdResp1Error(SD_HandleTypeDef*, unsigned char) 0x080017fd   Thumb Code   230  stm32f4xx_hal_sd.o(i._Z16SD_CmdResp1ErrorP16SD_HandleTypeDefh)
    i._Z16SD_CmdResp2ErrorP16SD_HandleTypeDef 0x080018e8   Section        0  stm32f4xx_hal_sd.o(i._Z16SD_CmdResp2ErrorP16SD_HandleTypeDef)
    SD_CmdResp2Error(SD_HandleTypeDef*)      0x080018e9   Thumb Code    46  stm32f4xx_hal_sd.o(i._Z16SD_CmdResp2ErrorP16SD_HandleTypeDef)
    i._Z16SD_CmdResp6ErrorP16SD_HandleTypeDefhPt 0x08001916   Section        0  stm32f4xx_hal_sd.o(i._Z16SD_CmdResp6ErrorP16SD_HandleTypeDefhPt)
    SD_CmdResp6Error(SD_HandleTypeDef*, unsigned char, unsigned short*) 0x08001917   Thumb Code   114  stm32f4xx_hal_sd.o(i._Z16SD_CmdResp6ErrorP16SD_HandleTypeDefhPt)
    i._Z16SD_CmdResp7ErrorP16SD_HandleTypeDef 0x08001988   Section        0  stm32f4xx_hal_sd.o(i._Z16SD_CmdResp7ErrorP16SD_HandleTypeDef)
    SD_CmdResp7Error(SD_HandleTypeDef*)      0x08001989   Thumb Code    64  stm32f4xx_hal_sd.o(i._Z16SD_CmdResp7ErrorP16SD_HandleTypeDef)
    i._Z18SystemClock_Configv                0x080019c8   Section        0  main.o(i._Z18SystemClock_Configv)
    i._Z19SD_Initialize_CardsP16SD_HandleTypeDef 0x08001a3c   Section        0  stm32f4xx_hal_sd.o(i._Z19SD_Initialize_CardsP16SD_HandleTypeDef)
    SD_Initialize_Cards(SD_HandleTypeDef*)   0x08001a3d   Thumb Code   220  stm32f4xx_hal_sd.o(i._Z19SD_Initialize_CardsP16SD_HandleTypeDef)
    i._Z20SD_IsCardProgrammingP16SD_HandleTypeDefPh 0x08001b18   Section        0  stm32f4xx_hal_sd.o(i._Z20SD_IsCardProgrammingP16SD_HandleTypeDefPh)
    SD_IsCardProgramming(SD_HandleTypeDef*, unsigned char*) 0x08001b19   Thumb Code   310  stm32f4xx_hal_sd.o(i._Z20SD_IsCardProgrammingP16SD_HandleTypeDefPh)
    i._Z26SPI_WaitOnFlagUntilTimeoutP19__SPI_HandleTypeDefj10FlagStatusj 0x08001c54   Section        0  stm32f4xx_hal_spi.o(i._Z26SPI_WaitOnFlagUntilTimeoutP19__SPI_HandleTypeDefj10FlagStatusj)
    SPI_WaitOnFlagUntilTimeout(__SPI_HandleTypeDef*, unsigned, FlagStatus, unsigned) 0x08001c55   Thumb Code   158  stm32f4xx_hal_spi.o(i._Z26SPI_WaitOnFlagUntilTimeoutP19__SPI_HandleTypeDefj10FlagStatusj)
    i._Z7SD_readPhmj                         0x08001cf2   Section        0  sd_diskio.o(i._Z7SD_readPhmj)
    i._Z8SD_ioctlhPv                         0x08001d10   Section        0  sd_diskio.o(i._Z8SD_ioctlhPv)
    i._Z8SD_writePKhmj                       0x08001d60   Section        0  sd_diskio.o(i._Z8SD_writePKhmj)
    i._Z9SD_statusv                          0x08001d7c   Section        0  sd_diskio.o(i._Z9SD_statusv)
    i._Z9USER_readPhmj                       0x08001d9c   Section        0  user_diskio.o(i._Z9USER_readPhmj)
    i.__scatterload_copy                     0x08001da0   Section       14  handlers.o(i.__scatterload_copy)
    i.__scatterload_null                     0x08001dae   Section        2  handlers.o(i.__scatterload_null)
    i.__scatterload_zeroinit                 0x08001db0   Section       14  handlers.o(i.__scatterload_zeroinit)
    i.main                                   0x08001dc0   Section        0  main.o(i.main)
    .constdata                               0x08001e14   Section       16  stm32f4xx_hal_rcc.o(.constdata)
    APBAHBPrescTable                         0x08001e14   Data          16  stm32f4xx_hal_rcc.o(.constdata)
    .data                                    0x20000000   Section       10  fatfs.o(.data)
    .data                                    0x2000000a   Section        1  user_diskio.o(.data)
    Stat                                     0x2000000a   Data           1  user_diskio.o(.data)
    .data                                    0x2000000c   Section       20  user_diskio.o(.data)
    .data                                    0x20000020   Section        1  sd_diskio.o(.data)
    Stat                                     0x20000020   Data           1  sd_diskio.o(.data)
    .data                                    0x20000024   Section       20  sd_diskio.o(.data)
    .data                                    0x20000038   Section        4  system_stm32f4xx.o(.data)
    .data                                    0x2000003c   Section        4  stm32f4xx_hal.o(.data)
    uwTick                                   0x2000003c   Data           4  stm32f4xx_hal.o(.data)
    .bss                                     0x20000040   Section      360  main.o(.bss)
    .bss                                     0x200001a8   Section       88  main.o(.bss)
    .bss                                     0x20000200   Section       16  ff_gen_drv.o(.bss)
    STACK                                    0x20000210   Section     1024  startup_stm32f411xe.o(STACK)

    Global Symbols

    Symbol Name                              Value     Ov Type        Size  Object(Section)

    BuildAttributes$$THM_ISAv4$E$P$D$K$B$S$7EM$VFPi3$EXTD16$VFPS$VFMA$PE$A:L22UL41UL21$X:L11$S22US41US21$IEEE1$IW$USESV6$~STKCKD$USESV7$~SHL$OSPACE$EBA8$UX$MICROLIB$REQ8$PRES8$EABIv2 0x00000000   Number         0  anon$$obj.o ABSOLUTE
    __ARM_use_no_argv                        0x00000000   Number         0  main.o ABSOLUTE
    __ARM::default_unexpected_handler()       - Undefined Weak Reference
    __ARM_exceptions_buffer_required          - Undefined Weak Reference
    __cpp_initialize__aeabi_                  - Undefined Weak Reference
    __cxa_finalize                            - Undefined Weak Reference
    __decompress                              - Undefined Weak Reference
    _clock_init                               - Undefined Weak Reference
    _microlib_exit                            - Undefined Weak Reference
    __Vectors_Size                           0x00000198   Number         0  startup_stm32f411xe.o ABSOLUTE
    __Vectors                                0x08000000   Data           4  startup_stm32f411xe.o(RESET)
    __Vectors_End                            0x08000198   Data           0  startup_stm32f411xe.o(RESET)
    __main                                   0x08000199   Thumb Code     0  entry.o(.ARM.Collect$$$$00000000)
    _main_stk                                0x08000199   Thumb Code     0  entry2.o(.ARM.Collect$$$$00000001)
    _main_scatterload                        0x0800019d   Thumb Code     0  entry5.o(.ARM.Collect$$$$00000004)
    __main_after_scatterload                 0x080001a1   Thumb Code     0  entry5.o(.ARM.Collect$$$$00000004)
    _main_clock                              0x080001a1   Thumb Code     0  entry7b.o(.ARM.Collect$$$$00000008)
    _main_cpp_init                           0x080001a1   Thumb Code     0  entry8b.o(.ARM.Collect$$$$0000000A)
    _main_init                               0x080001a1   Thumb Code     0  entry9a.o(.ARM.Collect$$$$0000000B)
    __rt_final_cpp                           0x080001a9   Thumb Code     0  entry10a.o(.ARM.Collect$$$$0000000D)
    __rt_final_exit                          0x080001a9   Thumb Code     0  entry11a.o(.ARM.Collect$$$$0000000F)
    Reset_Handler                            0x080001ad   Thumb Code     8  startup_stm32f411xe.o(.text)
    NMI_Handler                              0x080001b5   Thumb Code     2  startup_stm32f411xe.o(.text)
    HardFault_Handler                        0x080001b7   Thumb Code     2  startup_stm32f411xe.o(.text)
    MemManage_Handler                        0x080001b9   Thumb Code     2  startup_stm32f411xe.o(.text)
    BusFault_Handler                         0x080001bb   Thumb Code     2  startup_stm32f411xe.o(.text)
    UsageFault_Handler                       0x080001bd   Thumb Code     2  startup_stm32f411xe.o(.text)
    SVC_Handler                              0x080001bf   Thumb Code     2  startup_stm32f411xe.o(.text)
    DebugMon_Handler                         0x080001c1   Thumb Code     2  startup_stm32f411xe.o(.text)
    PendSV_Handler                           0x080001c3   Thumb Code     2  startup_stm32f411xe.o(.text)
    ADC_IRQHandler                           0x080001c7   Thumb Code     0  startup_stm32f411xe.o(.text)
    DMA1_Stream0_IRQHandler                  0x080001c7   Thumb Code     0  startup_stm32f411xe.o(.text)
    DMA1_Stream1_IRQHandler                  0x080001c7   Thumb Code     0  startup_stm32f411xe.o(.text)
    DMA1_Stream2_IRQHandler                  0x080001c7   Thumb Code     0  startup_stm32f411xe.o(.text)
    DMA1_Stream3_IRQHandler                  0x080001c7   Thumb Code     0  startup_stm32f411xe.o(.text)
    DMA1_Stream4_IRQHandler                  0x080001c7   Thumb Code     0  startup_stm32f411xe.o(.text)
    DMA1_Stream5_IRQHandler                  0x080001c7   Thumb Code     0  startup_stm32f411xe.o(.text)
    DMA1_Stream6_IRQHandler                  0x080001c7   Thumb Code     0  startup_stm32f411xe.o(.text)
    DMA1_Stream7_IRQHandler                  0x080001c7   Thumb Code     0  startup_stm32f411xe.o(.text)
    DMA2_Stream0_IRQHandler                  0x080001c7   Thumb Code     0  startup_stm32f411xe.o(.text)
    DMA2_Stream1_IRQHandler                  0x080001c7   Thumb Code     0  startup_stm32f411xe.o(.text)
    DMA2_Stream2_IRQHandler                  0x080001c7   Thumb Code     0  startup_stm32f411xe.o(.text)
    DMA2_Stream3_IRQHandler                  0x080001c7   Thumb Code     0  startup_stm32f411xe.o(.text)
    DMA2_Stream4_IRQHandler                  0x080001c7   Thumb Code     0  startup_stm32f411xe.o(.text)
    DMA2_Stream5_IRQHandler                  0x080001c7   Thumb Code     0  startup_stm32f411xe.o(.text)
    DMA2_Stream6_IRQHandler                  0x080001c7   Thumb Code     0  startup_stm32f411xe.o(.text)
    DMA2_Stream7_IRQHandler                  0x080001c7   Thumb Code     0  startup_stm32f411xe.o(.text)
    EXTI0_IRQHandler                         0x080001c7   Thumb Code     0  startup_stm32f411xe.o(.text)
    EXTI15_10_IRQHandler                     0x080001c7   Thumb Code     0  startup_stm32f411xe.o(.text)
    EXTI1_IRQHandler                         0x080001c7   Thumb Code     0  startup_stm32f411xe.o(.text)
    EXTI2_IRQHandler                         0x080001c7   Thumb Code     0  startup_stm32f411xe.o(.text)
    EXTI3_IRQHandler                         0x080001c7   Thumb Code     0  startup_stm32f411xe.o(.text)
    EXTI4_IRQHandler                         0x080001c7   Thumb Code     0  startup_stm32f411xe.o(.text)
    EXTI9_5_IRQHandler                       0x080001c7   Thumb Code     0  startup_stm32f411xe.o(.text)
    FLASH_IRQHandler                         0x080001c7   Thumb Code     0  startup_stm32f411xe.o(.text)
    FPU_IRQHandler                           0x080001c7   Thumb Code     0  startup_stm32f411xe.o(.text)
    I2C1_ER_IRQHandler                       0x080001c7   Thumb Code     0  startup_stm32f411xe.o(.text)
    I2C1_EV_IRQHandler                       0x080001c7   Thumb Code     0  startup_stm32f411xe.o(.text)
    I2C2_ER_IRQHandler                       0x080001c7   Thumb Code     0  startup_stm32f411xe.o(.text)
    I2C2_EV_IRQHandler                       0x080001c7   Thumb Code     0  startup_stm32f411xe.o(.text)
    I2C3_ER_IRQHandler                       0x080001c7   Thumb Code     0  startup_stm32f411xe.o(.text)
    I2C3_EV_IRQHandler                       0x080001c7   Thumb Code     0  startup_stm32f411xe.o(.text)
    OTG_FS_IRQHandler                        0x080001c7   Thumb Code     0  startup_stm32f411xe.o(.text)
    OTG_FS_WKUP_IRQHandler                   0x080001c7   Thumb Code     0  startup_stm32f411xe.o(.text)
    PVD_IRQHandler                           0x080001c7   Thumb Code     0  startup_stm32f411xe.o(.text)
    RCC_IRQHandler                           0x080001c7   Thumb Code     0  startup_stm32f411xe.o(.text)
    RTC_Alarm_IRQHandler                     0x080001c7   Thumb Code     0  startup_stm32f411xe.o(.text)
    RTC_WKUP_IRQHandler                      0x080001c7   Thumb Code     0  startup_stm32f411xe.o(.text)
    SDIO_IRQHandler                          0x080001c7   Thumb Code     0  startup_stm32f411xe.o(.text)
    SPI1_IRQHandler                          0x080001c7   Thumb Code     0  startup_stm32f411xe.o(.text)
    SPI2_IRQHandler                          0x080001c7   Thumb Code     0  startup_stm32f411xe.o(.text)
    SPI3_IRQHandler                          0x080001c7   Thumb Code     0  startup_stm32f411xe.o(.text)
    SPI4_IRQHandler                          0x080001c7   Thumb Code     0  startup_stm32f411xe.o(.text)
    SPI5_IRQHandler                          0x080001c7   Thumb Code     0  startup_stm32f411xe.o(.text)
    TAMP_STAMP_IRQHandler                    0x080001c7   Thumb Code     0  startup_stm32f411xe.o(.text)
    TIM1_BRK_TIM9_IRQHandler                 0x080001c7   Thumb Code     0  startup_stm32f411xe.o(.text)
    TIM1_CC_IRQHandler                       0x080001c7   Thumb Code     0  startup_stm32f411xe.o(.text)
    TIM1_TRG_COM_TIM11_IRQHandler            0x080001c7   Thumb Code     0  startup_stm32f411xe.o(.text)
    TIM1_UP_TIM10_IRQHandler                 0x080001c7   Thumb Code     0  startup_stm32f411xe.o(.text)
    TIM2_IRQHandler                          0x080001c7   Thumb Code     0  startup_stm32f411xe.o(.text)
    TIM3_IRQHandler                          0x080001c7   Thumb Code     0  startup_stm32f411xe.o(.text)
    TIM4_IRQHandler                          0x080001c7   Thumb Code     0  startup_stm32f411xe.o(.text)
    TIM5_IRQHandler                          0x080001c7   Thumb Code     0  startup_stm32f411xe.o(.text)
    USART1_IRQHandler                        0x080001c7   Thumb Code     0  startup_stm32f411xe.o(.text)
    USART2_IRQHandler                        0x080001c7   Thumb Code     0  startup_stm32f411xe.o(.text)
    USART6_IRQHandler                        0x080001c7   Thumb Code     0  startup_stm32f411xe.o(.text)
    WWDG_IRQHandler                          0x080001c7   Thumb Code     0  startup_stm32f411xe.o(.text)
    __scatterload                            0x080001d1   Thumb Code    28  init.o(.text)
    __scatterload_rt2                        0x080001d1   Thumb Code     0  init.o(.text)
    BSP_SD_GetCardInfo                       0x080001f5   Thumb Code     8  bsp_driver_sd.o(i.BSP_SD_GetCardInfo)
    BSP_SD_GetStatus                         0x08000201   Thumb Code     6  bsp_driver_sd.o(i.BSP_SD_GetStatus)
    BSP_SD_Init                              0x0800020d   Thumb Code    32  bsp_driver_sd.o(i.BSP_SD_Init)
    BSP_SD_ReadBlocks                        0x08000235   Thumb Code    26  bsp_driver_sd.o(i.BSP_SD_ReadBlocks)
    BSP_SD_WriteBlocks                       0x08000255   Thumb Code    26  bsp_driver_sd.o(i.BSP_SD_WriteBlocks)
    FATFS_LinkDriver                         0x08000275   Thumb Code    52  ff_gen_drv.o(i.FATFS_LinkDriver)
    HAL_Delay                                0x080002ad   Thumb Code    22  stm32f4xx_hal.o(i.HAL_Delay)
    HAL_GPIO_Init                            0x080002c5   Thumb Code   358  stm32f4xx_hal_gpio.o(i.HAL_GPIO_Init)
    HAL_GetTick                              0x0800044d   Thumb Code     6  stm32f4xx_hal.o(i.HAL_GetTick)
    HAL_IncTick                              0x08000459   Thumb Code    10  stm32f4xx_hal.o(i.HAL_IncTick)
    HAL_Init                                 0x08000469   Thumb Code    48  stm32f4xx_hal.o(i.HAL_Init)
    HAL_InitTick                             0x0800049d   Thumb Code    34  stm32f4xx_hal.o(i.HAL_InitTick)
    HAL_MspInit                              0x080004bf   Thumb Code    22  stm32f4xx_hal_msp.o(i.HAL_MspInit)
    HAL_NVIC_SetPriority                     0x080004d5   Thumb Code    60  stm32f4xx_hal_cortex.o(i.HAL_NVIC_SetPriority)
    HAL_NVIC_SetPriorityGrouping             0x08000515   Thumb Code    26  stm32f4xx_hal_cortex.o(i.HAL_NVIC_SetPriorityGrouping)
    HAL_RCC_GetHCLKFreq                      0x08000539   Thumb Code    38  stm32f4xx_hal_rcc.o(i.HAL_RCC_GetHCLKFreq)
    HAL_RCC_GetSysClockFreq                  0x0800056d   Thumb Code   104  stm32f4xx_hal_rcc.o(i.HAL_RCC_GetSysClockFreq)
    HAL_RCC_OscConfig                        0x080005e1   Thumb Code   806  stm32f4xx_hal_rcc.o(i.HAL_RCC_OscConfig)
    HAL_SD_GetStatus                         0x0800091d   Thumb Code    78  stm32f4xx_hal_sd.o(i.HAL_SD_GetStatus)
    HAL_SD_Get_CardInfo                      0x0800096b   Thumb Code   696  stm32f4xx_hal_sd.o(i.HAL_SD_Get_CardInfo)
    HAL_SD_Init                              0x08000c23   Thumb Code   160  stm32f4xx_hal_sd.o(i.HAL_SD_Init)
    HAL_SD_MspInit                           0x08000cc5   Thumb Code    86  stm32f4xx_hal_msp.o(i.HAL_SD_MspInit)
    HAL_SD_ReadBlocks                        0x08000d31   Thumb Code   380  stm32f4xx_hal_sd.o(i.HAL_SD_ReadBlocks)
    HAL_SD_StopTransfer                      0x08000ead   Thumb Code    44  stm32f4xx_hal_sd.o(i.HAL_SD_StopTransfer)
    HAL_SD_WriteBlocks                       0x08000ed9   Thumb Code   472  stm32f4xx_hal_sd.o(i.HAL_SD_WriteBlocks)
    HAL_SPI_Init                             0x080010b1   Thumb Code   132  stm32f4xx_hal_spi.o(i.HAL_SPI_Init)
    HAL_SPI_MspInit                          0x08001135   Thumb Code   212  stm32f4xx_hal_msp.o(i.HAL_SPI_MspInit)
    HAL_SPI_Transmit                         0x08001225   Thumb Code   324  stm32f4xx_hal_spi.o(i.HAL_SPI_Transmit)
    HAL_SYSTICK_CLKSourceConfig              0x08001369   Thumb Code    24  stm32f4xx_hal_cortex.o(i.HAL_SYSTICK_CLKSourceConfig)
    HAL_SYSTICK_Callback                     0x08001381   Thumb Code     2  stm32f4xx_hal_cortex.o(i.HAL_SYSTICK_Callback)
    HAL_SYSTICK_Config                       0x08001383   Thumb Code    40  stm32f4xx_hal_cortex.o(i.HAL_SYSTICK_Config)
    HAL_SYSTICK_IRQHandler                   0x080013ab   Thumb Code     8  stm32f4xx_hal_cortex.o(i.HAL_SYSTICK_IRQHandler)
    MX_FATFS_Init                            0x080013b5   Thumb Code    28  fatfs.o(i.MX_FATFS_Init)
    SDIO_DataConfig                          0x080013dd   Thumb Code    36  stm32f4xx_ll_sdmmc.o(i.SDIO_DataConfig)
    SDIO_GetCommandResponse                  0x08001401   Thumb Code     6  stm32f4xx_ll_sdmmc.o(i.SDIO_GetCommandResponse)
    SDIO_GetPowerState                       0x08001407   Thumb Code     8  stm32f4xx_ll_sdmmc.o(i.SDIO_GetPowerState)
    SDIO_GetResponse                         0x08001411   Thumb Code    12  stm32f4xx_ll_sdmmc.o(i.SDIO_GetResponse)
    SDIO_Init                                0x08001421   Thumb Code    36  stm32f4xx_ll_sdmmc.o(i.SDIO_Init)
    SDIO_PowerState_ON                       0x08001445   Thumb Code     8  stm32f4xx_ll_sdmmc.o(i.SDIO_PowerState_ON)
    SDIO_ReadFIFO                            0x0800144d   Thumb Code     6  stm32f4xx_ll_sdmmc.o(i.SDIO_ReadFIFO)
    SDIO_SendCommand                         0x08001453   Thumb Code    32  stm32f4xx_ll_sdmmc.o(i.SDIO_SendCommand)
    SDIO_WriteFIFO                           0x08001473   Thumb Code    10  stm32f4xx_ll_sdmmc.o(i.SDIO_WriteFIFO)
    SysTick_Handler                          0x0800147d   Thumb Code    14  stm32f4xx_it.o(i.SysTick_Handler)
    SystemInit                               0x0800148d   Thumb Code    66  system_stm32f4xx.o(i.SystemInit)
    USER_ioctl(unsigned char, void*)         0x08001655   Thumb Code     4  user_diskio.o(i._Z10USER_ioctlhPv)
    USER_write(const unsigned char*, unsigned long, unsigned) 0x08001659   Thumb Code     4  user_diskio.o(i._Z10USER_writePKhmj)
    USER_status()                            0x0800165d   Thumb Code    18  user_diskio.o(i._Z11USER_statusv)
    SD_initialize()                          0x080017a5   Thumb Code    26  sd_diskio.o(i._Z13SD_initializev)
    USER_initialize()                        0x080017c5   Thumb Code    18  user_diskio.o(i._Z15USER_initializev)
    SystemClock_Config()                     0x080019c9   Thumb Code   106  main.o(i._Z18SystemClock_Configv)
    SD_read(unsigned char*, unsigned long, unsigned) 0x08001cf3   Thumb Code    28  sd_diskio.o(i._Z7SD_readPhmj)
    SD_ioctl(unsigned char, void*)           0x08001d11   Thumb Code    76  sd_diskio.o(i._Z8SD_ioctlhPv)
    SD_write(const unsigned char*, unsigned long, unsigned) 0x08001d61   Thumb Code    28  sd_diskio.o(i._Z8SD_writePKhmj)
    SD_status()                              0x08001d7d   Thumb Code    26  sd_diskio.o(i._Z9SD_statusv)
    USER_read(unsigned char*, unsigned long, unsigned) 0x08001d9d   Thumb Code     4  user_diskio.o(i._Z9USER_readPhmj)
    __scatterload_copy                       0x08001da1   Thumb Code    14  handlers.o(i.__scatterload_copy)
    __scatterload_null                       0x08001daf   Thumb Code     2  handlers.o(i.__scatterload_null)
    __scatterload_zeroinit                   0x08001db1   Thumb Code    14  handlers.o(i.__scatterload_zeroinit)
    main                                     0x08001dc1   Thumb Code    74  main.o(i.main)
    Region$$Table$$Base                      0x08001e24   Number         0  anon$$obj.o(Region$$Table)
    Region$$Table$$Limit                     0x08001e44   Number         0  anon$$obj.o(Region$$Table)
    retSD                                    0x20000000   Data           1  fatfs.o(.data)
    retUSER                                  0x20000001   Data           1  fatfs.o(.data)
    SD_Path                                  0x20000002   Data           4  fatfs.o(.data)
    USER_Path                                0x20000006   Data           4  fatfs.o(.data)
    USER_Driver                              0x2000000c   Data          20  user_diskio.o(.data)
    SD_Driver                                0x20000024   Data          20  sd_diskio.o(.data)
    SystemCoreClock                          0x20000038   Data           4  system_stm32f4xx.o(.data)
    hsd                                      0x20000040   Data          96  main.o(.bss)
    hspi1                                    0x200000a0   Data          88  main.o(.bss)
    hspi2                                    0x200000f8   Data          88  main.o(.bss)
    hspi3                                    0x20000150   Data          88  main.o(.bss)
    SDCardInfo                               0x200001a8   Data          88  main.o(.bss)
    disk                                     0x20000200   Data          16  ff_gen_drv.o(.bss)
    __initial_sp                             0x20000610   Data           0  startup_stm32f411xe.o(STACK)



==============================================================================

Memory Map of the image

  Image Entry point : 0x08000199

  Load Region LR_IROM1 (Base: 0x08000000, Size: 0x00001e84, Max: 0x00080000, ABSOLUTE)

    Execution Region ER_IROM1 (Base: 0x08000000, Size: 0x00001e44, Max: 0x00080000, ABSOLUTE)

    Base Addr    Size         Type   Attr      Idx    E Section Name        Object

    0x08000000   0x00000198   Data   RO          636    RESET               startup_stm32f411xe.o
    0x08000198   0x00000000   Code   RO         3291  * .ARM.Collect$$$$00000000  mc_w.l(entry.o)
    0x08000198   0x00000004   Code   RO         3337    .ARM.Collect$$$$00000001  mc_w.l(entry2.o)
    0x0800019c   0x00000004   Code   RO         3340    .ARM.Collect$$$$00000004  mc_w.l(entry5.o)
    0x080001a0   0x00000000   Code   RO         3342    .ARM.Collect$$$$00000008  mc_w.l(entry7b.o)
    0x080001a0   0x00000000   Code   RO         3344    .ARM.Collect$$$$0000000A  mc_w.l(entry8b.o)
    0x080001a0   0x00000008   Code   RO         3345    .ARM.Collect$$$$0000000B  mc_w.l(entry9a.o)
    0x080001a8   0x00000000   Code   RO         3347    .ARM.Collect$$$$0000000D  mc_w.l(entry10a.o)
    0x080001a8   0x00000000   Code   RO         3349    .ARM.Collect$$$$0000000F  mc_w.l(entry11a.o)
    0x080001a8   0x00000004   Code   RO         3338    .ARM.Collect$$$$00002712  mc_w.l(entry2.o)
    0x080001ac   0x00000024   Code   RO          637    .text               startup_stm32f411xe.o
    0x080001d0   0x00000024   Code   RO         3370    .text               mc_w.l(init.o)
    0x080001f4   0x0000000c   Code   RO          300    i.BSP_SD_GetCardInfo  bsp_driver_sd.o
    0x08000200   0x0000000c   Code   RO          301    i.BSP_SD_GetStatus  bsp_driver_sd.o
    0x0800020c   0x00000028   Code   RO          304    i.BSP_SD_Init       bsp_driver_sd.o
    0x08000234   0x00000020   Code   RO          306    i.BSP_SD_ReadBlocks  bsp_driver_sd.o
    0x08000254   0x00000020   Code   RO          308    i.BSP_SD_WriteBlocks  bsp_driver_sd.o
    0x08000274   0x00000038   Code   RO         1247    i.FATFS_LinkDriver  ff_gen_drv.o
    0x080002ac   0x00000016   Code   RO         2693    i.HAL_Delay         stm32f4xx_hal.o
    0x080002c2   0x00000002   PAD
    0x080002c4   0x00000188   Code   RO         2856    i.HAL_GPIO_Init     stm32f4xx_hal_gpio.o
    0x0800044c   0x0000000c   Code   RO         2699    i.HAL_GetTick       stm32f4xx_hal.o
    0x08000458   0x00000010   Code   RO         2700    i.HAL_IncTick       stm32f4xx_hal.o
    0x08000468   0x00000034   Code   RO         2701    i.HAL_Init          stm32f4xx_hal.o
    0x0800049c   0x00000022   Code   RO         2702    i.HAL_InitTick      stm32f4xx_hal.o
    0x080004be   0x00000016   Code   RO          242    i.HAL_MspInit       stm32f4xx_hal_msp.o
    0x080004d4   0x00000040   Code   RO         1456    i.HAL_NVIC_SetPriority  stm32f4xx_hal_cortex.o
    0x08000514   0x00000024   Code   RO         1457    i.HAL_NVIC_SetPriorityGrouping  stm32f4xx_hal_cortex.o
    0x08000538   0x00000034   Code   RO         2574    i.HAL_RCC_GetHCLKFreq  stm32f4xx_hal_rcc.o
    0x0800056c   0x00000074   Code   RO         2578    i.HAL_RCC_GetSysClockFreq  stm32f4xx_hal_rcc.o
    0x080005e0   0x0000033c   Code   RO         2581    i.HAL_RCC_OscConfig  stm32f4xx_hal_rcc.o
    0x0800091c   0x0000004e   Code   RO         1635    i.HAL_SD_GetStatus  stm32f4xx_hal_sd.o
    0x0800096a   0x000002b8   Code   RO         1636    i.HAL_SD_Get_CardInfo  stm32f4xx_hal_sd.o
    0x08000c22   0x000000a0   Code   RO         1639    i.HAL_SD_Init       stm32f4xx_hal_sd.o
    0x08000cc2   0x00000002   PAD
    0x08000cc4   0x0000006c   Code   RO          244    i.HAL_SD_MspInit    stm32f4xx_hal_msp.o
    0x08000d30   0x0000017c   Code   RO         1642    i.HAL_SD_ReadBlocks  stm32f4xx_hal_sd.o
    0x08000eac   0x0000002c   Code   RO         1645    i.HAL_SD_StopTransfer  stm32f4xx_hal_sd.o
    0x08000ed8   0x000001d8   Code   RO         1647    i.HAL_SD_WriteBlocks  stm32f4xx_hal_sd.o
    0x080010b0   0x00000084   Code   RO         2048    i.HAL_SPI_Init      stm32f4xx_hal_spi.o
    0x08001134   0x000000f0   Code   RO          246    i.HAL_SPI_MspInit   stm32f4xx_hal_msp.o
    0x08001224   0x00000144   Code   RO         2056    i.HAL_SPI_Transmit  stm32f4xx_hal_spi.o
    0x08001368   0x00000018   Code   RO         1459    i.HAL_SYSTICK_CLKSourceConfig  stm32f4xx_hal_cortex.o
    0x08001380   0x00000002   Code   RO         1460    i.HAL_SYSTICK_Callback  stm32f4xx_hal_cortex.o
    0x08001382   0x00000028   Code   RO         1461    i.HAL_SYSTICK_Config  stm32f4xx_hal_cortex.o
    0x080013aa   0x00000008   Code   RO         1462    i.HAL_SYSTICK_IRQHandler  stm32f4xx_hal_cortex.o
    0x080013b2   0x00000002   PAD
    0x080013b4   0x00000028   Code   RO            4    i.MX_FATFS_Init     fatfs.o
    0x080013dc   0x00000024   Code   RO         2459    i.SDIO_DataConfig   stm32f4xx_ll_sdmmc.o
    0x08001400   0x00000006   Code   RO         2460    i.SDIO_GetCommandResponse  stm32f4xx_ll_sdmmc.o
    0x08001406   0x00000008   Code   RO         2463    i.SDIO_GetPowerState  stm32f4xx_ll_sdmmc.o
    0x0800140e   0x00000002   PAD
    0x08001410   0x00000010   Code   RO         2464    i.SDIO_GetResponse  stm32f4xx_ll_sdmmc.o
    0x08001420   0x00000024   Code   RO         2465    i.SDIO_Init         stm32f4xx_ll_sdmmc.o
    0x08001444   0x00000008   Code   RO         2467    i.SDIO_PowerState_ON  stm32f4xx_ll_sdmmc.o
    0x0800144c   0x00000006   Code   RO         2468    i.SDIO_ReadFIFO     stm32f4xx_ll_sdmmc.o
    0x08001452   0x00000020   Code   RO         2469    i.SDIO_SendCommand  stm32f4xx_ll_sdmmc.o
    0x08001472   0x0000000a   Code   RO         2471    i.SDIO_WriteFIFO    stm32f4xx_ll_sdmmc.o
    0x0800147c   0x0000000e   Code   RO          214    i.SysTick_Handler   stm32f4xx_it.o
    0x0800148a   0x00000002   PAD
    0x0800148c   0x00000054   Code   RO         1323    i.SystemInit        system_stm32f4xx.o
    0x080014e0   0x00000174   Code   RO         1652    i._Z10SD_PowerONP16SD_HandleTypeDef  stm32f4xx_hal_sd.o
    0x08001654   0x00000004   Code   RO          150    i._Z10USER_ioctlhPv  user_diskio.o
    0x08001658   0x00000004   Code   RO          151    i._Z10USER_writePKhmj  user_diskio.o
    0x0800165c   0x00000018   Code   RO          152    i._Z11USER_statusv  user_diskio.o
    0x08001674   0x00000090   Code   RO          418    i._Z12MX_GPIO_Initv  main.o
    0x08001704   0x00000038   Code   RO          419    i._Z12MX_SPI1_Initv  main.o
    0x0800173c   0x00000034   Code   RO          420    i._Z12MX_SPI2_Initv  main.o
    0x08001770   0x00000034   Code   RO          421    i._Z12MX_SPI3_Initv  main.o
    0x080017a4   0x00000020   Code   RO          689    i._Z13SD_initializev  sd_diskio.o
    0x080017c4   0x00000018   Code   RO          153    i._Z15USER_initializev  user_diskio.o
    0x080017dc   0x00000020   Code   RO         1463    i._Z16NVIC_SetPriority9IRQn_Typej  stm32f4xx_hal_cortex.o
    0x080017fc   0x000000ec   Code   RO         1657    i._Z16SD_CmdResp1ErrorP16SD_HandleTypeDefh  stm32f4xx_hal_sd.o
    0x080018e8   0x0000002e   Code   RO         1658    i._Z16SD_CmdResp2ErrorP16SD_HandleTypeDef  stm32f4xx_hal_sd.o
    0x08001916   0x00000072   Code   RO         1659    i._Z16SD_CmdResp6ErrorP16SD_HandleTypeDefhPt  stm32f4xx_hal_sd.o
    0x08001988   0x00000040   Code   RO         1660    i._Z16SD_CmdResp7ErrorP16SD_HandleTypeDef  stm32f4xx_hal_sd.o
    0x080019c8   0x00000074   Code   RO          422    i._Z18SystemClock_Configv  main.o
    0x08001a3c   0x000000dc   Code   RO         1663    i._Z19SD_Initialize_CardsP16SD_HandleTypeDef  stm32f4xx_hal_sd.o
    0x08001b18   0x0000013c   Code   RO         1664    i._Z20SD_IsCardProgrammingP16SD_HandleTypeDefPh  stm32f4xx_hal_sd.o
    0x08001c54   0x0000009e   Code   RO         2076    i._Z26SPI_WaitOnFlagUntilTimeoutP19__SPI_HandleTypeDefj10FlagStatusj  stm32f4xx_hal_spi.o
    0x08001cf2   0x0000001c   Code   RO          690    i._Z7SD_readPhmj    sd_diskio.o
    0x08001d0e   0x00000002   PAD
    0x08001d10   0x00000050   Code   RO          691    i._Z8SD_ioctlhPv    sd_diskio.o
    0x08001d60   0x0000001c   Code   RO          692    i._Z8SD_writePKhmj  sd_diskio.o
    0x08001d7c   0x00000020   Code   RO          693    i._Z9SD_statusv     sd_diskio.o
    0x08001d9c   0x00000004   Code   RO          154    i._Z9USER_readPhmj  user_diskio.o
    0x08001da0   0x0000000e   Code   RO         3382    i.__scatterload_copy  mc_w.l(handlers.o)
    0x08001dae   0x00000002   Code   RO         3383    i.__scatterload_null  mc_w.l(handlers.o)
    0x08001db0   0x0000000e   Code   RO         3384    i.__scatterload_zeroinit  mc_w.l(handlers.o)
    0x08001dbe   0x00000002   PAD
    0x08001dc0   0x00000054   Code   RO          423    i.main              main.o
    0x08001e14   0x00000010   Data   RO         2596    .constdata          stm32f4xx_hal_rcc.o
    0x08001e24   0x00000020   Data   RO         3380    Region$$Table       anon$$obj.o


    Execution Region RW_IRAM1 (Base: 0x20000000, Size: 0x00000610, Max: 0x00020000, ABSOLUTE)

    Base Addr    Size         Type   Attr      Idx    E Section Name        Object

    0x20000000   0x0000000a   Data   RW            6    .data               fatfs.o
    0x2000000a   0x00000001   Data   RW          160    .data               user_diskio.o
    0x2000000b   0x00000001   PAD
    0x2000000c   0x00000014   Data   RW          161    .data               user_diskio.o
    0x20000020   0x00000001   Data   RW          699    .data               sd_diskio.o
    0x20000021   0x00000003   PAD
    0x20000024   0x00000014   Data   RW          700    .data               sd_diskio.o
    0x20000038   0x00000004   Data   RW         1327    .data               system_stm32f4xx.o
    0x2000003c   0x00000004   Data   RW         2728    .data               stm32f4xx_hal.o
    0x20000040   0x00000168   Zero   RW          430    .bss                main.o
    0x200001a8   0x00000058   Zero   RW          431    .bss                main.o
    0x20000200   0x00000010   Zero   RW         1252    .bss                ff_gen_drv.o
    0x20000210   0x00000400   Zero   RW          634    STACK               startup_stm32f411xe.o


==============================================================================

Image component sizes


      Code (inc. data)   RO Data    RW Data    ZI Data      Debug   Object Name

       128         30          0          0          0       3390   bsp_driver_sd.o
        40         12          0         10          0     225494   fatfs.o
        56          4          0          0         16       1010   ff_gen_drv.o
       504         60          0          0        448       4847   main.o
       200         16          0         21          0       4220   sd_diskio.o
        36          8        408          0       1024        940   startup_stm32f411xe.o
       136         16          0          4          0       4314   stm32f4xx_hal.o
       206         14          0          0          0      31344   stm32f4xx_hal_cortex.o
       392         34          0          0          0       1896   stm32f4xx_hal_gpio.o
       370         50          0          0          0       2433   stm32f4xx_hal_msp.o
       996         48         16          0          0       3784   stm32f4xx_hal_rcc.o
      3198         20          0          0          0      17914   stm32f4xx_hal_sd.o
       614          0          0          0          0       3398   stm32f4xx_hal_spi.o
        14          0          0          0          0        518   stm32f4xx_it.o
       158          4          0          0          0       6081   stm32f4xx_ll_sdmmc.o
        84         18          0          4          0       1403   system_stm32f4xx.o
        60         12          0         21          0       3240   user_diskio.o

    ----------------------------------------------------------------------
      7204        346        456         64       1488     316226   Object Totals
         0          0         32          0          0          0   (incl. Generated)
        12          0          0          4          0          0   (incl. Padding)

    ----------------------------------------------------------------------

      Code (inc. data)   RO Data    RW Data    ZI Data      Debug   Library Member Name

         0          0          0          0          0          0   entry.o
         0          0          0          0          0          0   entry10a.o
         0          0          0          0          0          0   entry11a.o
         8          4          0          0          0          0   entry2.o
         4          0          0          0          0          0   entry5.o
         0          0          0          0          0          0   entry7b.o
         0          0          0          0          0          0   entry8b.o
         8          4          0          0          0          0   entry9a.o
        30          0          0          0          0          0   handlers.o
        36          8          0          0          0         68   init.o

    ----------------------------------------------------------------------
        88         16          0          0          0         68   Library Totals
         2          0          0          0          0          0   (incl. Padding)

    ----------------------------------------------------------------------

      Code (inc. data)   RO Data    RW Data    ZI Data      Debug   Library Name

        86         16          0          0          0         68   mc_w.l

    ----------------------------------------------------------------------
        88         16          0          0          0         68   Library Totals

    ----------------------------------------------------------------------

==============================================================================


      Code (inc. data)   RO Data    RW Data    ZI Data      Debug   

      7292        362        456         64       1488     310298   Grand Totals
      7292        362        456         64       1488     310298   ELF Image Totals
      7292        362        456         64          0          0   ROM Totals

==============================================================================

    Total RO  Size (Code + RO Data)                 7748 (   7.57kB)
    Total RW  Size (RW Data + ZI Data)              1552 (   1.52kB)
    Total ROM Size (Code + RO Data + RW Data)       7812 (   7.63kB)

==============================================================================

