<html>
<body>
<pre>
<h1>µVision Build Log</h1>
<h2>Tool Versions:</h2>
IDE-Version: µVision V5.15
Copyright (C) 2015 ARM Ltd and ARM Germany GmbH. All rights reserved.
License Information: . ., ., LIC=QF8SB-2UM7V-0NKAM-X0XGL-I9FM2-9TGLP
 
Tool Versions:
Toolchain:       MDK-ARM Standard  Version: 5.15.0
Toolchain Path:  C:\Keil_v5\ARM\ARMCC\Bin
C Compiler:      Armcc.exe V5.05 update 2 (build 169)
Assembler:       Armasm.exe V5.05 update 2 (build 169)
Linker/Locator:  ArmLink.exe V5.05 update 2 (build 169)
Library Manager: ArmAr.exe V5.05 update 2 (build 169)
Hex Converter:   FromElf.exe V5.05 update 2 (build 169)
CPU DLL:         SARMCM3.DLL V5.15.0
Dialog DLL:      DCM.DLL V1.13.2.0
Target DLL:      STLink\ST-LINKIII-KEIL_SWO.dll V2.0.15.0_KEIL
Dialog DLL:      TCM.DLL V1.14.5.0
 
<h2>Project:</h2>
C:\Users\krakapwa\Documents\nucleoF411Logger\nucleoF411Logger\MDK-ARM\nucleoF411.uvprojx
Project File Date:  10/11/2015

<h2>Output:</h2>
*** Using Compiler 'V5.05 update 2 (build 169)', folder: 'C:\Keil_v5\ARM\ARMCC\Bin'
Build target 'nucleoF411 Configuration'
creating preprocessor file for fatfs.c...
creating preprocessor file for user_diskio.c...
creating preprocessor file for stm32f4xx_it.c...
creating preprocessor file for stm32f4xx_hal_msp.c...
creating preprocessor file for bsp_driver_sd.c...
creating preprocessor file for main.cpp...
..\Src\myfputc.h(30): warning:  #1-D: last line of file ends without a newline
  }
..\Src\main.cpp: 1 warning, 0 errors
compiling main.cpp...
..\Src\daqADS1298.hpp(23): warning:  #1300-D: setup inherits implicit virtual
      void setup();
..\Src\daqADS1298.hpp(24): warning:  #1300-D: initGPIO inherits implicit virtual
                void initGPIO();
..\Src\daqADS1298.hpp(25): warning:  #1300-D: getData inherits implicit virtual
                void getData();
..\Src\daqADS1298.hpp(32): warning:  #1300-D: getNbytes inherits implicit virtual
      int getNbytes();
..\Src\daqADS1298.hpp(33): warning:  #1300-D: getNchans inherits implicit virtual
      int getNchans();
..\Src\myfputc.h(30): warning:  #1-D: last line of file ends without a newline
  }
..\Src\main.cpp(258): warning:  #177-D: function "MX_GPIO_Init" was declared but never referenced
  void MX_GPIO_Init(void)
..\Src\main.cpp: 7 warnings, 0 errors
creating preprocessor file for daq.cpp...
creating preprocessor file for daqADS1298.cpp...
creating preprocessor file for syscall.c...
creating preprocessor file for sd_diskio.c...
creating preprocessor file for ff.c...
creating preprocessor file for diskio.c...
creating preprocessor file for ff_gen_drv.c...
creating preprocessor file for ccsbcs.c...
creating preprocessor file for system_stm32f4xx.c...
creating preprocessor file for stm32f4xx_hal_dma.c...
creating preprocessor file for stm32f4xx_hal_cortex.c...
creating preprocessor file for stm32f4xx_hal_dma_ex.c...
creating preprocessor file for stm32f4xx_hal_sd.c...
creating preprocessor file for stm32f4xx_hal_pwr.c...
creating preprocessor file for stm32f4xx_hal_spi.c...
creating preprocessor file for stm32f4xx_hal_flash.c...
creating preprocessor file for stm32f4xx_ll_sdmmc.c...
creating preprocessor file for stm32f4xx_hal_rcc.c...
creating preprocessor file for stm32f4xx_hal.c...
creating preprocessor file for stm32f4xx_hal_gpio.c...
creating preprocessor file for stm32f4xx_hal_flash_ramfunc.c...
creating preprocessor file for stm32f4xx_hal_rcc_ex.c...
creating preprocessor file for stm32f4xx_hal_pwr_ex.c...
creating preprocessor file for stm32f4xx_hal_flash_ex.c...
linking...
Program Size: Code=20276 RO-data=1916 RW-data=104 ZI-data=3264  
"nucleoF411 Configuration\nucleoF411 Configuration.axf" - 0 Error(s), 8 Warning(s).

<h2>Collection of Component include folders:</h2>
  C:\Users\krakapwa\Documents\nucleoF411Logger\nucleoF411Logger\MDK-ARM\RTE
  C:\Keil_v5\ARM\PACK\Keil\STM32F4xx_DFP\2.5.0\Drivers\CMSIS\Device\ST\STM32F4xx\Include

<h2>Collection of Component Files used:</h2>
</pre>
</body>
</html>
