<html>
<body>
<pre>
<h1>µVision Build Log</h1>
<h2>Tool Versions:</h2>
IDE-Version: µVision V5.15
Copyright (C) 2015 ARM Ltd and ARM Germany GmbH. All rights reserved.
License Information: . ., ., LIC=QF8SB-2UM7V-0NKAM-X0XGL-I9FM2-9TGLP
 
Tool Versions:
Toolchain:       MDK-ARM Standard  Version: 5.15.0
Toolchain Path:  C:\Keil_v5\ARM\ARMCC\Bin
C Compiler:      Armcc.exe V5.05 update 2 (build 169)
Assembler:       Armasm.exe V5.05 update 2 (build 169)
Linker/Locator:  ArmLink.exe V5.05 update 2 (build 169)
Library Manager: ArmAr.exe V5.05 update 2 (build 169)
Hex Converter:   FromElf.exe V5.05 update 2 (build 169)
CPU DLL:         SARMCM3.DLL V5.15.0
Dialog DLL:      DCM.DLL V1.13.2.0
Target DLL:      STLink\ST-LINKIII-KEIL_SWO.dll V2.0.15.0_KEIL
Dialog DLL:      TCM.DLL V1.14.5.0
 
<h2>Project:</h2>
C:\Users\krakapwa\Documents\nucleoF411Logger\MDK-ARM\nucleoF411Logger.uvprojx
Project File Date:  11/16/2015

<h2>Output:</h2>
*** Using Compiler 'V5.05 update 2 (build 169)', folder: 'C:\Keil_v5\ARM\ARMCC\Bin'
Build target 'nucleoF411Logger Configuration'
compiling daqADS1298.cpp...
..\Src\daqADS1298.hpp(23): warning:  #1300-D: setup inherits implicit virtual
      void setup();
..\Src\daqADS1298.hpp(24): warning:  #1300-D: initGPIO inherits implicit virtual
                void initGPIO();
..\Src\daqADS1298.hpp(25): warning:  #1300-D: getData inherits implicit virtual
                void getData();
..\Src\daqADS1298.hpp(32): warning:  #1300-D: getNbytes inherits implicit virtual
      int getNbytes();
..\Src\daqADS1298.hpp(33): warning:  #1300-D: getNchans inherits implicit virtual
      int getNchans();
..\Src\daqADS1298.cpp(131): warning:  #177-D: variable "tmp" was declared but never referenced
                uint8_t tmp[1] = {0};
..\Src\daqADS1298.cpp(143): warning:  #550-D: variable "dataOut" was set but never used
                uint8_t dataOut = {0};
..\Src\daqADS1298.cpp: 7 warnings, 0 errors
linking...
Program Size: Code=15094 RO-data=1886 RW-data=108 ZI-data=3156  
"nucleoF411Logger Configuration\nucleoF411Logger Configuration.axf" - 0 Error(s), 7 Warning(s).

<h2>Collection of Component include folders:</h2>
  C:\Users\krakapwa\Documents\nucleoF411Logger\MDK-ARM\RTE
  C:\Keil_v5\ARM\PACK\Keil\STM32F4xx_DFP\2.5.0\Drivers\CMSIS\Device\ST\STM32F4xx\Include

<h2>Collection of Component Files used:</h2>
</pre>
</body>
</html>
