<!doctype html public "-//w3c//dtd html 4.0 transitional//en">
<html><head>
<title>Static Call Graph - [.\nucleoF411.axf]</title></head>
<body><HR>
<H1>Static Call Graph for image .\nucleoF411.axf</H1><HR>
<BR><P>#&#060CALLGRAPH&#062# ARM Linker, 5050169: Last Updated: Sun Oct 11 00:04:20 2015
<BR><P>
<H3>Maximum Stack Usage =        240 bytes + Unknown(Functions without stacksize, Cycles, Untraceable Function Pointers)</H3><H3>
Call chain for Maximum Stack Depth:</H3>
SD_write(const unsigned char*, unsigned long, unsigned) &rArr; BSP_SD_WriteBlocks &rArr; HAL_SD_WriteBlocks &rArr; HAL_SD_StopTransfer &rArr; SD_CmdResp1Error(SD_HandleTypeDef*, unsigned char) &rArr; SDIO_GetResponse
<P>
<H3>
Functions with no stack information
</H3><UL>
 <LI><a href="#[6e]">__user_initial_stackheap</a>
</UL>
</UL>
<P>
<H3>
Mutually Recursive functions
</H3> <LI><a href="#[c]">NMI_Handler</a>&nbsp;&nbsp;&nbsp;&rArr;&nbsp;&nbsp;&nbsp;<a href="#[c]">NMI_Handler</a><BR>
 <LI><a href="#[d]">HardFault_Handler</a>&nbsp;&nbsp;&nbsp;&rArr;&nbsp;&nbsp;&nbsp;<a href="#[d]">HardFault_Handler</a><BR>
 <LI><a href="#[e]">MemManage_Handler</a>&nbsp;&nbsp;&nbsp;&rArr;&nbsp;&nbsp;&nbsp;<a href="#[e]">MemManage_Handler</a><BR>
 <LI><a href="#[f]">BusFault_Handler</a>&nbsp;&nbsp;&nbsp;&rArr;&nbsp;&nbsp;&nbsp;<a href="#[f]">BusFault_Handler</a><BR>
 <LI><a href="#[10]">UsageFault_Handler</a>&nbsp;&nbsp;&nbsp;&rArr;&nbsp;&nbsp;&nbsp;<a href="#[10]">UsageFault_Handler</a><BR>
 <LI><a href="#[11]">SVC_Handler</a>&nbsp;&nbsp;&nbsp;&rArr;&nbsp;&nbsp;&nbsp;<a href="#[11]">SVC_Handler</a><BR>
 <LI><a href="#[12]">DebugMon_Handler</a>&nbsp;&nbsp;&nbsp;&rArr;&nbsp;&nbsp;&nbsp;<a href="#[12]">DebugMon_Handler</a><BR>
 <LI><a href="#[13]">PendSV_Handler</a>&nbsp;&nbsp;&nbsp;&rArr;&nbsp;&nbsp;&nbsp;<a href="#[13]">PendSV_Handler</a><BR>
 <LI><a href="#[27]">ADC_IRQHandler</a>&nbsp;&nbsp;&nbsp;&rArr;&nbsp;&nbsp;&nbsp;<a href="#[27]">ADC_IRQHandler</a><BR>
</UL>
<P>
<H3>
Function Pointers
</H3><UL>
 <LI><a href="#[27]">ADC_IRQHandler</a> from startup_stm32f411xe.o(.text) referenced from startup_stm32f411xe.o(RESET)
 <LI><a href="#[f]">BusFault_Handler</a> from startup_stm32f411xe.o(.text) referenced from startup_stm32f411xe.o(RESET)
 <LI><a href="#[20]">DMA1_Stream0_IRQHandler</a> from startup_stm32f411xe.o(.text) referenced from startup_stm32f411xe.o(RESET)
 <LI><a href="#[21]">DMA1_Stream1_IRQHandler</a> from startup_stm32f411xe.o(.text) referenced from startup_stm32f411xe.o(RESET)
 <LI><a href="#[22]">DMA1_Stream2_IRQHandler</a> from startup_stm32f411xe.o(.text) referenced from startup_stm32f411xe.o(RESET)
 <LI><a href="#[23]">DMA1_Stream3_IRQHandler</a> from startup_stm32f411xe.o(.text) referenced from startup_stm32f411xe.o(RESET)
 <LI><a href="#[24]">DMA1_Stream4_IRQHandler</a> from startup_stm32f411xe.o(.text) referenced from startup_stm32f411xe.o(RESET)
 <LI><a href="#[25]">DMA1_Stream5_IRQHandler</a> from startup_stm32f411xe.o(.text) referenced from startup_stm32f411xe.o(RESET)
 <LI><a href="#[26]">DMA1_Stream6_IRQHandler</a> from startup_stm32f411xe.o(.text) referenced from startup_stm32f411xe.o(RESET)
 <LI><a href="#[3b]">DMA1_Stream7_IRQHandler</a> from startup_stm32f411xe.o(.text) referenced from startup_stm32f411xe.o(RESET)
 <LI><a href="#[3f]">DMA2_Stream0_IRQHandler</a> from startup_stm32f411xe.o(.text) referenced from startup_stm32f411xe.o(RESET)
 <LI><a href="#[40]">DMA2_Stream1_IRQHandler</a> from startup_stm32f411xe.o(.text) referenced from startup_stm32f411xe.o(RESET)
 <LI><a href="#[41]">DMA2_Stream2_IRQHandler</a> from startup_stm32f411xe.o(.text) referenced from startup_stm32f411xe.o(RESET)
 <LI><a href="#[42]">DMA2_Stream3_IRQHandler</a> from startup_stm32f411xe.o(.text) referenced from startup_stm32f411xe.o(RESET)
 <LI><a href="#[43]">DMA2_Stream4_IRQHandler</a> from startup_stm32f411xe.o(.text) referenced from startup_stm32f411xe.o(RESET)
 <LI><a href="#[45]">DMA2_Stream5_IRQHandler</a> from startup_stm32f411xe.o(.text) referenced from startup_stm32f411xe.o(RESET)
 <LI><a href="#[46]">DMA2_Stream6_IRQHandler</a> from startup_stm32f411xe.o(.text) referenced from startup_stm32f411xe.o(RESET)
 <LI><a href="#[47]">DMA2_Stream7_IRQHandler</a> from startup_stm32f411xe.o(.text) referenced from startup_stm32f411xe.o(RESET)
 <LI><a href="#[12]">DebugMon_Handler</a> from startup_stm32f411xe.o(.text) referenced from startup_stm32f411xe.o(RESET)
 <LI><a href="#[1b]">EXTI0_IRQHandler</a> from startup_stm32f411xe.o(.text) referenced from startup_stm32f411xe.o(RESET)
 <LI><a href="#[38]">EXTI15_10_IRQHandler</a> from startup_stm32f411xe.o(.text) referenced from startup_stm32f411xe.o(RESET)
 <LI><a href="#[1c]">EXTI1_IRQHandler</a> from startup_stm32f411xe.o(.text) referenced from startup_stm32f411xe.o(RESET)
 <LI><a href="#[1d]">EXTI2_IRQHandler</a> from startup_stm32f411xe.o(.text) referenced from startup_stm32f411xe.o(RESET)
 <LI><a href="#[1e]">EXTI3_IRQHandler</a> from startup_stm32f411xe.o(.text) referenced from startup_stm32f411xe.o(RESET)
 <LI><a href="#[1f]">EXTI4_IRQHandler</a> from startup_stm32f411xe.o(.text) referenced from startup_stm32f411xe.o(RESET)
 <LI><a href="#[28]">EXTI9_5_IRQHandler</a> from startup_stm32f411xe.o(.text) referenced from startup_stm32f411xe.o(RESET)
 <LI><a href="#[19]">FLASH_IRQHandler</a> from startup_stm32f411xe.o(.text) referenced from startup_stm32f411xe.o(RESET)
 <LI><a href="#[4b]">FPU_IRQHandler</a> from startup_stm32f411xe.o(.text) referenced from startup_stm32f411xe.o(RESET)
 <LI><a href="#[d]">HardFault_Handler</a> from startup_stm32f411xe.o(.text) referenced from startup_stm32f411xe.o(RESET)
 <LI><a href="#[31]">I2C1_ER_IRQHandler</a> from startup_stm32f411xe.o(.text) referenced from startup_stm32f411xe.o(RESET)
 <LI><a href="#[30]">I2C1_EV_IRQHandler</a> from startup_stm32f411xe.o(.text) referenced from startup_stm32f411xe.o(RESET)
 <LI><a href="#[33]">I2C2_ER_IRQHandler</a> from startup_stm32f411xe.o(.text) referenced from startup_stm32f411xe.o(RESET)
 <LI><a href="#[32]">I2C2_EV_IRQHandler</a> from startup_stm32f411xe.o(.text) referenced from startup_stm32f411xe.o(RESET)
 <LI><a href="#[4a]">I2C3_ER_IRQHandler</a> from startup_stm32f411xe.o(.text) referenced from startup_stm32f411xe.o(RESET)
 <LI><a href="#[49]">I2C3_EV_IRQHandler</a> from startup_stm32f411xe.o(.text) referenced from startup_stm32f411xe.o(RESET)
 <LI><a href="#[e]">MemManage_Handler</a> from startup_stm32f411xe.o(.text) referenced from startup_stm32f411xe.o(RESET)
 <LI><a href="#[c]">NMI_Handler</a> from startup_stm32f411xe.o(.text) referenced from startup_stm32f411xe.o(RESET)
 <LI><a href="#[44]">OTG_FS_IRQHandler</a> from startup_stm32f411xe.o(.text) referenced from startup_stm32f411xe.o(RESET)
 <LI><a href="#[3a]">OTG_FS_WKUP_IRQHandler</a> from startup_stm32f411xe.o(.text) referenced from startup_stm32f411xe.o(RESET)
 <LI><a href="#[16]">PVD_IRQHandler</a> from startup_stm32f411xe.o(.text) referenced from startup_stm32f411xe.o(RESET)
 <LI><a href="#[13]">PendSV_Handler</a> from startup_stm32f411xe.o(.text) referenced from startup_stm32f411xe.o(RESET)
 <LI><a href="#[1a]">RCC_IRQHandler</a> from startup_stm32f411xe.o(.text) referenced from startup_stm32f411xe.o(RESET)
 <LI><a href="#[39]">RTC_Alarm_IRQHandler</a> from startup_stm32f411xe.o(.text) referenced from startup_stm32f411xe.o(RESET)
 <LI><a href="#[18]">RTC_WKUP_IRQHandler</a> from startup_stm32f411xe.o(.text) referenced from startup_stm32f411xe.o(RESET)
 <LI><a href="#[b]">Reset_Handler</a> from startup_stm32f411xe.o(.text) referenced from startup_stm32f411xe.o(RESET)
 <LI><a href="#[3c]">SDIO_IRQHandler</a> from startup_stm32f411xe.o(.text) referenced from startup_stm32f411xe.o(RESET)
 <LI><a href="#[34]">SPI1_IRQHandler</a> from startup_stm32f411xe.o(.text) referenced from startup_stm32f411xe.o(RESET)
 <LI><a href="#[35]">SPI2_IRQHandler</a> from startup_stm32f411xe.o(.text) referenced from startup_stm32f411xe.o(RESET)
 <LI><a href="#[3e]">SPI3_IRQHandler</a> from startup_stm32f411xe.o(.text) referenced from startup_stm32f411xe.o(RESET)
 <LI><a href="#[4c]">SPI4_IRQHandler</a> from startup_stm32f411xe.o(.text) referenced from startup_stm32f411xe.o(RESET)
 <LI><a href="#[4d]">SPI5_IRQHandler</a> from startup_stm32f411xe.o(.text) referenced from startup_stm32f411xe.o(RESET)
 <LI><a href="#[11]">SVC_Handler</a> from startup_stm32f411xe.o(.text) referenced from startup_stm32f411xe.o(RESET)
 <LI><a href="#[14]">SysTick_Handler</a> from stm32f4xx_it.o(i.SysTick_Handler) referenced from startup_stm32f411xe.o(RESET)
 <LI><a href="#[4e]">SystemInit</a> from system_stm32f4xx.o(i.SystemInit) referenced from startup_stm32f411xe.o(.text)
 <LI><a href="#[17]">TAMP_STAMP_IRQHandler</a> from startup_stm32f411xe.o(.text) referenced from startup_stm32f411xe.o(RESET)
 <LI><a href="#[29]">TIM1_BRK_TIM9_IRQHandler</a> from startup_stm32f411xe.o(.text) referenced from startup_stm32f411xe.o(RESET)
 <LI><a href="#[2c]">TIM1_CC_IRQHandler</a> from startup_stm32f411xe.o(.text) referenced from startup_stm32f411xe.o(RESET)
 <LI><a href="#[2b]">TIM1_TRG_COM_TIM11_IRQHandler</a> from startup_stm32f411xe.o(.text) referenced from startup_stm32f411xe.o(RESET)
 <LI><a href="#[2a]">TIM1_UP_TIM10_IRQHandler</a> from startup_stm32f411xe.o(.text) referenced from startup_stm32f411xe.o(RESET)
 <LI><a href="#[2d]">TIM2_IRQHandler</a> from startup_stm32f411xe.o(.text) referenced from startup_stm32f411xe.o(RESET)
 <LI><a href="#[2e]">TIM3_IRQHandler</a> from startup_stm32f411xe.o(.text) referenced from startup_stm32f411xe.o(RESET)
 <LI><a href="#[2f]">TIM4_IRQHandler</a> from startup_stm32f411xe.o(.text) referenced from startup_stm32f411xe.o(RESET)
 <LI><a href="#[3d]">TIM5_IRQHandler</a> from startup_stm32f411xe.o(.text) referenced from startup_stm32f411xe.o(RESET)
 <LI><a href="#[36]">USART1_IRQHandler</a> from startup_stm32f411xe.o(.text) referenced from startup_stm32f411xe.o(RESET)
 <LI><a href="#[37]">USART2_IRQHandler</a> from startup_stm32f411xe.o(.text) referenced from startup_stm32f411xe.o(RESET)
 <LI><a href="#[48]">USART6_IRQHandler</a> from startup_stm32f411xe.o(.text) referenced from startup_stm32f411xe.o(RESET)
 <LI><a href="#[10]">UsageFault_Handler</a> from startup_stm32f411xe.o(.text) referenced from startup_stm32f411xe.o(RESET)
 <LI><a href="#[15]">WWDG_IRQHandler</a> from startup_stm32f411xe.o(.text) referenced from startup_stm32f411xe.o(RESET)
 <LI><a href="#[55]">USER_ioctl(unsigned char, void*)</a> from user_diskio.o(i._Z10USER_ioctlhPv) referenced from user_diskio.o(.data)
 <LI><a href="#[54]">USER_write(const unsigned char*, unsigned long, unsigned)</a> from user_diskio.o(i._Z10USER_writePKhmj) referenced from user_diskio.o(.data)
 <LI><a href="#[52]">USER_status()</a> from user_diskio.o(i._Z11USER_statusv) referenced from user_diskio.o(.data)
 <LI><a href="#[56]">SD_initialize()</a> from sd_diskio.o(i._Z13SD_initializev) referenced from sd_diskio.o(.data)
 <LI><a href="#[51]">USER_initialize()</a> from user_diskio.o(i._Z15USER_initializev) referenced from user_diskio.o(.data)
 <LI><a href="#[58]">SD_read(unsigned char*, unsigned long, unsigned)</a> from sd_diskio.o(i._Z7SD_readPhmj) referenced from sd_diskio.o(.data)
 <LI><a href="#[5a]">SD_ioctl(unsigned char, void*)</a> from sd_diskio.o(i._Z8SD_ioctlhPv) referenced from sd_diskio.o(.data)
 <LI><a href="#[59]">SD_write(const unsigned char*, unsigned long, unsigned)</a> from sd_diskio.o(i._Z8SD_writePKhmj) referenced from sd_diskio.o(.data)
 <LI><a href="#[57]">SD_status()</a> from sd_diskio.o(i._Z9SD_statusv) referenced from sd_diskio.o(.data)
 <LI><a href="#[53]">USER_read(unsigned char*, unsigned long, unsigned)</a> from user_diskio.o(i._Z9USER_readPhmj) referenced from user_diskio.o(.data)
 <LI><a href="#[50]">DaqADS1298::setup()</a> from daqads1298.o(i._ZN10DaqADS12985setupEv) referenced from daqads1298.o(.constdata__ZTV10DaqADS1298)
 <LI><a href="#[5b]">__main</a> from __main.o(!!!main) referenced from startup_stm32f411xe.o(.text)
</UL>
<P>
<H3>
Global Symbols
</H3>
<P><STRONG><a name="[5b]"></a>__main</STRONG> (Thumb, 8 bytes, Stack size 0 bytes, __main.o(!!!main))
<BR><BR>[Calls]<UL><LI><a href="#[5c]">&gt;&gt;</a>&nbsp;&nbsp;&nbsp;__scatterload
<LI><a href="#[5d]">&gt;&gt;</a>&nbsp;&nbsp;&nbsp;__rt_entry
</UL>

<P><STRONG><a name="[5c]"></a>__scatterload</STRONG> (Thumb, 0 bytes, Stack size unknown bytes, __scatter.o(!!!scatter))
<BR><BR>[Called By]<UL><LI><a href="#[5b]">&gt;&gt;</a>&nbsp;&nbsp;&nbsp;__main
</UL>

<P><STRONG><a name="[5e]"></a>__scatterload_rt2</STRONG> (Thumb, 44 bytes, Stack size unknown bytes, __scatter.o(!!!scatter), UNUSED)
<BR><BR>[Calls]<UL><LI><a href="#[5d]">&gt;&gt;</a>&nbsp;&nbsp;&nbsp;__rt_entry
</UL>

<P><STRONG><a name="[b7]"></a>__scatterload_rt2_thumb_only</STRONG> (Thumb, 0 bytes, Stack size unknown bytes, __scatter.o(!!!scatter), UNUSED)

<P><STRONG><a name="[b8]"></a>__scatterload_null</STRONG> (Thumb, 0 bytes, Stack size unknown bytes, __scatter.o(!!!scatter), UNUSED)

<P><STRONG><a name="[5f]"></a>__scatterload_copy</STRONG> (Thumb, 26 bytes, Stack size unknown bytes, __scatter_copy.o(!!handler_copy), UNUSED)
<BR><BR>[Calls]<UL><LI><a href="#[5f]">&gt;&gt;</a>&nbsp;&nbsp;&nbsp;__scatterload_copy
</UL>
<BR>[Called By]<UL><LI><a href="#[5f]">&gt;&gt;</a>&nbsp;&nbsp;&nbsp;__scatterload_copy
</UL>

<P><STRONG><a name="[b9]"></a>__scatterload_zeroinit</STRONG> (Thumb, 28 bytes, Stack size unknown bytes, __scatter_zi.o(!!handler_zi), UNUSED)

<P><STRONG><a name="[65]"></a>__rt_lib_init</STRONG> (Thumb, 0 bytes, Stack size unknown bytes, libinit.o(.ARM.Collect$$libinit$$00000000))
<BR><BR>[Called By]<UL><LI><a href="#[64]">&gt;&gt;</a>&nbsp;&nbsp;&nbsp;__rt_entry_li
</UL>

<P><STRONG><a name="[60]"></a>__rt_lib_init_fp_1</STRONG> (Thumb, 0 bytes, Stack size unknown bytes, libinit2.o(.ARM.Collect$$libinit$$00000001))
<BR><BR>[Calls]<UL><LI><a href="#[61]">&gt;&gt;</a>&nbsp;&nbsp;&nbsp;_fp_init
</UL>

<P><STRONG><a name="[ba]"></a>__rt_lib_init_alloca_1</STRONG> (Thumb, 0 bytes, Stack size unknown bytes, libinit2.o(.ARM.Collect$$libinit$$0000002E))

<P><STRONG><a name="[bb]"></a>__rt_lib_init_argv_1</STRONG> (Thumb, 0 bytes, Stack size unknown bytes, libinit2.o(.ARM.Collect$$libinit$$0000002C))

<P><STRONG><a name="[bc]"></a>__rt_lib_init_atexit_1</STRONG> (Thumb, 0 bytes, Stack size unknown bytes, libinit2.o(.ARM.Collect$$libinit$$0000001B))

<P><STRONG><a name="[bd]"></a>__rt_lib_init_clock_1</STRONG> (Thumb, 0 bytes, Stack size unknown bytes, libinit2.o(.ARM.Collect$$libinit$$00000021))

<P><STRONG><a name="[be]"></a>__rt_lib_init_cpp_1</STRONG> (Thumb, 0 bytes, Stack size unknown bytes, libinit2.o(.ARM.Collect$$libinit$$00000032))

<P><STRONG><a name="[bf]"></a>__rt_lib_init_exceptions_1</STRONG> (Thumb, 0 bytes, Stack size unknown bytes, libinit2.o(.ARM.Collect$$libinit$$00000030))

<P><STRONG><a name="[c0]"></a>__rt_lib_init_fp_trap_1</STRONG> (Thumb, 0 bytes, Stack size unknown bytes, libinit2.o(.ARM.Collect$$libinit$$0000001F))

<P><STRONG><a name="[c1]"></a>__rt_lib_init_getenv_1</STRONG> (Thumb, 0 bytes, Stack size unknown bytes, libinit2.o(.ARM.Collect$$libinit$$00000023))

<P><STRONG><a name="[c2]"></a>__rt_lib_init_heap_1</STRONG> (Thumb, 0 bytes, Stack size unknown bytes, libinit2.o(.ARM.Collect$$libinit$$0000000A))

<P><STRONG><a name="[c3]"></a>__rt_lib_init_lc_collate_1</STRONG> (Thumb, 0 bytes, Stack size unknown bytes, libinit2.o(.ARM.Collect$$libinit$$00000011))

<P><STRONG><a name="[c4]"></a>__rt_lib_init_lc_ctype_1</STRONG> (Thumb, 0 bytes, Stack size unknown bytes, libinit2.o(.ARM.Collect$$libinit$$00000013))

<P><STRONG><a name="[c5]"></a>__rt_lib_init_lc_monetary_1</STRONG> (Thumb, 0 bytes, Stack size unknown bytes, libinit2.o(.ARM.Collect$$libinit$$00000015))

<P><STRONG><a name="[c6]"></a>__rt_lib_init_lc_numeric_1</STRONG> (Thumb, 0 bytes, Stack size unknown bytes, libinit2.o(.ARM.Collect$$libinit$$00000017))

<P><STRONG><a name="[c7]"></a>__rt_lib_init_lc_time_1</STRONG> (Thumb, 0 bytes, Stack size unknown bytes, libinit2.o(.ARM.Collect$$libinit$$00000019))

<P><STRONG><a name="[c8]"></a>__rt_lib_init_preinit_1</STRONG> (Thumb, 0 bytes, Stack size unknown bytes, libinit2.o(.ARM.Collect$$libinit$$00000004))

<P><STRONG><a name="[c9]"></a>__rt_lib_init_rand_1</STRONG> (Thumb, 0 bytes, Stack size unknown bytes, libinit2.o(.ARM.Collect$$libinit$$0000000E))

<P><STRONG><a name="[ca]"></a>__rt_lib_init_return</STRONG> (Thumb, 0 bytes, Stack size unknown bytes, libinit2.o(.ARM.Collect$$libinit$$00000033))

<P><STRONG><a name="[cb]"></a>__rt_lib_init_signal_1</STRONG> (Thumb, 0 bytes, Stack size unknown bytes, libinit2.o(.ARM.Collect$$libinit$$0000001D))

<P><STRONG><a name="[cc]"></a>__rt_lib_init_stdio_1</STRONG> (Thumb, 0 bytes, Stack size unknown bytes, libinit2.o(.ARM.Collect$$libinit$$00000025))

<P><STRONG><a name="[cd]"></a>__rt_lib_init_user_alloc_1</STRONG> (Thumb, 0 bytes, Stack size unknown bytes, libinit2.o(.ARM.Collect$$libinit$$0000000C))

<P><STRONG><a name="[6a]"></a>__rt_lib_shutdown</STRONG> (Thumb, 0 bytes, Stack size unknown bytes, libshutdown.o(.ARM.Collect$$libshutdown$$00000000))
<BR><BR>[Called By]<UL><LI><a href="#[69]">&gt;&gt;</a>&nbsp;&nbsp;&nbsp;__rt_exit_ls
</UL>

<P><STRONG><a name="[ce]"></a>__rt_lib_shutdown_fp_trap_1</STRONG> (Thumb, 0 bytes, Stack size unknown bytes, libshutdown2.o(.ARM.Collect$$libshutdown$$00000006))

<P><STRONG><a name="[cf]"></a>__rt_lib_shutdown_heap_1</STRONG> (Thumb, 0 bytes, Stack size unknown bytes, libshutdown2.o(.ARM.Collect$$libshutdown$$0000000E))

<P><STRONG><a name="[d0]"></a>__rt_lib_shutdown_return</STRONG> (Thumb, 0 bytes, Stack size unknown bytes, libshutdown2.o(.ARM.Collect$$libshutdown$$0000000F))

<P><STRONG><a name="[d1]"></a>__rt_lib_shutdown_signal_1</STRONG> (Thumb, 0 bytes, Stack size unknown bytes, libshutdown2.o(.ARM.Collect$$libshutdown$$00000009))

<P><STRONG><a name="[d2]"></a>__rt_lib_shutdown_stdio_1</STRONG> (Thumb, 0 bytes, Stack size unknown bytes, libshutdown2.o(.ARM.Collect$$libshutdown$$00000003))

<P><STRONG><a name="[d3]"></a>__rt_lib_shutdown_user_alloc_1</STRONG> (Thumb, 0 bytes, Stack size unknown bytes, libshutdown2.o(.ARM.Collect$$libshutdown$$0000000B))

<P><STRONG><a name="[5d]"></a>__rt_entry</STRONG> (Thumb, 0 bytes, Stack size unknown bytes, __rtentry.o(.ARM.Collect$$rtentry$$00000000))
<BR><BR>[Called By]<UL><LI><a href="#[5e]">&gt;&gt;</a>&nbsp;&nbsp;&nbsp;__scatterload_rt2
<LI><a href="#[5b]">&gt;&gt;</a>&nbsp;&nbsp;&nbsp;__main
</UL>

<P><STRONG><a name="[d4]"></a>__rt_entry_presh_1</STRONG> (Thumb, 0 bytes, Stack size unknown bytes, __rtentry2.o(.ARM.Collect$$rtentry$$00000002))

<P><STRONG><a name="[62]"></a>__rt_entry_sh</STRONG> (Thumb, 0 bytes, Stack size unknown bytes, __rtentry4.o(.ARM.Collect$$rtentry$$00000004))
<BR><BR>[Stack]<UL><LI>Max Depth = 8 + Unknown Stack Size
<LI>Call Chain = __rt_entry_sh &rArr; __user_setup_stackheap
</UL>
<BR>[Calls]<UL><LI><a href="#[63]">&gt;&gt;</a>&nbsp;&nbsp;&nbsp;__user_setup_stackheap
</UL>

<P><STRONG><a name="[64]"></a>__rt_entry_li</STRONG> (Thumb, 0 bytes, Stack size unknown bytes, __rtentry2.o(.ARM.Collect$$rtentry$$0000000A))
<BR><BR>[Calls]<UL><LI><a href="#[65]">&gt;&gt;</a>&nbsp;&nbsp;&nbsp;__rt_lib_init
</UL>

<P><STRONG><a name="[d5]"></a>__rt_entry_postsh_1</STRONG> (Thumb, 0 bytes, Stack size unknown bytes, __rtentry2.o(.ARM.Collect$$rtentry$$00000009))

<P><STRONG><a name="[66]"></a>__rt_entry_main</STRONG> (Thumb, 0 bytes, Stack size unknown bytes, __rtentry2.o(.ARM.Collect$$rtentry$$0000000D))
<BR><BR>[Stack]<UL><LI>Max Depth = 208 + Unknown Stack Size
<LI>Call Chain = __rt_entry_main &rArr; main &rArr; DaqADS1298::setup() &rArr; DaqADS1298::readReg(unsigned char) &rArr; HAL_SPI_TransmitReceive &rArr; SPI_WaitOnFlagUntilTimeout(__SPI_HandleTypeDef*, unsigned, FlagStatus, unsigned)
</UL>
<BR>[Calls]<UL><LI><a href="#[67]">&gt;&gt;</a>&nbsp;&nbsp;&nbsp;main
<LI><a href="#[68]">&gt;&gt;</a>&nbsp;&nbsp;&nbsp;exit
</UL>

<P><STRONG><a name="[d6]"></a>__rt_entry_postli_1</STRONG> (Thumb, 0 bytes, Stack size unknown bytes, __rtentry2.o(.ARM.Collect$$rtentry$$0000000C))

<P><STRONG><a name="[6f]"></a>__rt_exit</STRONG> (Thumb, 0 bytes, Stack size unknown bytes, rtexit.o(.ARM.Collect$$rtexit$$00000000))
<BR><BR>[Called By]<UL><LI><a href="#[68]">&gt;&gt;</a>&nbsp;&nbsp;&nbsp;exit
</UL>

<P><STRONG><a name="[69]"></a>__rt_exit_ls</STRONG> (Thumb, 0 bytes, Stack size unknown bytes, rtexit2.o(.ARM.Collect$$rtexit$$00000003))
<BR><BR>[Calls]<UL><LI><a href="#[6a]">&gt;&gt;</a>&nbsp;&nbsp;&nbsp;__rt_lib_shutdown
</UL>

<P><STRONG><a name="[d7]"></a>__rt_exit_prels_1</STRONG> (Thumb, 0 bytes, Stack size unknown bytes, rtexit2.o(.ARM.Collect$$rtexit$$00000002))

<P><STRONG><a name="[6b]"></a>__rt_exit_exit</STRONG> (Thumb, 0 bytes, Stack size unknown bytes, rtexit2.o(.ARM.Collect$$rtexit$$00000004))
<BR><BR>[Calls]<UL><LI><a href="#[6c]">&gt;&gt;</a>&nbsp;&nbsp;&nbsp;_sys_exit
</UL>

<P><STRONG><a name="[b]"></a>Reset_Handler</STRONG> (Thumb, 8 bytes, Stack size 0 bytes, startup_stm32f411xe.o(.text))
<BR>[Address Reference Count : 1]<UL><LI> startup_stm32f411xe.o(RESET)
</UL>
<P><STRONG><a name="[c]"></a>NMI_Handler</STRONG> (Thumb, 2 bytes, Stack size 0 bytes, startup_stm32f411xe.o(.text))
<BR><BR>[Calls]<UL><LI><a href="#[c]">&gt;&gt;</a>&nbsp;&nbsp;&nbsp;NMI_Handler
</UL>
<BR>[Called By]<UL><LI><a href="#[c]">&gt;&gt;</a>&nbsp;&nbsp;&nbsp;NMI_Handler
</UL>
<BR>[Address Reference Count : 1]<UL><LI> startup_stm32f411xe.o(RESET)
</UL>
<P><STRONG><a name="[d]"></a>HardFault_Handler</STRONG> (Thumb, 2 bytes, Stack size 0 bytes, startup_stm32f411xe.o(.text))
<BR><BR>[Calls]<UL><LI><a href="#[d]">&gt;&gt;</a>&nbsp;&nbsp;&nbsp;HardFault_Handler
</UL>
<BR>[Called By]<UL><LI><a href="#[d]">&gt;&gt;</a>&nbsp;&nbsp;&nbsp;HardFault_Handler
</UL>
<BR>[Address Reference Count : 1]<UL><LI> startup_stm32f411xe.o(RESET)
</UL>
<P><STRONG><a name="[e]"></a>MemManage_Handler</STRONG> (Thumb, 2 bytes, Stack size 0 bytes, startup_stm32f411xe.o(.text))
<BR><BR>[Calls]<UL><LI><a href="#[e]">&gt;&gt;</a>&nbsp;&nbsp;&nbsp;MemManage_Handler
</UL>
<BR>[Called By]<UL><LI><a href="#[e]">&gt;&gt;</a>&nbsp;&nbsp;&nbsp;MemManage_Handler
</UL>
<BR>[Address Reference Count : 1]<UL><LI> startup_stm32f411xe.o(RESET)
</UL>
<P><STRONG><a name="[f]"></a>BusFault_Handler</STRONG> (Thumb, 2 bytes, Stack size 0 bytes, startup_stm32f411xe.o(.text))
<BR><BR>[Calls]<UL><LI><a href="#[f]">&gt;&gt;</a>&nbsp;&nbsp;&nbsp;BusFault_Handler
</UL>
<BR>[Called By]<UL><LI><a href="#[f]">&gt;&gt;</a>&nbsp;&nbsp;&nbsp;BusFault_Handler
</UL>
<BR>[Address Reference Count : 1]<UL><LI> startup_stm32f411xe.o(RESET)
</UL>
<P><STRONG><a name="[10]"></a>UsageFault_Handler</STRONG> (Thumb, 2 bytes, Stack size 0 bytes, startup_stm32f411xe.o(.text))
<BR><BR>[Calls]<UL><LI><a href="#[10]">&gt;&gt;</a>&nbsp;&nbsp;&nbsp;UsageFault_Handler
</UL>
<BR>[Called By]<UL><LI><a href="#[10]">&gt;&gt;</a>&nbsp;&nbsp;&nbsp;UsageFault_Handler
</UL>
<BR>[Address Reference Count : 1]<UL><LI> startup_stm32f411xe.o(RESET)
</UL>
<P><STRONG><a name="[11]"></a>SVC_Handler</STRONG> (Thumb, 2 bytes, Stack size 0 bytes, startup_stm32f411xe.o(.text))
<BR><BR>[Calls]<UL><LI><a href="#[11]">&gt;&gt;</a>&nbsp;&nbsp;&nbsp;SVC_Handler
</UL>
<BR>[Called By]<UL><LI><a href="#[11]">&gt;&gt;</a>&nbsp;&nbsp;&nbsp;SVC_Handler
</UL>
<BR>[Address Reference Count : 1]<UL><LI> startup_stm32f411xe.o(RESET)
</UL>
<P><STRONG><a name="[12]"></a>DebugMon_Handler</STRONG> (Thumb, 2 bytes, Stack size 0 bytes, startup_stm32f411xe.o(.text))
<BR><BR>[Calls]<UL><LI><a href="#[12]">&gt;&gt;</a>&nbsp;&nbsp;&nbsp;DebugMon_Handler
</UL>
<BR>[Called By]<UL><LI><a href="#[12]">&gt;&gt;</a>&nbsp;&nbsp;&nbsp;DebugMon_Handler
</UL>
<BR>[Address Reference Count : 1]<UL><LI> startup_stm32f411xe.o(RESET)
</UL>
<P><STRONG><a name="[13]"></a>PendSV_Handler</STRONG> (Thumb, 2 bytes, Stack size 0 bytes, startup_stm32f411xe.o(.text))
<BR><BR>[Calls]<UL><LI><a href="#[13]">&gt;&gt;</a>&nbsp;&nbsp;&nbsp;PendSV_Handler
</UL>
<BR>[Called By]<UL><LI><a href="#[13]">&gt;&gt;</a>&nbsp;&nbsp;&nbsp;PendSV_Handler
</UL>
<BR>[Address Reference Count : 1]<UL><LI> startup_stm32f411xe.o(RESET)
</UL>
<P><STRONG><a name="[27]"></a>ADC_IRQHandler</STRONG> (Thumb, 0 bytes, Stack size 0 bytes, startup_stm32f411xe.o(.text))
<BR><BR>[Calls]<UL><LI><a href="#[27]">&gt;&gt;</a>&nbsp;&nbsp;&nbsp;ADC_IRQHandler
</UL>
<BR>[Called By]<UL><LI><a href="#[27]">&gt;&gt;</a>&nbsp;&nbsp;&nbsp;ADC_IRQHandler
</UL>
<BR>[Address Reference Count : 1]<UL><LI> startup_stm32f411xe.o(RESET)
</UL>
<P><STRONG><a name="[20]"></a>DMA1_Stream0_IRQHandler</STRONG> (Thumb, 0 bytes, Stack size 0 bytes, startup_stm32f411xe.o(.text))
<BR>[Address Reference Count : 1]<UL><LI> startup_stm32f411xe.o(RESET)
</UL>
<P><STRONG><a name="[21]"></a>DMA1_Stream1_IRQHandler</STRONG> (Thumb, 0 bytes, Stack size 0 bytes, startup_stm32f411xe.o(.text))
<BR>[Address Reference Count : 1]<UL><LI> startup_stm32f411xe.o(RESET)
</UL>
<P><STRONG><a name="[22]"></a>DMA1_Stream2_IRQHandler</STRONG> (Thumb, 0 bytes, Stack size 0 bytes, startup_stm32f411xe.o(.text))
<BR>[Address Reference Count : 1]<UL><LI> startup_stm32f411xe.o(RESET)
</UL>
<P><STRONG><a name="[23]"></a>DMA1_Stream3_IRQHandler</STRONG> (Thumb, 0 bytes, Stack size 0 bytes, startup_stm32f411xe.o(.text))
<BR>[Address Reference Count : 1]<UL><LI> startup_stm32f411xe.o(RESET)
</UL>
<P><STRONG><a name="[24]"></a>DMA1_Stream4_IRQHandler</STRONG> (Thumb, 0 bytes, Stack size 0 bytes, startup_stm32f411xe.o(.text))
<BR>[Address Reference Count : 1]<UL><LI> startup_stm32f411xe.o(RESET)
</UL>
<P><STRONG><a name="[25]"></a>DMA1_Stream5_IRQHandler</STRONG> (Thumb, 0 bytes, Stack size 0 bytes, startup_stm32f411xe.o(.text))
<BR>[Address Reference Count : 1]<UL><LI> startup_stm32f411xe.o(RESET)
</UL>
<P><STRONG><a name="[26]"></a>DMA1_Stream6_IRQHandler</STRONG> (Thumb, 0 bytes, Stack size 0 bytes, startup_stm32f411xe.o(.text))
<BR>[Address Reference Count : 1]<UL><LI> startup_stm32f411xe.o(RESET)
</UL>
<P><STRONG><a name="[3b]"></a>DMA1_Stream7_IRQHandler</STRONG> (Thumb, 0 bytes, Stack size 0 bytes, startup_stm32f411xe.o(.text))
<BR>[Address Reference Count : 1]<UL><LI> startup_stm32f411xe.o(RESET)
</UL>
<P><STRONG><a name="[3f]"></a>DMA2_Stream0_IRQHandler</STRONG> (Thumb, 0 bytes, Stack size 0 bytes, startup_stm32f411xe.o(.text))
<BR>[Address Reference Count : 1]<UL><LI> startup_stm32f411xe.o(RESET)
</UL>
<P><STRONG><a name="[40]"></a>DMA2_Stream1_IRQHandler</STRONG> (Thumb, 0 bytes, Stack size 0 bytes, startup_stm32f411xe.o(.text))
<BR>[Address Reference Count : 1]<UL><LI> startup_stm32f411xe.o(RESET)
</UL>
<P><STRONG><a name="[41]"></a>DMA2_Stream2_IRQHandler</STRONG> (Thumb, 0 bytes, Stack size 0 bytes, startup_stm32f411xe.o(.text))
<BR>[Address Reference Count : 1]<UL><LI> startup_stm32f411xe.o(RESET)
</UL>
<P><STRONG><a name="[42]"></a>DMA2_Stream3_IRQHandler</STRONG> (Thumb, 0 bytes, Stack size 0 bytes, startup_stm32f411xe.o(.text))
<BR>[Address Reference Count : 1]<UL><LI> startup_stm32f411xe.o(RESET)
</UL>
<P><STRONG><a name="[43]"></a>DMA2_Stream4_IRQHandler</STRONG> (Thumb, 0 bytes, Stack size 0 bytes, startup_stm32f411xe.o(.text))
<BR>[Address Reference Count : 1]<UL><LI> startup_stm32f411xe.o(RESET)
</UL>
<P><STRONG><a name="[45]"></a>DMA2_Stream5_IRQHandler</STRONG> (Thumb, 0 bytes, Stack size 0 bytes, startup_stm32f411xe.o(.text))
<BR>[Address Reference Count : 1]<UL><LI> startup_stm32f411xe.o(RESET)
</UL>
<P><STRONG><a name="[46]"></a>DMA2_Stream6_IRQHandler</STRONG> (Thumb, 0 bytes, Stack size 0 bytes, startup_stm32f411xe.o(.text))
<BR>[Address Reference Count : 1]<UL><LI> startup_stm32f411xe.o(RESET)
</UL>
<P><STRONG><a name="[47]"></a>DMA2_Stream7_IRQHandler</STRONG> (Thumb, 0 bytes, Stack size 0 bytes, startup_stm32f411xe.o(.text))
<BR>[Address Reference Count : 1]<UL><LI> startup_stm32f411xe.o(RESET)
</UL>
<P><STRONG><a name="[1b]"></a>EXTI0_IRQHandler</STRONG> (Thumb, 0 bytes, Stack size 0 bytes, startup_stm32f411xe.o(.text))
<BR>[Address Reference Count : 1]<UL><LI> startup_stm32f411xe.o(RESET)
</UL>
<P><STRONG><a name="[38]"></a>EXTI15_10_IRQHandler</STRONG> (Thumb, 0 bytes, Stack size 0 bytes, startup_stm32f411xe.o(.text))
<BR>[Address Reference Count : 1]<UL><LI> startup_stm32f411xe.o(RESET)
</UL>
<P><STRONG><a name="[1c]"></a>EXTI1_IRQHandler</STRONG> (Thumb, 0 bytes, Stack size 0 bytes, startup_stm32f411xe.o(.text))
<BR>[Address Reference Count : 1]<UL><LI> startup_stm32f411xe.o(RESET)
</UL>
<P><STRONG><a name="[1d]"></a>EXTI2_IRQHandler</STRONG> (Thumb, 0 bytes, Stack size 0 bytes, startup_stm32f411xe.o(.text))
<BR>[Address Reference Count : 1]<UL><LI> startup_stm32f411xe.o(RESET)
</UL>
<P><STRONG><a name="[1e]"></a>EXTI3_IRQHandler</STRONG> (Thumb, 0 bytes, Stack size 0 bytes, startup_stm32f411xe.o(.text))
<BR>[Address Reference Count : 1]<UL><LI> startup_stm32f411xe.o(RESET)
</UL>
<P><STRONG><a name="[1f]"></a>EXTI4_IRQHandler</STRONG> (Thumb, 0 bytes, Stack size 0 bytes, startup_stm32f411xe.o(.text))
<BR>[Address Reference Count : 1]<UL><LI> startup_stm32f411xe.o(RESET)
</UL>
<P><STRONG><a name="[28]"></a>EXTI9_5_IRQHandler</STRONG> (Thumb, 0 bytes, Stack size 0 bytes, startup_stm32f411xe.o(.text))
<BR>[Address Reference Count : 1]<UL><LI> startup_stm32f411xe.o(RESET)
</UL>
<P><STRONG><a name="[19]"></a>FLASH_IRQHandler</STRONG> (Thumb, 0 bytes, Stack size 0 bytes, startup_stm32f411xe.o(.text))
<BR>[Address Reference Count : 1]<UL><LI> startup_stm32f411xe.o(RESET)
</UL>
<P><STRONG><a name="[4b]"></a>FPU_IRQHandler</STRONG> (Thumb, 0 bytes, Stack size 0 bytes, startup_stm32f411xe.o(.text))
<BR>[Address Reference Count : 1]<UL><LI> startup_stm32f411xe.o(RESET)
</UL>
<P><STRONG><a name="[31]"></a>I2C1_ER_IRQHandler</STRONG> (Thumb, 0 bytes, Stack size 0 bytes, startup_stm32f411xe.o(.text))
<BR>[Address Reference Count : 1]<UL><LI> startup_stm32f411xe.o(RESET)
</UL>
<P><STRONG><a name="[30]"></a>I2C1_EV_IRQHandler</STRONG> (Thumb, 0 bytes, Stack size 0 bytes, startup_stm32f411xe.o(.text))
<BR>[Address Reference Count : 1]<UL><LI> startup_stm32f411xe.o(RESET)
</UL>
<P><STRONG><a name="[33]"></a>I2C2_ER_IRQHandler</STRONG> (Thumb, 0 bytes, Stack size 0 bytes, startup_stm32f411xe.o(.text))
<BR>[Address Reference Count : 1]<UL><LI> startup_stm32f411xe.o(RESET)
</UL>
<P><STRONG><a name="[32]"></a>I2C2_EV_IRQHandler</STRONG> (Thumb, 0 bytes, Stack size 0 bytes, startup_stm32f411xe.o(.text))
<BR>[Address Reference Count : 1]<UL><LI> startup_stm32f411xe.o(RESET)
</UL>
<P><STRONG><a name="[4a]"></a>I2C3_ER_IRQHandler</STRONG> (Thumb, 0 bytes, Stack size 0 bytes, startup_stm32f411xe.o(.text))
<BR>[Address Reference Count : 1]<UL><LI> startup_stm32f411xe.o(RESET)
</UL>
<P><STRONG><a name="[49]"></a>I2C3_EV_IRQHandler</STRONG> (Thumb, 0 bytes, Stack size 0 bytes, startup_stm32f411xe.o(.text))
<BR>[Address Reference Count : 1]<UL><LI> startup_stm32f411xe.o(RESET)
</UL>
<P><STRONG><a name="[44]"></a>OTG_FS_IRQHandler</STRONG> (Thumb, 0 bytes, Stack size 0 bytes, startup_stm32f411xe.o(.text))
<BR>[Address Reference Count : 1]<UL><LI> startup_stm32f411xe.o(RESET)
</UL>
<P><STRONG><a name="[3a]"></a>OTG_FS_WKUP_IRQHandler</STRONG> (Thumb, 0 bytes, Stack size 0 bytes, startup_stm32f411xe.o(.text))
<BR>[Address Reference Count : 1]<UL><LI> startup_stm32f411xe.o(RESET)
</UL>
<P><STRONG><a name="[16]"></a>PVD_IRQHandler</STRONG> (Thumb, 0 bytes, Stack size 0 bytes, startup_stm32f411xe.o(.text))
<BR>[Address Reference Count : 1]<UL><LI> startup_stm32f411xe.o(RESET)
</UL>
<P><STRONG><a name="[1a]"></a>RCC_IRQHandler</STRONG> (Thumb, 0 bytes, Stack size 0 bytes, startup_stm32f411xe.o(.text))
<BR>[Address Reference Count : 1]<UL><LI> startup_stm32f411xe.o(RESET)
</UL>
<P><STRONG><a name="[39]"></a>RTC_Alarm_IRQHandler</STRONG> (Thumb, 0 bytes, Stack size 0 bytes, startup_stm32f411xe.o(.text))
<BR>[Address Reference Count : 1]<UL><LI> startup_stm32f411xe.o(RESET)
</UL>
<P><STRONG><a name="[18]"></a>RTC_WKUP_IRQHandler</STRONG> (Thumb, 0 bytes, Stack size 0 bytes, startup_stm32f411xe.o(.text))
<BR>[Address Reference Count : 1]<UL><LI> startup_stm32f411xe.o(RESET)
</UL>
<P><STRONG><a name="[3c]"></a>SDIO_IRQHandler</STRONG> (Thumb, 0 bytes, Stack size 0 bytes, startup_stm32f411xe.o(.text))
<BR>[Address Reference Count : 1]<UL><LI> startup_stm32f411xe.o(RESET)
</UL>
<P><STRONG><a name="[34]"></a>SPI1_IRQHandler</STRONG> (Thumb, 0 bytes, Stack size 0 bytes, startup_stm32f411xe.o(.text))
<BR>[Address Reference Count : 1]<UL><LI> startup_stm32f411xe.o(RESET)
</UL>
<P><STRONG><a name="[35]"></a>SPI2_IRQHandler</STRONG> (Thumb, 0 bytes, Stack size 0 bytes, startup_stm32f411xe.o(.text))
<BR>[Address Reference Count : 1]<UL><LI> startup_stm32f411xe.o(RESET)
</UL>
<P><STRONG><a name="[3e]"></a>SPI3_IRQHandler</STRONG> (Thumb, 0 bytes, Stack size 0 bytes, startup_stm32f411xe.o(.text))
<BR>[Address Reference Count : 1]<UL><LI> startup_stm32f411xe.o(RESET)
</UL>
<P><STRONG><a name="[4c]"></a>SPI4_IRQHandler</STRONG> (Thumb, 0 bytes, Stack size 0 bytes, startup_stm32f411xe.o(.text))
<BR>[Address Reference Count : 1]<UL><LI> startup_stm32f411xe.o(RESET)
</UL>
<P><STRONG><a name="[4d]"></a>SPI5_IRQHandler</STRONG> (Thumb, 0 bytes, Stack size 0 bytes, startup_stm32f411xe.o(.text))
<BR>[Address Reference Count : 1]<UL><LI> startup_stm32f411xe.o(RESET)
</UL>
<P><STRONG><a name="[17]"></a>TAMP_STAMP_IRQHandler</STRONG> (Thumb, 0 bytes, Stack size 0 bytes, startup_stm32f411xe.o(.text))
<BR>[Address Reference Count : 1]<UL><LI> startup_stm32f411xe.o(RESET)
</UL>
<P><STRONG><a name="[29]"></a>TIM1_BRK_TIM9_IRQHandler</STRONG> (Thumb, 0 bytes, Stack size 0 bytes, startup_stm32f411xe.o(.text))
<BR>[Address Reference Count : 1]<UL><LI> startup_stm32f411xe.o(RESET)
</UL>
<P><STRONG><a name="[2c]"></a>TIM1_CC_IRQHandler</STRONG> (Thumb, 0 bytes, Stack size 0 bytes, startup_stm32f411xe.o(.text))
<BR>[Address Reference Count : 1]<UL><LI> startup_stm32f411xe.o(RESET)
</UL>
<P><STRONG><a name="[2b]"></a>TIM1_TRG_COM_TIM11_IRQHandler</STRONG> (Thumb, 0 bytes, Stack size 0 bytes, startup_stm32f411xe.o(.text))
<BR>[Address Reference Count : 1]<UL><LI> startup_stm32f411xe.o(RESET)
</UL>
<P><STRONG><a name="[2a]"></a>TIM1_UP_TIM10_IRQHandler</STRONG> (Thumb, 0 bytes, Stack size 0 bytes, startup_stm32f411xe.o(.text))
<BR>[Address Reference Count : 1]<UL><LI> startup_stm32f411xe.o(RESET)
</UL>
<P><STRONG><a name="[2d]"></a>TIM2_IRQHandler</STRONG> (Thumb, 0 bytes, Stack size 0 bytes, startup_stm32f411xe.o(.text))
<BR>[Address Reference Count : 1]<UL><LI> startup_stm32f411xe.o(RESET)
</UL>
<P><STRONG><a name="[2e]"></a>TIM3_IRQHandler</STRONG> (Thumb, 0 bytes, Stack size 0 bytes, startup_stm32f411xe.o(.text))
<BR>[Address Reference Count : 1]<UL><LI> startup_stm32f411xe.o(RESET)
</UL>
<P><STRONG><a name="[2f]"></a>TIM4_IRQHandler</STRONG> (Thumb, 0 bytes, Stack size 0 bytes, startup_stm32f411xe.o(.text))
<BR>[Address Reference Count : 1]<UL><LI> startup_stm32f411xe.o(RESET)
</UL>
<P><STRONG><a name="[3d]"></a>TIM5_IRQHandler</STRONG> (Thumb, 0 bytes, Stack size 0 bytes, startup_stm32f411xe.o(.text))
<BR>[Address Reference Count : 1]<UL><LI> startup_stm32f411xe.o(RESET)
</UL>
<P><STRONG><a name="[36]"></a>USART1_IRQHandler</STRONG> (Thumb, 0 bytes, Stack size 0 bytes, startup_stm32f411xe.o(.text))
<BR>[Address Reference Count : 1]<UL><LI> startup_stm32f411xe.o(RESET)
</UL>
<P><STRONG><a name="[37]"></a>USART2_IRQHandler</STRONG> (Thumb, 0 bytes, Stack size 0 bytes, startup_stm32f411xe.o(.text))
<BR>[Address Reference Count : 1]<UL><LI> startup_stm32f411xe.o(RESET)
</UL>
<P><STRONG><a name="[48]"></a>USART6_IRQHandler</STRONG> (Thumb, 0 bytes, Stack size 0 bytes, startup_stm32f411xe.o(.text))
<BR>[Address Reference Count : 1]<UL><LI> startup_stm32f411xe.o(RESET)
</UL>
<P><STRONG><a name="[15]"></a>WWDG_IRQHandler</STRONG> (Thumb, 0 bytes, Stack size 0 bytes, startup_stm32f411xe.o(.text))
<BR>[Address Reference Count : 1]<UL><LI> startup_stm32f411xe.o(RESET)
</UL>
<P><STRONG><a name="[6e]"></a>__user_initial_stackheap</STRONG> (Thumb, 0 bytes, Stack size unknown bytes, startup_stm32f411xe.o(.text))
<BR><BR>[Called By]<UL><LI><a href="#[63]">&gt;&gt;</a>&nbsp;&nbsp;&nbsp;__user_setup_stackheap
</UL>

<P><STRONG><a name="[8f]"></a>__aeabi_uldivmod</STRONG> (Thumb, 0 bytes, Stack size 48 bytes, lludivv7m.o(.text))
<BR><BR>[Stack]<UL><LI>Max Depth = 48<LI>Call Chain = __aeabi_uldivmod
</UL>
<BR>[Called By]<UL><LI><a href="#[7a]">&gt;&gt;</a>&nbsp;&nbsp;&nbsp;HAL_SD_WriteBlocks
<LI><a href="#[78]">&gt;&gt;</a>&nbsp;&nbsp;&nbsp;HAL_SD_ReadBlocks
<LI><a href="#[5a]">&gt;&gt;</a>&nbsp;&nbsp;&nbsp;SD_ioctl(unsigned char, void*)
</UL>

<P><STRONG><a name="[d8]"></a>_ll_udiv</STRONG> (Thumb, 238 bytes, Stack size 48 bytes, lludivv7m.o(.text), UNUSED)

<P><STRONG><a name="[d9]"></a>__use_two_region_memory</STRONG> (Thumb, 2 bytes, Stack size 0 bytes, heapauxi.o(.text), UNUSED)

<P><STRONG><a name="[4]"></a>__rt_heap_escrow</STRONG> (Thumb, 2 bytes, Stack size 0 bytes, heapauxi.o(.text), UNUSED)

<P><STRONG><a name="[3]"></a>__rt_heap_expand</STRONG> (Thumb, 2 bytes, Stack size 0 bytes, heapauxi.o(.text), UNUSED)

<P><STRONG><a name="[da]"></a>__user_libspace</STRONG> (Thumb, 8 bytes, Stack size 0 bytes, libspace.o(.text), UNUSED)

<P><STRONG><a name="[6d]"></a>__user_perproc_libspace</STRONG> (Thumb, 0 bytes, Stack size 0 bytes, libspace.o(.text))
<BR><BR>[Called By]<UL><LI><a href="#[63]">&gt;&gt;</a>&nbsp;&nbsp;&nbsp;__user_setup_stackheap
</UL>

<P><STRONG><a name="[db]"></a>__user_perthread_libspace</STRONG> (Thumb, 0 bytes, Stack size 0 bytes, libspace.o(.text), UNUSED)

<P><STRONG><a name="[6c]"></a>_sys_exit</STRONG> (Thumb, 8 bytes, Stack size 0 bytes, sys_exit.o(.text))
<BR><BR>[Called By]<UL><LI><a href="#[6b]">&gt;&gt;</a>&nbsp;&nbsp;&nbsp;__rt_exit_exit
</UL>

<P><STRONG><a name="[dc]"></a>__I$use$semihosting</STRONG> (Thumb, 0 bytes, Stack size 0 bytes, use_no_semi.o(.text), UNUSED)

<P><STRONG><a name="[dd]"></a>__use_no_semihosting_swi</STRONG> (Thumb, 2 bytes, Stack size 0 bytes, use_no_semi.o(.text), UNUSED)

<P><STRONG><a name="[de]"></a>__semihosting_library_function</STRONG> (Thumb, 0 bytes, Stack size 8 bytes, indicate_semi.o(.text), UNUSED)

<P><STRONG><a name="[63]"></a>__user_setup_stackheap</STRONG> (Thumb, 74 bytes, Stack size 8 bytes, sys_stackheap_outer.o(.text))
<BR><BR>[Stack]<UL><LI>Max Depth = 8 + Unknown Stack Size
<LI>Call Chain = __user_setup_stackheap
</UL>
<BR>[Calls]<UL><LI><a href="#[6e]">&gt;&gt;</a>&nbsp;&nbsp;&nbsp;__user_initial_stackheap
<LI><a href="#[6d]">&gt;&gt;</a>&nbsp;&nbsp;&nbsp;__user_perproc_libspace
</UL>
<BR>[Called By]<UL><LI><a href="#[62]">&gt;&gt;</a>&nbsp;&nbsp;&nbsp;__rt_entry_sh
</UL>

<P><STRONG><a name="[68]"></a>exit</STRONG> (Thumb, 12 bytes, Stack size 0 bytes, exit.o(.text))
<BR><BR>[Calls]<UL><LI><a href="#[6f]">&gt;&gt;</a>&nbsp;&nbsp;&nbsp;__rt_exit
</UL>
<BR>[Called By]<UL><LI><a href="#[66]">&gt;&gt;</a>&nbsp;&nbsp;&nbsp;__rt_entry_main
</UL>

<P><STRONG><a name="[70]"></a>BSP_SD_GetCardInfo</STRONG> (Thumb, 14 bytes, Stack size 8 bytes, bsp_driver_sd.o(i.BSP_SD_GetCardInfo))
<BR><BR>[Stack]<UL><LI>Max Depth = 32<LI>Call Chain = BSP_SD_GetCardInfo &rArr; HAL_SD_Get_CardInfo
</UL>
<BR>[Calls]<UL><LI><a href="#[71]">&gt;&gt;</a>&nbsp;&nbsp;&nbsp;HAL_SD_Get_CardInfo
</UL>
<BR>[Called By]<UL><LI><a href="#[5a]">&gt;&gt;</a>&nbsp;&nbsp;&nbsp;SD_ioctl(unsigned char, void*)
</UL>

<P><STRONG><a name="[72]"></a>BSP_SD_GetStatus</STRONG> (Thumb, 10 bytes, Stack size 8 bytes, bsp_driver_sd.o(i.BSP_SD_GetStatus))
<BR><BR>[Stack]<UL><LI>Max Depth = 112<LI>Call Chain = BSP_SD_GetStatus &rArr; HAL_SD_GetStatus &rArr; SD_GetState(SD_HandleTypeDef*) &rArr; SD_SendStatus(SD_HandleTypeDef*, unsigned*) &rArr; SD_CmdResp1Error(SD_HandleTypeDef*, unsigned char) &rArr; SDIO_GetResponse
</UL>
<BR>[Calls]<UL><LI><a href="#[73]">&gt;&gt;</a>&nbsp;&nbsp;&nbsp;HAL_SD_GetStatus
</UL>
<BR>[Called By]<UL><LI><a href="#[57]">&gt;&gt;</a>&nbsp;&nbsp;&nbsp;SD_status()
</UL>

<P><STRONG><a name="[74]"></a>BSP_SD_Init</STRONG> (Thumb, 30 bytes, Stack size 8 bytes, bsp_driver_sd.o(i.BSP_SD_Init))
<BR><BR>[Stack]<UL><LI>Max Depth = 144<LI>Call Chain = BSP_SD_Init &rArr; HAL_SD_Init &rArr; SD_PowerON(SD_HandleTypeDef*) &rArr; SD_CmdResp1Error(SD_HandleTypeDef*, unsigned char) &rArr; SDIO_GetResponse
</UL>
<BR>[Calls]<UL><LI><a href="#[76]">&gt;&gt;</a>&nbsp;&nbsp;&nbsp;HAL_SD_Init
<LI><a href="#[75]">&gt;&gt;</a>&nbsp;&nbsp;&nbsp;BSP_SD_IsDetected
</UL>
<BR>[Called By]<UL><LI><a href="#[56]">&gt;&gt;</a>&nbsp;&nbsp;&nbsp;SD_initialize()
</UL>

<P><STRONG><a name="[75]"></a>BSP_SD_IsDetected</STRONG> (Thumb, 12 bytes, Stack size 8 bytes, bsp_driver_sd.o(i.BSP_SD_IsDetected))
<BR><BR>[Stack]<UL><LI>Max Depth = 8<LI>Call Chain = BSP_SD_IsDetected
</UL>
<BR>[Called By]<UL><LI><a href="#[74]">&gt;&gt;</a>&nbsp;&nbsp;&nbsp;BSP_SD_Init
</UL>

<P><STRONG><a name="[77]"></a>BSP_SD_ReadBlocks</STRONG> (Thumb, 42 bytes, Stack size 32 bytes, bsp_driver_sd.o(i.BSP_SD_ReadBlocks))
<BR><BR>[Stack]<UL><LI>Max Depth = 200<LI>Call Chain = BSP_SD_ReadBlocks &rArr; HAL_SD_ReadBlocks &rArr; HAL_SD_StopTransfer &rArr; SD_CmdResp1Error(SD_HandleTypeDef*, unsigned char) &rArr; SDIO_GetResponse
</UL>
<BR>[Calls]<UL><LI><a href="#[78]">&gt;&gt;</a>&nbsp;&nbsp;&nbsp;HAL_SD_ReadBlocks
</UL>
<BR>[Called By]<UL><LI><a href="#[58]">&gt;&gt;</a>&nbsp;&nbsp;&nbsp;SD_read(unsigned char*, unsigned long, unsigned)
</UL>

<P><STRONG><a name="[79]"></a>BSP_SD_WriteBlocks</STRONG> (Thumb, 42 bytes, Stack size 32 bytes, bsp_driver_sd.o(i.BSP_SD_WriteBlocks))
<BR><BR>[Stack]<UL><LI>Max Depth = 208<LI>Call Chain = BSP_SD_WriteBlocks &rArr; HAL_SD_WriteBlocks &rArr; HAL_SD_StopTransfer &rArr; SD_CmdResp1Error(SD_HandleTypeDef*, unsigned char) &rArr; SDIO_GetResponse
</UL>
<BR>[Calls]<UL><LI><a href="#[7a]">&gt;&gt;</a>&nbsp;&nbsp;&nbsp;HAL_SD_WriteBlocks
</UL>
<BR>[Called By]<UL><LI><a href="#[59]">&gt;&gt;</a>&nbsp;&nbsp;&nbsp;SD_write(const unsigned char*, unsigned long, unsigned)
</UL>

<P><STRONG><a name="[9f]"></a>FATFS_LinkDriver</STRONG> (Thumb, 70 bytes, Stack size 16 bytes, ff_gen_drv.o(i.FATFS_LinkDriver))
<BR><BR>[Stack]<UL><LI>Max Depth = 16<LI>Call Chain = FATFS_LinkDriver
</UL>
<BR>[Called By]<UL><LI><a href="#[9e]">&gt;&gt;</a>&nbsp;&nbsp;&nbsp;MX_FATFS_Init
</UL>

<P><STRONG><a name="[7b]"></a>HAL_Delay</STRONG> (Thumb, 26 bytes, Stack size 16 bytes, stm32f4xx_hal.o(i.HAL_Delay))
<BR><BR>[Stack]<UL><LI>Max Depth = 16<LI>Call Chain = HAL_Delay
</UL>
<BR>[Calls]<UL><LI><a href="#[7c]">&gt;&gt;</a>&nbsp;&nbsp;&nbsp;HAL_GetTick
</UL>
<BR>[Called By]<UL><LI><a href="#[b2]">&gt;&gt;</a>&nbsp;&nbsp;&nbsp;DaqADS1298::writeReg(unsigned char, unsigned char)
<LI><a href="#[50]">&gt;&gt;</a>&nbsp;&nbsp;&nbsp;DaqADS1298::setup()
<LI><a href="#[8b]">&gt;&gt;</a>&nbsp;&nbsp;&nbsp;SD_PowerON(SD_HandleTypeDef*)
</UL>

<P><STRONG><a name="[8e]"></a>HAL_GPIO_Init</STRONG> (Thumb, 430 bytes, Stack size 24 bytes, stm32f4xx_hal_gpio.o(i.HAL_GPIO_Init))
<BR><BR>[Stack]<UL><LI>Max Depth = 24<LI>Call Chain = HAL_GPIO_Init
</UL>
<BR>[Called By]<UL><LI><a href="#[a7]">&gt;&gt;</a>&nbsp;&nbsp;&nbsp;MX_GPIO_Init()
<LI><a href="#[98]">&gt;&gt;</a>&nbsp;&nbsp;&nbsp;HAL_SPI_MspInit
<LI><a href="#[89]">&gt;&gt;</a>&nbsp;&nbsp;&nbsp;HAL_SD_MspInit
</UL>

<P><STRONG><a name="[b1]"></a>HAL_GPIO_WritePin</STRONG> (Thumb, 12 bytes, Stack size 0 bytes, stm32f4xx_hal_gpio.o(i.HAL_GPIO_WritePin))
<BR><BR>[Called By]<UL><LI><a href="#[50]">&gt;&gt;</a>&nbsp;&nbsp;&nbsp;DaqADS1298::setup()
</UL>

<P><STRONG><a name="[7c]"></a>HAL_GetTick</STRONG> (Thumb, 6 bytes, Stack size 0 bytes, stm32f4xx_hal.o(i.HAL_GetTick))
<BR><BR>[Called By]<UL><LI><a href="#[7b]">&gt;&gt;</a>&nbsp;&nbsp;&nbsp;HAL_Delay
<LI><a href="#[87]">&gt;&gt;</a>&nbsp;&nbsp;&nbsp;HAL_RCC_OscConfig
<LI><a href="#[9a]">&gt;&gt;</a>&nbsp;&nbsp;&nbsp;SPI_WaitOnFlagUntilTimeout(__SPI_HandleTypeDef*, unsigned, FlagStatus, unsigned)
</UL>

<P><STRONG><a name="[a0]"></a>HAL_IncTick</STRONG> (Thumb, 12 bytes, Stack size 0 bytes, stm32f4xx_hal.o(i.HAL_IncTick))
<BR><BR>[Called By]<UL><LI><a href="#[14]">&gt;&gt;</a>&nbsp;&nbsp;&nbsp;SysTick_Handler
</UL>

<P><STRONG><a name="[7d]"></a>HAL_Init</STRONG> (Thumb, 54 bytes, Stack size 8 bytes, stm32f4xx_hal.o(i.HAL_Init))
<BR><BR>[Stack]<UL><LI>Max Depth = 72<LI>Call Chain = HAL_Init &rArr; HAL_InitTick &rArr; HAL_NVIC_SetPriority &rArr; NVIC_SetPriority(IRQn_Type, unsigned)
</UL>
<BR>[Calls]<UL><LI><a href="#[7e]">&gt;&gt;</a>&nbsp;&nbsp;&nbsp;HAL_NVIC_SetPriorityGrouping
<LI><a href="#[80]">&gt;&gt;</a>&nbsp;&nbsp;&nbsp;HAL_MspInit
<LI><a href="#[7f]">&gt;&gt;</a>&nbsp;&nbsp;&nbsp;HAL_InitTick
</UL>
<BR>[Called By]<UL><LI><a href="#[67]">&gt;&gt;</a>&nbsp;&nbsp;&nbsp;main
</UL>

<P><STRONG><a name="[7f]"></a>HAL_InitTick</STRONG> (Thumb, 36 bytes, Stack size 16 bytes, stm32f4xx_hal.o(i.HAL_InitTick))
<BR><BR>[Stack]<UL><LI>Max Depth = 64<LI>Call Chain = HAL_InitTick &rArr; HAL_NVIC_SetPriority &rArr; NVIC_SetPriority(IRQn_Type, unsigned)
</UL>
<BR>[Calls]<UL><LI><a href="#[82]">&gt;&gt;</a>&nbsp;&nbsp;&nbsp;HAL_SYSTICK_Config
<LI><a href="#[81]">&gt;&gt;</a>&nbsp;&nbsp;&nbsp;HAL_RCC_GetHCLKFreq
<LI><a href="#[83]">&gt;&gt;</a>&nbsp;&nbsp;&nbsp;HAL_NVIC_SetPriority
</UL>
<BR>[Called By]<UL><LI><a href="#[7d]">&gt;&gt;</a>&nbsp;&nbsp;&nbsp;HAL_Init
</UL>

<P><STRONG><a name="[80]"></a>HAL_MspInit</STRONG> (Thumb, 20 bytes, Stack size 8 bytes, stm32f4xx_hal_msp.o(i.HAL_MspInit))
<BR><BR>[Stack]<UL><LI>Max Depth = 56<LI>Call Chain = HAL_MspInit &rArr; HAL_NVIC_SetPriority &rArr; NVIC_SetPriority(IRQn_Type, unsigned)
</UL>
<BR>[Calls]<UL><LI><a href="#[7e]">&gt;&gt;</a>&nbsp;&nbsp;&nbsp;HAL_NVIC_SetPriorityGrouping
<LI><a href="#[83]">&gt;&gt;</a>&nbsp;&nbsp;&nbsp;HAL_NVIC_SetPriority
</UL>
<BR>[Called By]<UL><LI><a href="#[7d]">&gt;&gt;</a>&nbsp;&nbsp;&nbsp;HAL_Init
</UL>

<P><STRONG><a name="[83]"></a>HAL_NVIC_SetPriority</STRONG> (Thumb, 124 bytes, Stack size 40 bytes, stm32f4xx_hal_cortex.o(i.HAL_NVIC_SetPriority))
<BR><BR>[Stack]<UL><LI>Max Depth = 48<LI>Call Chain = HAL_NVIC_SetPriority &rArr; NVIC_SetPriority(IRQn_Type, unsigned)
</UL>
<BR>[Calls]<UL><LI><a href="#[84]">&gt;&gt;</a>&nbsp;&nbsp;&nbsp;NVIC_GetPriorityGrouping()
<LI><a href="#[85]">&gt;&gt;</a>&nbsp;&nbsp;&nbsp;NVIC_SetPriority(IRQn_Type, unsigned)
</UL>
<BR>[Called By]<UL><LI><a href="#[80]">&gt;&gt;</a>&nbsp;&nbsp;&nbsp;HAL_MspInit
<LI><a href="#[7f]">&gt;&gt;</a>&nbsp;&nbsp;&nbsp;HAL_InitTick
</UL>

<P><STRONG><a name="[7e]"></a>HAL_NVIC_SetPriorityGrouping</STRONG> (Thumb, 32 bytes, Stack size 0 bytes, stm32f4xx_hal_cortex.o(i.HAL_NVIC_SetPriorityGrouping))
<BR><BR>[Called By]<UL><LI><a href="#[7d]">&gt;&gt;</a>&nbsp;&nbsp;&nbsp;HAL_Init
<LI><a href="#[80]">&gt;&gt;</a>&nbsp;&nbsp;&nbsp;HAL_MspInit
</UL>

<P><STRONG><a name="[81]"></a>HAL_RCC_GetHCLKFreq</STRONG> (Thumb, 42 bytes, Stack size 8 bytes, stm32f4xx_hal_rcc.o(i.HAL_RCC_GetHCLKFreq))
<BR><BR>[Stack]<UL><LI>Max Depth = 24<LI>Call Chain = HAL_RCC_GetHCLKFreq &rArr; HAL_RCC_GetSysClockFreq
</UL>
<BR>[Calls]<UL><LI><a href="#[86]">&gt;&gt;</a>&nbsp;&nbsp;&nbsp;HAL_RCC_GetSysClockFreq
</UL>
<BR>[Called By]<UL><LI><a href="#[ad]">&gt;&gt;</a>&nbsp;&nbsp;&nbsp;SystemClock_Config()
<LI><a href="#[7f]">&gt;&gt;</a>&nbsp;&nbsp;&nbsp;HAL_InitTick
</UL>

<P><STRONG><a name="[86]"></a>HAL_RCC_GetSysClockFreq</STRONG> (Thumb, 168 bytes, Stack size 16 bytes, stm32f4xx_hal_rcc.o(i.HAL_RCC_GetSysClockFreq))
<BR><BR>[Stack]<UL><LI>Max Depth = 16<LI>Call Chain = HAL_RCC_GetSysClockFreq
</UL>
<BR>[Called By]<UL><LI><a href="#[81]">&gt;&gt;</a>&nbsp;&nbsp;&nbsp;HAL_RCC_GetHCLKFreq
</UL>

<P><STRONG><a name="[87]"></a>HAL_RCC_OscConfig</STRONG> (Thumb, 1024 bytes, Stack size 16 bytes, stm32f4xx_hal_rcc.o(i.HAL_RCC_OscConfig))
<BR><BR>[Stack]<UL><LI>Max Depth = 16<LI>Call Chain = HAL_RCC_OscConfig
</UL>
<BR>[Calls]<UL><LI><a href="#[7c]">&gt;&gt;</a>&nbsp;&nbsp;&nbsp;HAL_GetTick
</UL>
<BR>[Called By]<UL><LI><a href="#[ad]">&gt;&gt;</a>&nbsp;&nbsp;&nbsp;SystemClock_Config()
</UL>

<P><STRONG><a name="[73]"></a>HAL_SD_GetStatus</STRONG> (Thumb, 34 bytes, Stack size 16 bytes, stm32f4xx_hal_sd.o(i.HAL_SD_GetStatus))
<BR><BR>[Stack]<UL><LI>Max Depth = 104<LI>Call Chain = HAL_SD_GetStatus &rArr; SD_GetState(SD_HandleTypeDef*) &rArr; SD_SendStatus(SD_HandleTypeDef*, unsigned*) &rArr; SD_CmdResp1Error(SD_HandleTypeDef*, unsigned char) &rArr; SDIO_GetResponse
</UL>
<BR>[Calls]<UL><LI><a href="#[88]">&gt;&gt;</a>&nbsp;&nbsp;&nbsp;SD_GetState(SD_HandleTypeDef*)
</UL>
<BR>[Called By]<UL><LI><a href="#[72]">&gt;&gt;</a>&nbsp;&nbsp;&nbsp;BSP_SD_GetStatus
</UL>

<P><STRONG><a name="[71]"></a>HAL_SD_Get_CardInfo</STRONG> (Thumb, 750 bytes, Stack size 24 bytes, stm32f4xx_hal_sd.o(i.HAL_SD_Get_CardInfo))
<BR><BR>[Stack]<UL><LI>Max Depth = 24<LI>Call Chain = HAL_SD_Get_CardInfo
</UL>
<BR>[Called By]<UL><LI><a href="#[76]">&gt;&gt;</a>&nbsp;&nbsp;&nbsp;HAL_SD_Init
<LI><a href="#[70]">&gt;&gt;</a>&nbsp;&nbsp;&nbsp;BSP_SD_GetCardInfo
</UL>

<P><STRONG><a name="[76]"></a>HAL_SD_Init</STRONG> (Thumb, 156 bytes, Stack size 56 bytes, stm32f4xx_hal_sd.o(i.HAL_SD_Init))
<BR><BR>[Stack]<UL><LI>Max Depth = 136<LI>Call Chain = HAL_SD_Init &rArr; SD_PowerON(SD_HandleTypeDef*) &rArr; SD_CmdResp1Error(SD_HandleTypeDef*, unsigned char) &rArr; SDIO_GetResponse
</UL>
<BR>[Calls]<UL><LI><a href="#[71]">&gt;&gt;</a>&nbsp;&nbsp;&nbsp;HAL_SD_Get_CardInfo
<LI><a href="#[89]">&gt;&gt;</a>&nbsp;&nbsp;&nbsp;HAL_SD_MspInit
<LI><a href="#[8a]">&gt;&gt;</a>&nbsp;&nbsp;&nbsp;SDIO_Init
<LI><a href="#[8c]">&gt;&gt;</a>&nbsp;&nbsp;&nbsp;SD_Initialize_Cards(SD_HandleTypeDef*)
<LI><a href="#[8d]">&gt;&gt;</a>&nbsp;&nbsp;&nbsp;SD_Select_Deselect(SD_HandleTypeDef*, unsigned long long)
<LI><a href="#[8b]">&gt;&gt;</a>&nbsp;&nbsp;&nbsp;SD_PowerON(SD_HandleTypeDef*)
</UL>
<BR>[Called By]<UL><LI><a href="#[74]">&gt;&gt;</a>&nbsp;&nbsp;&nbsp;BSP_SD_Init
</UL>

<P><STRONG><a name="[89]"></a>HAL_SD_MspInit</STRONG> (Thumb, 132 bytes, Stack size 32 bytes, stm32f4xx_hal_msp.o(i.HAL_SD_MspInit))
<BR><BR>[Stack]<UL><LI>Max Depth = 56<LI>Call Chain = HAL_SD_MspInit &rArr; HAL_GPIO_Init
</UL>
<BR>[Calls]<UL><LI><a href="#[8e]">&gt;&gt;</a>&nbsp;&nbsp;&nbsp;HAL_GPIO_Init
</UL>
<BR>[Called By]<UL><LI><a href="#[76]">&gt;&gt;</a>&nbsp;&nbsp;&nbsp;HAL_SD_Init
</UL>

<P><STRONG><a name="[78]"></a>HAL_SD_ReadBlocks</STRONG> (Thumb, 496 bytes, Stack size 104 bytes, stm32f4xx_hal_sd.o(i.HAL_SD_ReadBlocks))
<BR><BR>[Stack]<UL><LI>Max Depth = 168<LI>Call Chain = HAL_SD_ReadBlocks &rArr; HAL_SD_StopTransfer &rArr; SD_CmdResp1Error(SD_HandleTypeDef*, unsigned char) &rArr; SDIO_GetResponse
</UL>
<BR>[Calls]<UL><LI><a href="#[90]">&gt;&gt;</a>&nbsp;&nbsp;&nbsp;SDIO_SendCommand
<LI><a href="#[93]">&gt;&gt;</a>&nbsp;&nbsp;&nbsp;SDIO_ReadFIFO
<LI><a href="#[92]">&gt;&gt;</a>&nbsp;&nbsp;&nbsp;SDIO_DataConfig
<LI><a href="#[94]">&gt;&gt;</a>&nbsp;&nbsp;&nbsp;HAL_SD_StopTransfer
<LI><a href="#[91]">&gt;&gt;</a>&nbsp;&nbsp;&nbsp;SD_CmdResp1Error(SD_HandleTypeDef*, unsigned char)
<LI><a href="#[8f]">&gt;&gt;</a>&nbsp;&nbsp;&nbsp;__aeabi_uldivmod
</UL>
<BR>[Called By]<UL><LI><a href="#[77]">&gt;&gt;</a>&nbsp;&nbsp;&nbsp;BSP_SD_ReadBlocks
</UL>

<P><STRONG><a name="[94]"></a>HAL_SD_StopTransfer</STRONG> (Thumb, 54 bytes, Stack size 32 bytes, stm32f4xx_hal_sd.o(i.HAL_SD_StopTransfer))
<BR><BR>[Stack]<UL><LI>Max Depth = 64<LI>Call Chain = HAL_SD_StopTransfer &rArr; SD_CmdResp1Error(SD_HandleTypeDef*, unsigned char) &rArr; SDIO_GetResponse
</UL>
<BR>[Calls]<UL><LI><a href="#[90]">&gt;&gt;</a>&nbsp;&nbsp;&nbsp;SDIO_SendCommand
<LI><a href="#[91]">&gt;&gt;</a>&nbsp;&nbsp;&nbsp;SD_CmdResp1Error(SD_HandleTypeDef*, unsigned char)
</UL>
<BR>[Called By]<UL><LI><a href="#[7a]">&gt;&gt;</a>&nbsp;&nbsp;&nbsp;HAL_SD_WriteBlocks
<LI><a href="#[78]">&gt;&gt;</a>&nbsp;&nbsp;&nbsp;HAL_SD_ReadBlocks
</UL>

<P><STRONG><a name="[7a]"></a>HAL_SD_WriteBlocks</STRONG> (Thumb, 650 bytes, Stack size 112 bytes, stm32f4xx_hal_sd.o(i.HAL_SD_WriteBlocks))
<BR><BR>[Stack]<UL><LI>Max Depth = 176<LI>Call Chain = HAL_SD_WriteBlocks &rArr; HAL_SD_StopTransfer &rArr; SD_CmdResp1Error(SD_HandleTypeDef*, unsigned char) &rArr; SDIO_GetResponse
</UL>
<BR>[Calls]<UL><LI><a href="#[95]">&gt;&gt;</a>&nbsp;&nbsp;&nbsp;SDIO_WriteFIFO
<LI><a href="#[90]">&gt;&gt;</a>&nbsp;&nbsp;&nbsp;SDIO_SendCommand
<LI><a href="#[92]">&gt;&gt;</a>&nbsp;&nbsp;&nbsp;SDIO_DataConfig
<LI><a href="#[94]">&gt;&gt;</a>&nbsp;&nbsp;&nbsp;HAL_SD_StopTransfer
<LI><a href="#[96]">&gt;&gt;</a>&nbsp;&nbsp;&nbsp;SD_IsCardProgramming(SD_HandleTypeDef*, unsigned char*)
<LI><a href="#[91]">&gt;&gt;</a>&nbsp;&nbsp;&nbsp;SD_CmdResp1Error(SD_HandleTypeDef*, unsigned char)
<LI><a href="#[8f]">&gt;&gt;</a>&nbsp;&nbsp;&nbsp;__aeabi_uldivmod
</UL>
<BR>[Called By]<UL><LI><a href="#[79]">&gt;&gt;</a>&nbsp;&nbsp;&nbsp;BSP_SD_WriteBlocks
</UL>

<P><STRONG><a name="[97]"></a>HAL_SPI_Init</STRONG> (Thumb, 136 bytes, Stack size 8 bytes, stm32f4xx_hal_spi.o(i.HAL_SPI_Init))
<BR><BR>[Stack]<UL><LI>Max Depth = 64<LI>Call Chain = HAL_SPI_Init &rArr; HAL_SPI_MspInit &rArr; HAL_GPIO_Init
</UL>
<BR>[Calls]<UL><LI><a href="#[98]">&gt;&gt;</a>&nbsp;&nbsp;&nbsp;HAL_SPI_MspInit
</UL>
<BR>[Called By]<UL><LI><a href="#[aa]">&gt;&gt;</a>&nbsp;&nbsp;&nbsp;MX_SPI3_Init()
<LI><a href="#[a9]">&gt;&gt;</a>&nbsp;&nbsp;&nbsp;MX_SPI2_Init()
<LI><a href="#[a8]">&gt;&gt;</a>&nbsp;&nbsp;&nbsp;MX_SPI1_Init()
</UL>

<P><STRONG><a name="[98]"></a>HAL_SPI_MspInit</STRONG> (Thumb, 298 bytes, Stack size 32 bytes, stm32f4xx_hal_msp.o(i.HAL_SPI_MspInit))
<BR><BR>[Stack]<UL><LI>Max Depth = 56<LI>Call Chain = HAL_SPI_MspInit &rArr; HAL_GPIO_Init
</UL>
<BR>[Calls]<UL><LI><a href="#[8e]">&gt;&gt;</a>&nbsp;&nbsp;&nbsp;HAL_GPIO_Init
</UL>
<BR>[Called By]<UL><LI><a href="#[97]">&gt;&gt;</a>&nbsp;&nbsp;&nbsp;HAL_SPI_Init
</UL>

<P><STRONG><a name="[99]"></a>HAL_SPI_Transmit</STRONG> (Thumb, 444 bytes, Stack size 24 bytes, stm32f4xx_hal_spi.o(i.HAL_SPI_Transmit))
<BR><BR>[Stack]<UL><LI>Max Depth = 48<LI>Call Chain = HAL_SPI_Transmit &rArr; SPI_WaitOnFlagUntilTimeout(__SPI_HandleTypeDef*, unsigned, FlagStatus, unsigned)
</UL>
<BR>[Calls]<UL><LI><a href="#[9a]">&gt;&gt;</a>&nbsp;&nbsp;&nbsp;SPI_WaitOnFlagUntilTimeout(__SPI_HandleTypeDef*, unsigned, FlagStatus, unsigned)
</UL>
<BR>[Called By]<UL><LI><a href="#[b2]">&gt;&gt;</a>&nbsp;&nbsp;&nbsp;DaqADS1298::writeReg(unsigned char, unsigned char)
<LI><a href="#[50]">&gt;&gt;</a>&nbsp;&nbsp;&nbsp;DaqADS1298::setup()
</UL>

<P><STRONG><a name="[9b]"></a>HAL_SPI_TransmitReceive</STRONG> (Thumb, 848 bytes, Stack size 40 bytes, stm32f4xx_hal_spi.o(i.HAL_SPI_TransmitReceive))
<BR><BR>[Stack]<UL><LI>Max Depth = 64<LI>Call Chain = HAL_SPI_TransmitReceive &rArr; SPI_WaitOnFlagUntilTimeout(__SPI_HandleTypeDef*, unsigned, FlagStatus, unsigned)
</UL>
<BR>[Calls]<UL><LI><a href="#[9a]">&gt;&gt;</a>&nbsp;&nbsp;&nbsp;SPI_WaitOnFlagUntilTimeout(__SPI_HandleTypeDef*, unsigned, FlagStatus, unsigned)
</UL>
<BR>[Called By]<UL><LI><a href="#[b3]">&gt;&gt;</a>&nbsp;&nbsp;&nbsp;DaqADS1298::readReg(unsigned char)
</UL>

<P><STRONG><a name="[ae]"></a>HAL_SYSTICK_CLKSourceConfig</STRONG> (Thumb, 40 bytes, Stack size 0 bytes, stm32f4xx_hal_cortex.o(i.HAL_SYSTICK_CLKSourceConfig))
<BR><BR>[Called By]<UL><LI><a href="#[ad]">&gt;&gt;</a>&nbsp;&nbsp;&nbsp;SystemClock_Config()
</UL>

<P><STRONG><a name="[9d]"></a>HAL_SYSTICK_Callback</STRONG> (Thumb, 2 bytes, Stack size 0 bytes, stm32f4xx_hal_cortex.o(i.HAL_SYSTICK_Callback))
<BR><BR>[Called By]<UL><LI><a href="#[9c]">&gt;&gt;</a>&nbsp;&nbsp;&nbsp;HAL_SYSTICK_IRQHandler
</UL>

<P><STRONG><a name="[82]"></a>HAL_SYSTICK_Config</STRONG> (Thumb, 52 bytes, Stack size 16 bytes, stm32f4xx_hal_cortex.o(i.HAL_SYSTICK_Config))
<BR><BR>[Stack]<UL><LI>Max Depth = 24<LI>Call Chain = HAL_SYSTICK_Config &rArr; NVIC_SetPriority(IRQn_Type, unsigned)
</UL>
<BR>[Calls]<UL><LI><a href="#[85]">&gt;&gt;</a>&nbsp;&nbsp;&nbsp;NVIC_SetPriority(IRQn_Type, unsigned)
</UL>
<BR>[Called By]<UL><LI><a href="#[ad]">&gt;&gt;</a>&nbsp;&nbsp;&nbsp;SystemClock_Config()
<LI><a href="#[7f]">&gt;&gt;</a>&nbsp;&nbsp;&nbsp;HAL_InitTick
</UL>

<P><STRONG><a name="[9c]"></a>HAL_SYSTICK_IRQHandler</STRONG> (Thumb, 8 bytes, Stack size 8 bytes, stm32f4xx_hal_cortex.o(i.HAL_SYSTICK_IRQHandler))
<BR><BR>[Stack]<UL><LI>Max Depth = 8<LI>Call Chain = HAL_SYSTICK_IRQHandler
</UL>
<BR>[Calls]<UL><LI><a href="#[9d]">&gt;&gt;</a>&nbsp;&nbsp;&nbsp;HAL_SYSTICK_Callback
</UL>
<BR>[Called By]<UL><LI><a href="#[14]">&gt;&gt;</a>&nbsp;&nbsp;&nbsp;SysTick_Handler
</UL>

<P><STRONG><a name="[9e]"></a>MX_FATFS_Init</STRONG> (Thumb, 28 bytes, Stack size 8 bytes, fatfs.o(i.MX_FATFS_Init))
<BR><BR>[Stack]<UL><LI>Max Depth = 24<LI>Call Chain = MX_FATFS_Init &rArr; FATFS_LinkDriver
</UL>
<BR>[Calls]<UL><LI><a href="#[9f]">&gt;&gt;</a>&nbsp;&nbsp;&nbsp;FATFS_LinkDriver
</UL>
<BR>[Called By]<UL><LI><a href="#[67]">&gt;&gt;</a>&nbsp;&nbsp;&nbsp;main
</UL>

<P><STRONG><a name="[92]"></a>SDIO_DataConfig</STRONG> (Thumb, 44 bytes, Stack size 8 bytes, stm32f4xx_ll_sdmmc.o(i.SDIO_DataConfig))
<BR><BR>[Stack]<UL><LI>Max Depth = 8<LI>Call Chain = SDIO_DataConfig
</UL>
<BR>[Called By]<UL><LI><a href="#[7a]">&gt;&gt;</a>&nbsp;&nbsp;&nbsp;HAL_SD_WriteBlocks
<LI><a href="#[78]">&gt;&gt;</a>&nbsp;&nbsp;&nbsp;HAL_SD_ReadBlocks
</UL>

<P><STRONG><a name="[ab]"></a>SDIO_GetCommandResponse</STRONG> (Thumb, 8 bytes, Stack size 0 bytes, stm32f4xx_ll_sdmmc.o(i.SDIO_GetCommandResponse))
<BR><BR>[Called By]<UL><LI><a href="#[96]">&gt;&gt;</a>&nbsp;&nbsp;&nbsp;SD_IsCardProgramming(SD_HandleTypeDef*, unsigned char*)
<LI><a href="#[ac]">&gt;&gt;</a>&nbsp;&nbsp;&nbsp;SD_CmdResp6Error(SD_HandleTypeDef*, unsigned char, unsigned short*)
<LI><a href="#[91]">&gt;&gt;</a>&nbsp;&nbsp;&nbsp;SD_CmdResp1Error(SD_HandleTypeDef*, unsigned char)
</UL>

<P><STRONG><a name="[af]"></a>SDIO_GetPowerState</STRONG> (Thumb, 10 bytes, Stack size 0 bytes, stm32f4xx_ll_sdmmc.o(i.SDIO_GetPowerState))
<BR><BR>[Called By]<UL><LI><a href="#[8c]">&gt;&gt;</a>&nbsp;&nbsp;&nbsp;SD_Initialize_Cards(SD_HandleTypeDef*)
</UL>

<P><STRONG><a name="[a5]"></a>SDIO_GetResponse</STRONG> (Thumb, 20 bytes, Stack size 8 bytes, stm32f4xx_ll_sdmmc.o(i.SDIO_GetResponse))
<BR><BR>[Stack]<UL><LI>Max Depth = 8<LI>Call Chain = SDIO_GetResponse
</UL>
<BR>[Called By]<UL><LI><a href="#[96]">&gt;&gt;</a>&nbsp;&nbsp;&nbsp;SD_IsCardProgramming(SD_HandleTypeDef*, unsigned char*)
<LI><a href="#[8c]">&gt;&gt;</a>&nbsp;&nbsp;&nbsp;SD_Initialize_Cards(SD_HandleTypeDef*)
<LI><a href="#[ac]">&gt;&gt;</a>&nbsp;&nbsp;&nbsp;SD_CmdResp6Error(SD_HandleTypeDef*, unsigned char, unsigned short*)
<LI><a href="#[91]">&gt;&gt;</a>&nbsp;&nbsp;&nbsp;SD_CmdResp1Error(SD_HandleTypeDef*, unsigned char)
<LI><a href="#[a6]">&gt;&gt;</a>&nbsp;&nbsp;&nbsp;SD_SendStatus(SD_HandleTypeDef*, unsigned*)
<LI><a href="#[8b]">&gt;&gt;</a>&nbsp;&nbsp;&nbsp;SD_PowerON(SD_HandleTypeDef*)
</UL>

<P><STRONG><a name="[8a]"></a>SDIO_Init</STRONG> (Thumb, 52 bytes, Stack size 24 bytes, stm32f4xx_ll_sdmmc.o(i.SDIO_Init))
<BR><BR>[Stack]<UL><LI>Max Depth = 24<LI>Call Chain = SDIO_Init
</UL>
<BR>[Called By]<UL><LI><a href="#[76]">&gt;&gt;</a>&nbsp;&nbsp;&nbsp;HAL_SD_Init
</UL>

<P><STRONG><a name="[a1]"></a>SDIO_PowerState_ON</STRONG> (Thumb, 10 bytes, Stack size 0 bytes, stm32f4xx_ll_sdmmc.o(i.SDIO_PowerState_ON))
<BR><BR>[Called By]<UL><LI><a href="#[8b]">&gt;&gt;</a>&nbsp;&nbsp;&nbsp;SD_PowerON(SD_HandleTypeDef*)
</UL>

<P><STRONG><a name="[93]"></a>SDIO_ReadFIFO</STRONG> (Thumb, 8 bytes, Stack size 0 bytes, stm32f4xx_ll_sdmmc.o(i.SDIO_ReadFIFO))
<BR><BR>[Called By]<UL><LI><a href="#[78]">&gt;&gt;</a>&nbsp;&nbsp;&nbsp;HAL_SD_ReadBlocks
</UL>

<P><STRONG><a name="[90]"></a>SDIO_SendCommand</STRONG> (Thumb, 40 bytes, Stack size 8 bytes, stm32f4xx_ll_sdmmc.o(i.SDIO_SendCommand))
<BR><BR>[Stack]<UL><LI>Max Depth = 8<LI>Call Chain = SDIO_SendCommand
</UL>
<BR>[Called By]<UL><LI><a href="#[7a]">&gt;&gt;</a>&nbsp;&nbsp;&nbsp;HAL_SD_WriteBlocks
<LI><a href="#[78]">&gt;&gt;</a>&nbsp;&nbsp;&nbsp;HAL_SD_ReadBlocks
<LI><a href="#[94]">&gt;&gt;</a>&nbsp;&nbsp;&nbsp;HAL_SD_StopTransfer
<LI><a href="#[96]">&gt;&gt;</a>&nbsp;&nbsp;&nbsp;SD_IsCardProgramming(SD_HandleTypeDef*, unsigned char*)
<LI><a href="#[8c]">&gt;&gt;</a>&nbsp;&nbsp;&nbsp;SD_Initialize_Cards(SD_HandleTypeDef*)
<LI><a href="#[8d]">&gt;&gt;</a>&nbsp;&nbsp;&nbsp;SD_Select_Deselect(SD_HandleTypeDef*, unsigned long long)
<LI><a href="#[a6]">&gt;&gt;</a>&nbsp;&nbsp;&nbsp;SD_SendStatus(SD_HandleTypeDef*, unsigned*)
<LI><a href="#[8b]">&gt;&gt;</a>&nbsp;&nbsp;&nbsp;SD_PowerON(SD_HandleTypeDef*)
</UL>

<P><STRONG><a name="[95]"></a>SDIO_WriteFIFO</STRONG> (Thumb, 12 bytes, Stack size 0 bytes, stm32f4xx_ll_sdmmc.o(i.SDIO_WriteFIFO))
<BR><BR>[Called By]<UL><LI><a href="#[7a]">&gt;&gt;</a>&nbsp;&nbsp;&nbsp;HAL_SD_WriteBlocks
</UL>

<P><STRONG><a name="[14]"></a>SysTick_Handler</STRONG> (Thumb, 12 bytes, Stack size 8 bytes, stm32f4xx_it.o(i.SysTick_Handler))
<BR><BR>[Stack]<UL><LI>Max Depth = 16<LI>Call Chain = SysTick_Handler &rArr; HAL_SYSTICK_IRQHandler
</UL>
<BR>[Calls]<UL><LI><a href="#[9c]">&gt;&gt;</a>&nbsp;&nbsp;&nbsp;HAL_SYSTICK_IRQHandler
<LI><a href="#[a0]">&gt;&gt;</a>&nbsp;&nbsp;&nbsp;HAL_IncTick
</UL>
<BR>[Address Reference Count : 1]<UL><LI> startup_stm32f411xe.o(RESET)
</UL>
<P><STRONG><a name="[4e]"></a>SystemInit</STRONG> (Thumb, 82 bytes, Stack size 0 bytes, system_stm32f4xx.o(i.SystemInit))
<BR>[Address Reference Count : 1]<UL><LI> startup_stm32f411xe.o(.text)
</UL>
<P><STRONG><a name="[55]"></a>USER_ioctl(unsigned char, void*)</STRONG> (Thumb, 6 bytes, Stack size 0 bytes, user_diskio.o(i._Z10USER_ioctlhPv))
<BR>[Address Reference Count : 1]<UL><LI> user_diskio.o(.data)
</UL>
<P><STRONG><a name="[54]"></a>USER_write(const unsigned char*, unsigned long, unsigned)</STRONG> (Thumb, 6 bytes, Stack size 0 bytes, user_diskio.o(i._Z10USER_writePKhmj))
<BR>[Address Reference Count : 1]<UL><LI> user_diskio.o(.data)
</UL>
<P><STRONG><a name="[52]"></a>USER_status()</STRONG> (Thumb, 22 bytes, Stack size 0 bytes, user_diskio.o(i._Z11USER_statusv))
<BR>[Address Reference Count : 1]<UL><LI> user_diskio.o(.data)
</UL>
<P><STRONG><a name="[56]"></a>SD_initialize()</STRONG> (Thumb, 32 bytes, Stack size 8 bytes, sd_diskio.o(i._Z13SD_initializev))
<BR><BR>[Stack]<UL><LI>Max Depth = 152<LI>Call Chain = SD_initialize() &rArr; BSP_SD_Init &rArr; HAL_SD_Init &rArr; SD_PowerON(SD_HandleTypeDef*) &rArr; SD_CmdResp1Error(SD_HandleTypeDef*, unsigned char) &rArr; SDIO_GetResponse
</UL>
<BR>[Calls]<UL><LI><a href="#[74]">&gt;&gt;</a>&nbsp;&nbsp;&nbsp;BSP_SD_Init
</UL>
<BR>[Address Reference Count : 1]<UL><LI> sd_diskio.o(.data)
</UL>
<P><STRONG><a name="[51]"></a>USER_initialize()</STRONG> (Thumb, 22 bytes, Stack size 0 bytes, user_diskio.o(i._Z15USER_initializev))
<BR>[Address Reference Count : 1]<UL><LI> user_diskio.o(.data)
</UL>
<P><STRONG><a name="[ad]"></a>SystemClock_Config()</STRONG> (Thumb, 130 bytes, Stack size 64 bytes, main.o(i._Z18SystemClock_Configv))
<BR><BR>[Stack]<UL><LI>Max Depth = 88<LI>Call Chain = SystemClock_Config() &rArr; HAL_SYSTICK_Config &rArr; NVIC_SetPriority(IRQn_Type, unsigned)
</UL>
<BR>[Calls]<UL><LI><a href="#[82]">&gt;&gt;</a>&nbsp;&nbsp;&nbsp;HAL_SYSTICK_Config
<LI><a href="#[ae]">&gt;&gt;</a>&nbsp;&nbsp;&nbsp;HAL_SYSTICK_CLKSourceConfig
<LI><a href="#[87]">&gt;&gt;</a>&nbsp;&nbsp;&nbsp;HAL_RCC_OscConfig
<LI><a href="#[81]">&gt;&gt;</a>&nbsp;&nbsp;&nbsp;HAL_RCC_GetHCLKFreq
</UL>
<BR>[Called By]<UL><LI><a href="#[67]">&gt;&gt;</a>&nbsp;&nbsp;&nbsp;main
</UL>

<P><STRONG><a name="[58]"></a>SD_read(unsigned char*, unsigned long, unsigned)</STRONG> (Thumb, 42 bytes, Stack size 32 bytes, sd_diskio.o(i._Z7SD_readPhmj))
<BR><BR>[Stack]<UL><LI>Max Depth = 232<LI>Call Chain = SD_read(unsigned char*, unsigned long, unsigned) &rArr; BSP_SD_ReadBlocks &rArr; HAL_SD_ReadBlocks &rArr; HAL_SD_StopTransfer &rArr; SD_CmdResp1Error(SD_HandleTypeDef*, unsigned char) &rArr; SDIO_GetResponse
</UL>
<BR>[Calls]<UL><LI><a href="#[77]">&gt;&gt;</a>&nbsp;&nbsp;&nbsp;BSP_SD_ReadBlocks
</UL>
<BR>[Address Reference Count : 1]<UL><LI> sd_diskio.o(.data)
</UL>
<P><STRONG><a name="[5a]"></a>SD_ioctl(unsigned char, void*)</STRONG> (Thumb, 116 bytes, Stack size 112 bytes, sd_diskio.o(i._Z8SD_ioctlhPv))
<BR><BR>[Stack]<UL><LI>Max Depth = 160<LI>Call Chain = SD_ioctl(unsigned char, void*) &rArr; __aeabi_uldivmod
</UL>
<BR>[Calls]<UL><LI><a href="#[70]">&gt;&gt;</a>&nbsp;&nbsp;&nbsp;BSP_SD_GetCardInfo
<LI><a href="#[8f]">&gt;&gt;</a>&nbsp;&nbsp;&nbsp;__aeabi_uldivmod
</UL>
<BR>[Address Reference Count : 1]<UL><LI> sd_diskio.o(.data)
</UL>
<P><STRONG><a name="[59]"></a>SD_write(const unsigned char*, unsigned long, unsigned)</STRONG> (Thumb, 42 bytes, Stack size 32 bytes, sd_diskio.o(i._Z8SD_writePKhmj))
<BR><BR>[Stack]<UL><LI>Max Depth = 240<LI>Call Chain = SD_write(const unsigned char*, unsigned long, unsigned) &rArr; BSP_SD_WriteBlocks &rArr; HAL_SD_WriteBlocks &rArr; HAL_SD_StopTransfer &rArr; SD_CmdResp1Error(SD_HandleTypeDef*, unsigned char) &rArr; SDIO_GetResponse
</UL>
<BR>[Calls]<UL><LI><a href="#[79]">&gt;&gt;</a>&nbsp;&nbsp;&nbsp;BSP_SD_WriteBlocks
</UL>
<BR>[Address Reference Count : 1]<UL><LI> sd_diskio.o(.data)
</UL>
<P><STRONG><a name="[57]"></a>SD_status()</STRONG> (Thumb, 32 bytes, Stack size 8 bytes, sd_diskio.o(i._Z9SD_statusv))
<BR><BR>[Stack]<UL><LI>Max Depth = 120<LI>Call Chain = SD_status() &rArr; BSP_SD_GetStatus &rArr; HAL_SD_GetStatus &rArr; SD_GetState(SD_HandleTypeDef*) &rArr; SD_SendStatus(SD_HandleTypeDef*, unsigned*) &rArr; SD_CmdResp1Error(SD_HandleTypeDef*, unsigned char) &rArr; SDIO_GetResponse
</UL>
<BR>[Calls]<UL><LI><a href="#[72]">&gt;&gt;</a>&nbsp;&nbsp;&nbsp;BSP_SD_GetStatus
</UL>
<BR>[Address Reference Count : 1]<UL><LI> sd_diskio.o(.data)
</UL>
<P><STRONG><a name="[53]"></a>USER_read(unsigned char*, unsigned long, unsigned)</STRONG> (Thumb, 6 bytes, Stack size 0 bytes, user_diskio.o(i._Z9USER_readPhmj))
<BR>[Address Reference Count : 1]<UL><LI> user_diskio.o(.data)
</UL>
<P><STRONG><a name="[50]"></a>DaqADS1298::setup()</STRONG> (Thumb, 132 bytes, Stack size 24 bytes, daqads1298.o(i._ZN10DaqADS12985setupEv))
<BR><BR>[Stack]<UL><LI>Max Depth = 112<LI>Call Chain = DaqADS1298::setup() &rArr; DaqADS1298::readReg(unsigned char) &rArr; HAL_SPI_TransmitReceive &rArr; SPI_WaitOnFlagUntilTimeout(__SPI_HandleTypeDef*, unsigned, FlagStatus, unsigned)
</UL>
<BR>[Calls]<UL><LI><a href="#[99]">&gt;&gt;</a>&nbsp;&nbsp;&nbsp;HAL_SPI_Transmit
<LI><a href="#[b1]">&gt;&gt;</a>&nbsp;&nbsp;&nbsp;HAL_GPIO_WritePin
<LI><a href="#[7b]">&gt;&gt;</a>&nbsp;&nbsp;&nbsp;HAL_Delay
<LI><a href="#[b2]">&gt;&gt;</a>&nbsp;&nbsp;&nbsp;DaqADS1298::writeReg(unsigned char, unsigned char)
<LI><a href="#[b3]">&gt;&gt;</a>&nbsp;&nbsp;&nbsp;DaqADS1298::readReg(unsigned char)
</UL>
<BR>[Called By]<UL><LI><a href="#[67]">&gt;&gt;</a>&nbsp;&nbsp;&nbsp;main
</UL>
<BR>[Address Reference Count : 1]<UL><LI> daqads1298.o(.constdata__ZTV10DaqADS1298)
</UL>
<P><STRONG><a name="[b3]"></a>DaqADS1298::readReg(unsigned char)</STRONG> (Thumb, 44 bytes, Stack size 24 bytes, daqads1298.o(i._ZN10DaqADS12987readRegEh))
<BR><BR>[Stack]<UL><LI>Max Depth = 88<LI>Call Chain = DaqADS1298::readReg(unsigned char) &rArr; HAL_SPI_TransmitReceive &rArr; SPI_WaitOnFlagUntilTimeout(__SPI_HandleTypeDef*, unsigned, FlagStatus, unsigned)
</UL>
<BR>[Calls]<UL><LI><a href="#[9b]">&gt;&gt;</a>&nbsp;&nbsp;&nbsp;HAL_SPI_TransmitReceive
</UL>
<BR>[Called By]<UL><LI><a href="#[50]">&gt;&gt;</a>&nbsp;&nbsp;&nbsp;DaqADS1298::setup()
</UL>

<P><STRONG><a name="[b2]"></a>DaqADS1298::writeReg(unsigned char, unsigned char)</STRONG> (Thumb, 72 bytes, Stack size 24 bytes, daqads1298.o(i._ZN10DaqADS12988writeRegEhh))
<BR><BR>[Stack]<UL><LI>Max Depth = 72<LI>Call Chain = DaqADS1298::writeReg(unsigned char, unsigned char) &rArr; HAL_SPI_Transmit &rArr; SPI_WaitOnFlagUntilTimeout(__SPI_HandleTypeDef*, unsigned, FlagStatus, unsigned)
</UL>
<BR>[Calls]<UL><LI><a href="#[99]">&gt;&gt;</a>&nbsp;&nbsp;&nbsp;HAL_SPI_Transmit
<LI><a href="#[7b]">&gt;&gt;</a>&nbsp;&nbsp;&nbsp;HAL_Delay
</UL>
<BR>[Called By]<UL><LI><a href="#[50]">&gt;&gt;</a>&nbsp;&nbsp;&nbsp;DaqADS1298::setup()
</UL>

<P><STRONG><a name="[b5]"></a>DaqADS1298::DaqADS1298()</STRONG> (Thumb, 130 bytes, Stack size 0 bytes, daqads1298.o(i._ZN10DaqADS1298C1Ev))
<BR><BR>[Called By]<UL><LI><a href="#[67]">&gt;&gt;</a>&nbsp;&nbsp;&nbsp;main
</UL>

<P><STRONG><a name="[df]"></a>DaqADS1298::DaqADS1298__sub_object()</STRONG> (Thumb, 0 bytes, Stack size 0 bytes, daqads1298.o(i._ZN10DaqADS1298C1Ev), UNUSED)

<P><STRONG><a name="[b6]"></a>Daq::setSpiHandle(__SPI_HandleTypeDef*)</STRONG> (Thumb, 4 bytes, Stack size 0 bytes, daq.o(i._ZN3Daq12setSpiHandleEP19__SPI_HandleTypeDef))
<BR><BR>[Called By]<UL><LI><a href="#[67]">&gt;&gt;</a>&nbsp;&nbsp;&nbsp;main
</UL>

<P><STRONG><a name="[67]"></a>main</STRONG> (Thumb, 58 bytes, Stack size 96 bytes, main.o(i.main))
<BR><BR>[Stack]<UL><LI>Max Depth = 208<LI>Call Chain = main &rArr; DaqADS1298::setup() &rArr; DaqADS1298::readReg(unsigned char) &rArr; HAL_SPI_TransmitReceive &rArr; SPI_WaitOnFlagUntilTimeout(__SPI_HandleTypeDef*, unsigned, FlagStatus, unsigned)
</UL>
<BR>[Calls]<UL><LI><a href="#[b6]">&gt;&gt;</a>&nbsp;&nbsp;&nbsp;Daq::setSpiHandle(__SPI_HandleTypeDef*)
<LI><a href="#[b5]">&gt;&gt;</a>&nbsp;&nbsp;&nbsp;DaqADS1298::DaqADS1298()
<LI><a href="#[50]">&gt;&gt;</a>&nbsp;&nbsp;&nbsp;DaqADS1298::setup()
<LI><a href="#[7d]">&gt;&gt;</a>&nbsp;&nbsp;&nbsp;HAL_Init
<LI><a href="#[ad]">&gt;&gt;</a>&nbsp;&nbsp;&nbsp;SystemClock_Config()
<LI><a href="#[b4]">&gt;&gt;</a>&nbsp;&nbsp;&nbsp;MX_SDIO_SD_Init()
<LI><a href="#[aa]">&gt;&gt;</a>&nbsp;&nbsp;&nbsp;MX_SPI3_Init()
<LI><a href="#[a9]">&gt;&gt;</a>&nbsp;&nbsp;&nbsp;MX_SPI2_Init()
<LI><a href="#[a8]">&gt;&gt;</a>&nbsp;&nbsp;&nbsp;MX_SPI1_Init()
<LI><a href="#[a7]">&gt;&gt;</a>&nbsp;&nbsp;&nbsp;MX_GPIO_Init()
<LI><a href="#[9e]">&gt;&gt;</a>&nbsp;&nbsp;&nbsp;MX_FATFS_Init
</UL>
<BR>[Called By]<UL><LI><a href="#[66]">&gt;&gt;</a>&nbsp;&nbsp;&nbsp;__rt_entry_main
</UL>

<P><STRONG><a name="[61]"></a>_fp_init</STRONG> (Thumb, 10 bytes, Stack size 0 bytes, fpinit.o(x$fpl$fpinit))
<BR><BR>[Called By]<UL><LI><a href="#[60]">&gt;&gt;</a>&nbsp;&nbsp;&nbsp;__rt_lib_init_fp_1
</UL>

<P><STRONG><a name="[e0]"></a>__fplib_config_fpu_vfp</STRONG> (Thumb, 0 bytes, Stack size unknown bytes, fpinit.o(x$fpl$fpinit), UNUSED)

<P><STRONG><a name="[e1]"></a>__fplib_config_pureend_doubles</STRONG> (Thumb, 0 bytes, Stack size unknown bytes, fpinit.o(x$fpl$fpinit), UNUSED)
<P>
<H3>
Local Symbols
</H3>
<P><STRONG><a name="[a7]"></a>MX_GPIO_Init()</STRONG> (Thumb, 168 bytes, Stack size 32 bytes, main.o(i._Z12MX_GPIO_Initv))
<BR><BR>[Stack]<UL><LI>Max Depth = 56<LI>Call Chain = MX_GPIO_Init() &rArr; HAL_GPIO_Init
</UL>
<BR>[Calls]<UL><LI><a href="#[8e]">&gt;&gt;</a>&nbsp;&nbsp;&nbsp;HAL_GPIO_Init
</UL>
<BR>[Called By]<UL><LI><a href="#[67]">&gt;&gt;</a>&nbsp;&nbsp;&nbsp;main
</UL>

<P><STRONG><a name="[a8]"></a>MX_SPI1_Init()</STRONG> (Thumb, 54 bytes, Stack size 8 bytes, main.o(i._Z12MX_SPI1_Initv))
<BR><BR>[Stack]<UL><LI>Max Depth = 72<LI>Call Chain = MX_SPI1_Init() &rArr; HAL_SPI_Init &rArr; HAL_SPI_MspInit &rArr; HAL_GPIO_Init
</UL>
<BR>[Calls]<UL><LI><a href="#[97]">&gt;&gt;</a>&nbsp;&nbsp;&nbsp;HAL_SPI_Init
</UL>
<BR>[Called By]<UL><LI><a href="#[67]">&gt;&gt;</a>&nbsp;&nbsp;&nbsp;main
</UL>

<P><STRONG><a name="[a9]"></a>MX_SPI2_Init()</STRONG> (Thumb, 52 bytes, Stack size 8 bytes, main.o(i._Z12MX_SPI2_Initv))
<BR><BR>[Stack]<UL><LI>Max Depth = 72<LI>Call Chain = MX_SPI2_Init() &rArr; HAL_SPI_Init &rArr; HAL_SPI_MspInit &rArr; HAL_GPIO_Init
</UL>
<BR>[Calls]<UL><LI><a href="#[97]">&gt;&gt;</a>&nbsp;&nbsp;&nbsp;HAL_SPI_Init
</UL>
<BR>[Called By]<UL><LI><a href="#[67]">&gt;&gt;</a>&nbsp;&nbsp;&nbsp;main
</UL>

<P><STRONG><a name="[aa]"></a>MX_SPI3_Init()</STRONG> (Thumb, 52 bytes, Stack size 8 bytes, main.o(i._Z12MX_SPI3_Initv))
<BR><BR>[Stack]<UL><LI>Max Depth = 72<LI>Call Chain = MX_SPI3_Init() &rArr; HAL_SPI_Init &rArr; HAL_SPI_MspInit &rArr; HAL_GPIO_Init
</UL>
<BR>[Calls]<UL><LI><a href="#[97]">&gt;&gt;</a>&nbsp;&nbsp;&nbsp;HAL_SPI_Init
</UL>
<BR>[Called By]<UL><LI><a href="#[67]">&gt;&gt;</a>&nbsp;&nbsp;&nbsp;main
</UL>

<P><STRONG><a name="[b4]"></a>MX_SDIO_SD_Init()</STRONG> (Thumb, 26 bytes, Stack size 0 bytes, main.o(i._Z15MX_SDIO_SD_Initv))
<BR><BR>[Called By]<UL><LI><a href="#[67]">&gt;&gt;</a>&nbsp;&nbsp;&nbsp;main
</UL>

<P><STRONG><a name="[85]"></a>NVIC_SetPriority(IRQn_Type, unsigned)</STRONG> (Thumb, 32 bytes, Stack size 8 bytes, stm32f4xx_hal_cortex.o(i._Z16NVIC_SetPriority9IRQn_Typej))
<BR><BR>[Stack]<UL><LI>Max Depth = 8<LI>Call Chain = NVIC_SetPriority(IRQn_Type, unsigned)
</UL>
<BR>[Called By]<UL><LI><a href="#[82]">&gt;&gt;</a>&nbsp;&nbsp;&nbsp;HAL_SYSTICK_Config
<LI><a href="#[83]">&gt;&gt;</a>&nbsp;&nbsp;&nbsp;HAL_NVIC_SetPriority
</UL>

<P><STRONG><a name="[84]"></a>NVIC_GetPriorityGrouping()</STRONG> (Thumb, 10 bytes, Stack size 0 bytes, stm32f4xx_hal_cortex.o(i._Z24NVIC_GetPriorityGroupingv))
<BR><BR>[Called By]<UL><LI><a href="#[83]">&gt;&gt;</a>&nbsp;&nbsp;&nbsp;HAL_NVIC_SetPriority
</UL>

<P><STRONG><a name="[8b]"></a>SD_PowerON(SD_HandleTypeDef*)</STRONG> (Thumb, 348 bytes, Stack size 48 bytes, stm32f4xx_hal_sd.o(i._Z10SD_PowerONP16SD_HandleTypeDef))
<BR><BR>[Stack]<UL><LI>Max Depth = 80<LI>Call Chain = SD_PowerON(SD_HandleTypeDef*) &rArr; SD_CmdResp1Error(SD_HandleTypeDef*, unsigned char) &rArr; SDIO_GetResponse
</UL>
<BR>[Calls]<UL><LI><a href="#[7b]">&gt;&gt;</a>&nbsp;&nbsp;&nbsp;HAL_Delay
<LI><a href="#[90]">&gt;&gt;</a>&nbsp;&nbsp;&nbsp;SDIO_SendCommand
<LI><a href="#[a1]">&gt;&gt;</a>&nbsp;&nbsp;&nbsp;SDIO_PowerState_ON
<LI><a href="#[a5]">&gt;&gt;</a>&nbsp;&nbsp;&nbsp;SDIO_GetResponse
<LI><a href="#[a3]">&gt;&gt;</a>&nbsp;&nbsp;&nbsp;SD_CmdResp7Error(SD_HandleTypeDef*)
<LI><a href="#[a4]">&gt;&gt;</a>&nbsp;&nbsp;&nbsp;SD_CmdResp3Error(SD_HandleTypeDef*)
<LI><a href="#[91]">&gt;&gt;</a>&nbsp;&nbsp;&nbsp;SD_CmdResp1Error(SD_HandleTypeDef*, unsigned char)
<LI><a href="#[a2]">&gt;&gt;</a>&nbsp;&nbsp;&nbsp;SD_CmdError(SD_HandleTypeDef*)
</UL>
<BR>[Called By]<UL><LI><a href="#[76]">&gt;&gt;</a>&nbsp;&nbsp;&nbsp;HAL_SD_Init
</UL>

<P><STRONG><a name="[a2]"></a>SD_CmdError(SD_HandleTypeDef*)</STRONG> (Thumb, 54 bytes, Stack size 12 bytes, stm32f4xx_hal_sd.o(i._Z11SD_CmdErrorP16SD_HandleTypeDef))
<BR><BR>[Stack]<UL><LI>Max Depth = 12<LI>Call Chain = SD_CmdError(SD_HandleTypeDef*)
</UL>
<BR>[Called By]<UL><LI><a href="#[8b]">&gt;&gt;</a>&nbsp;&nbsp;&nbsp;SD_PowerON(SD_HandleTypeDef*)
</UL>

<P><STRONG><a name="[88]"></a>SD_GetState(SD_HandleTypeDef*)</STRONG> (Thumb, 30 bytes, Stack size 16 bytes, stm32f4xx_hal_sd.o(i._Z11SD_GetStateP16SD_HandleTypeDef))
<BR><BR>[Stack]<UL><LI>Max Depth = 88<LI>Call Chain = SD_GetState(SD_HandleTypeDef*) &rArr; SD_SendStatus(SD_HandleTypeDef*, unsigned*) &rArr; SD_CmdResp1Error(SD_HandleTypeDef*, unsigned char) &rArr; SDIO_GetResponse
</UL>
<BR>[Calls]<UL><LI><a href="#[a6]">&gt;&gt;</a>&nbsp;&nbsp;&nbsp;SD_SendStatus(SD_HandleTypeDef*, unsigned*)
</UL>
<BR>[Called By]<UL><LI><a href="#[73]">&gt;&gt;</a>&nbsp;&nbsp;&nbsp;HAL_SD_GetStatus
</UL>

<P><STRONG><a name="[a6]"></a>SD_SendStatus(SD_HandleTypeDef*, unsigned*)</STRONG> (Thumb, 80 bytes, Stack size 40 bytes, stm32f4xx_hal_sd.o(i._Z13SD_SendStatusP16SD_HandleTypeDefPj))
<BR><BR>[Stack]<UL><LI>Max Depth = 72<LI>Call Chain = SD_SendStatus(SD_HandleTypeDef*, unsigned*) &rArr; SD_CmdResp1Error(SD_HandleTypeDef*, unsigned char) &rArr; SDIO_GetResponse
</UL>
<BR>[Calls]<UL><LI><a href="#[90]">&gt;&gt;</a>&nbsp;&nbsp;&nbsp;SDIO_SendCommand
<LI><a href="#[a5]">&gt;&gt;</a>&nbsp;&nbsp;&nbsp;SDIO_GetResponse
<LI><a href="#[91]">&gt;&gt;</a>&nbsp;&nbsp;&nbsp;SD_CmdResp1Error(SD_HandleTypeDef*, unsigned char)
</UL>
<BR>[Called By]<UL><LI><a href="#[88]">&gt;&gt;</a>&nbsp;&nbsp;&nbsp;SD_GetState(SD_HandleTypeDef*)
</UL>

<P><STRONG><a name="[91]"></a>SD_CmdResp1Error(SD_HandleTypeDef*, unsigned char)</STRONG> (Thumb, 380 bytes, Stack size 24 bytes, stm32f4xx_hal_sd.o(i._Z16SD_CmdResp1ErrorP16SD_HandleTypeDefh))
<BR><BR>[Stack]<UL><LI>Max Depth = 32<LI>Call Chain = SD_CmdResp1Error(SD_HandleTypeDef*, unsigned char) &rArr; SDIO_GetResponse
</UL>
<BR>[Calls]<UL><LI><a href="#[a5]">&gt;&gt;</a>&nbsp;&nbsp;&nbsp;SDIO_GetResponse
<LI><a href="#[ab]">&gt;&gt;</a>&nbsp;&nbsp;&nbsp;SDIO_GetCommandResponse
</UL>
<BR>[Called By]<UL><LI><a href="#[7a]">&gt;&gt;</a>&nbsp;&nbsp;&nbsp;HAL_SD_WriteBlocks
<LI><a href="#[78]">&gt;&gt;</a>&nbsp;&nbsp;&nbsp;HAL_SD_ReadBlocks
<LI><a href="#[94]">&gt;&gt;</a>&nbsp;&nbsp;&nbsp;HAL_SD_StopTransfer
<LI><a href="#[8d]">&gt;&gt;</a>&nbsp;&nbsp;&nbsp;SD_Select_Deselect(SD_HandleTypeDef*, unsigned long long)
<LI><a href="#[a6]">&gt;&gt;</a>&nbsp;&nbsp;&nbsp;SD_SendStatus(SD_HandleTypeDef*, unsigned*)
<LI><a href="#[8b]">&gt;&gt;</a>&nbsp;&nbsp;&nbsp;SD_PowerON(SD_HandleTypeDef*)
</UL>

<P><STRONG><a name="[b0]"></a>SD_CmdResp2Error(SD_HandleTypeDef*)</STRONG> (Thumb, 70 bytes, Stack size 0 bytes, stm32f4xx_hal_sd.o(i._Z16SD_CmdResp2ErrorP16SD_HandleTypeDef))
<BR><BR>[Called By]<UL><LI><a href="#[8c]">&gt;&gt;</a>&nbsp;&nbsp;&nbsp;SD_Initialize_Cards(SD_HandleTypeDef*)
</UL>

<P><STRONG><a name="[a4]"></a>SD_CmdResp3Error(SD_HandleTypeDef*)</STRONG> (Thumb, 50 bytes, Stack size 0 bytes, stm32f4xx_hal_sd.o(i._Z16SD_CmdResp3ErrorP16SD_HandleTypeDef))
<BR><BR>[Called By]<UL><LI><a href="#[8b]">&gt;&gt;</a>&nbsp;&nbsp;&nbsp;SD_PowerON(SD_HandleTypeDef*)
</UL>

<P><STRONG><a name="[ac]"></a>SD_CmdResp6Error(SD_HandleTypeDef*, unsigned char, unsigned short*)</STRONG> (Thumb, 172 bytes, Stack size 24 bytes, stm32f4xx_hal_sd.o(i._Z16SD_CmdResp6ErrorP16SD_HandleTypeDefhPt))
<BR><BR>[Stack]<UL><LI>Max Depth = 32<LI>Call Chain = SD_CmdResp6Error(SD_HandleTypeDef*, unsigned char, unsigned short*) &rArr; SDIO_GetResponse
</UL>
<BR>[Calls]<UL><LI><a href="#[a5]">&gt;&gt;</a>&nbsp;&nbsp;&nbsp;SDIO_GetResponse
<LI><a href="#[ab]">&gt;&gt;</a>&nbsp;&nbsp;&nbsp;SDIO_GetCommandResponse
</UL>
<BR>[Called By]<UL><LI><a href="#[8c]">&gt;&gt;</a>&nbsp;&nbsp;&nbsp;SD_Initialize_Cards(SD_HandleTypeDef*)
</UL>

<P><STRONG><a name="[a3]"></a>SD_CmdResp7Error(SD_HandleTypeDef*)</STRONG> (Thumb, 102 bytes, Stack size 12 bytes, stm32f4xx_hal_sd.o(i._Z16SD_CmdResp7ErrorP16SD_HandleTypeDef))
<BR><BR>[Stack]<UL><LI>Max Depth = 12<LI>Call Chain = SD_CmdResp7Error(SD_HandleTypeDef*)
</UL>
<BR>[Called By]<UL><LI><a href="#[8b]">&gt;&gt;</a>&nbsp;&nbsp;&nbsp;SD_PowerON(SD_HandleTypeDef*)
</UL>

<P><STRONG><a name="[8d]"></a>SD_Select_Deselect(SD_HandleTypeDef*, unsigned long long)</STRONG> (Thumb, 56 bytes, Stack size 40 bytes, stm32f4xx_hal_sd.o(i._Z18SD_Select_DeselectP16SD_HandleTypeDefy))
<BR><BR>[Stack]<UL><LI>Max Depth = 72<LI>Call Chain = SD_Select_Deselect(SD_HandleTypeDef*, unsigned long long) &rArr; SD_CmdResp1Error(SD_HandleTypeDef*, unsigned char) &rArr; SDIO_GetResponse
</UL>
<BR>[Calls]<UL><LI><a href="#[90]">&gt;&gt;</a>&nbsp;&nbsp;&nbsp;SDIO_SendCommand
<LI><a href="#[91]">&gt;&gt;</a>&nbsp;&nbsp;&nbsp;SD_CmdResp1Error(SD_HandleTypeDef*, unsigned char)
</UL>
<BR>[Called By]<UL><LI><a href="#[76]">&gt;&gt;</a>&nbsp;&nbsp;&nbsp;HAL_SD_Init
</UL>

<P><STRONG><a name="[8c]"></a>SD_Initialize_Cards(SD_HandleTypeDef*)</STRONG> (Thumb, 250 bytes, Stack size 40 bytes, stm32f4xx_hal_sd.o(i._Z19SD_Initialize_CardsP16SD_HandleTypeDef))
<BR><BR>[Stack]<UL><LI>Max Depth = 72<LI>Call Chain = SD_Initialize_Cards(SD_HandleTypeDef*) &rArr; SD_CmdResp6Error(SD_HandleTypeDef*, unsigned char, unsigned short*) &rArr; SDIO_GetResponse
</UL>
<BR>[Calls]<UL><LI><a href="#[90]">&gt;&gt;</a>&nbsp;&nbsp;&nbsp;SDIO_SendCommand
<LI><a href="#[a5]">&gt;&gt;</a>&nbsp;&nbsp;&nbsp;SDIO_GetResponse
<LI><a href="#[af]">&gt;&gt;</a>&nbsp;&nbsp;&nbsp;SDIO_GetPowerState
<LI><a href="#[ac]">&gt;&gt;</a>&nbsp;&nbsp;&nbsp;SD_CmdResp6Error(SD_HandleTypeDef*, unsigned char, unsigned short*)
<LI><a href="#[b0]">&gt;&gt;</a>&nbsp;&nbsp;&nbsp;SD_CmdResp2Error(SD_HandleTypeDef*)
</UL>
<BR>[Called By]<UL><LI><a href="#[76]">&gt;&gt;</a>&nbsp;&nbsp;&nbsp;HAL_SD_Init
</UL>

<P><STRONG><a name="[96]"></a>SD_IsCardProgramming(SD_HandleTypeDef*, unsigned char*)</STRONG> (Thumb, 464 bytes, Stack size 40 bytes, stm32f4xx_hal_sd.o(i._Z20SD_IsCardProgrammingP16SD_HandleTypeDefPh))
<BR><BR>[Stack]<UL><LI>Max Depth = 48<LI>Call Chain = SD_IsCardProgramming(SD_HandleTypeDef*, unsigned char*) &rArr; SDIO_SendCommand
</UL>
<BR>[Calls]<UL><LI><a href="#[90]">&gt;&gt;</a>&nbsp;&nbsp;&nbsp;SDIO_SendCommand
<LI><a href="#[a5]">&gt;&gt;</a>&nbsp;&nbsp;&nbsp;SDIO_GetResponse
<LI><a href="#[ab]">&gt;&gt;</a>&nbsp;&nbsp;&nbsp;SDIO_GetCommandResponse
</UL>
<BR>[Called By]<UL><LI><a href="#[7a]">&gt;&gt;</a>&nbsp;&nbsp;&nbsp;HAL_SD_WriteBlocks
</UL>

<P><STRONG><a name="[9a]"></a>SPI_WaitOnFlagUntilTimeout(__SPI_HandleTypeDef*, unsigned, FlagStatus, unsigned)</STRONG> (Thumb, 276 bytes, Stack size 24 bytes, stm32f4xx_hal_spi.o(i._Z26SPI_WaitOnFlagUntilTimeoutP19__SPI_HandleTypeDefj10FlagStatusj))
<BR><BR>[Stack]<UL><LI>Max Depth = 24<LI>Call Chain = SPI_WaitOnFlagUntilTimeout(__SPI_HandleTypeDef*, unsigned, FlagStatus, unsigned)
</UL>
<BR>[Calls]<UL><LI><a href="#[7c]">&gt;&gt;</a>&nbsp;&nbsp;&nbsp;HAL_GetTick
</UL>
<BR>[Called By]<UL><LI><a href="#[9b]">&gt;&gt;</a>&nbsp;&nbsp;&nbsp;HAL_SPI_TransmitReceive
<LI><a href="#[99]">&gt;&gt;</a>&nbsp;&nbsp;&nbsp;HAL_SPI_Transmit
</UL>
<P>
<H3>
Undefined Global Symbols
</H3><HR></body></html>
