<html>
<body>
<pre>
<h1>µVision Build Log</h1>
<h2>Tool Versions:</h2>
IDE-Version: µVision V5.15
Copyright (C) 2015 ARM Ltd and ARM Germany GmbH. All rights reserved.
License Information: . ., ., LIC=----
 
Tool Versions:
Toolchain:       MDK-Lite  Version: 5.15.0
Toolchain Path:  C:\Keil_v5\ARM\ARMCC\Bin
C Compiler:      Armcc.exe V5.05 update 2 (build 169)
Assembler:       Armasm.exe V5.05 update 2 (build 169)
Linker/Locator:  ArmLink.exe V5.05 update 2 (build 169)
Library Manager: ArmAr.exe V5.05 update 2 (build 169)
Hex Converter:   FromElf.exe V5.05 update 2 (build 169)
CPU DLL:         SARMCM3.DLL V5.15.0
Dialog DLL:      DCM.DLL V1.13.2.0
Target DLL:      STLink\ST-LINKIII-KEIL_SWO.dll V2.0.15.0_KEIL
Dialog DLL:      TCM.DLL V1.14.5.0
 
<h2>Project:</h2>
C:\Users\krakapwa\Documents\nucleoF411testSPI\nucleoF411\MDK-ARM\nucleoF411.uvprojx
Project File Date:  10/10/2015

<h2>Output:</h2>
*** Using Compiler 'V5.05 update 2 (build 169)', folder: 'C:\Keil_v5\ARM\ARMCC\Bin'
Build target 'nucleoF411 Configuration'
creating preprocessor file for fatfs.c...
creating preprocessor file for user_diskio.c...
creating preprocessor file for stm32f4xx_it.c...
creating preprocessor file for stm32f4xx_hal_msp.c...
creating preprocessor file for bsp_driver_sd.c...
creating preprocessor file for main.cpp...
creating preprocessor file for daq.cpp...
creating preprocessor file for daqADS1298.cpp...
creating preprocessor file for syscall.c...
creating preprocessor file for sd_diskio.c...
creating preprocessor file for ff.c...
creating preprocessor file for diskio.c...
creating preprocessor file for ff_gen_drv.c...
creating preprocessor file for ccsbcs.c...
creating preprocessor file for system_stm32f4xx.c...
creating preprocessor file for stm32f4xx_hal_dma.c...
creating preprocessor file for stm32f4xx_hal_cortex.c...
creating preprocessor file for stm32f4xx_hal_dma_ex.c...
creating preprocessor file for stm32f4xx_hal_sd.c...
creating preprocessor file for stm32f4xx_hal_pwr.c...
creating preprocessor file for stm32f4xx_hal_spi.c...
creating preprocessor file for stm32f4xx_hal_flash.c...
creating preprocessor file for stm32f4xx_ll_sdmmc.c...
creating preprocessor file for stm32f4xx_hal_rcc.c...
creating preprocessor file for stm32f4xx_hal.c...
creating preprocessor file for stm32f4xx_hal_gpio.c...
creating preprocessor file for stm32f4xx_hal_flash_ramfunc.c...
creating preprocessor file for stm32f4xx_hal_rcc_ex.c...
creating preprocessor file for stm32f4xx_hal_pwr_ex.c...
creating preprocessor file for stm32f4xx_hal_flash_ex.c...
linking...
Program Size: Code=11222 RO-data=498 RW-data=76 ZI-data=2100  
".\nucleoF411.axf" - 0 Error(s), 0 Warning(s).

<h2>Collection of Component include folders:</h2>
  C:\Users\krakapwa\Documents\nucleoF411testSPI\nucleoF411\MDK-ARM\RTE
  C:\Keil_v5\ARM\PACK\Keil\STM32F4xx_DFP\2.5.0\Drivers\CMSIS\Device\ST\STM32F4xx\Include

<h2>Collection of Component Files used:</h2>
</pre>
</body>
</html>
